Archive member included to satisfy reference by file (symbol)

d:/enviro~1/gcc-ar~1/102021~1.10/bin/../lib/gcc/arm-none-eabi/10.3.1/thumb/v7-m/nofp\libgcc.a(_arm_muldf3.o)
                              CMakeFiles/EE_code.elf.dir/Core/BSP/motor.c.obj (__aeabi_dmul)
d:/enviro~1/gcc-ar~1/102021~1.10/bin/../lib/gcc/arm-none-eabi/10.3.1/thumb/v7-m/nofp\libgcc.a(_arm_mulsf3.o)
                              CMakeFiles/EE_code.elf.dir/Core/BSP/encoder.c.obj (__aeabi_fmul)
d:/enviro~1/gcc-ar~1/102021~1.10/bin/../lib/gcc/arm-none-eabi/10.3.1/thumb/v7-m/nofp\libgcc.a(_arm_addsubdf3.o)
                              CMakeFiles/EE_code.elf.dir/Core/BSP/motor.c.obj (__aeabi_dsub)
d:/enviro~1/gcc-ar~1/102021~1.10/bin/../lib/gcc/arm-none-eabi/10.3.1/thumb/v7-m/nofp\libgcc.a(_arm_muldivdf3.o)
                              CMakeFiles/EE_code.elf.dir/Core/BSP/encoder.c.obj (__aeabi_ddiv)
d:/enviro~1/gcc-ar~1/102021~1.10/bin/../lib/gcc/arm-none-eabi/10.3.1/thumb/v7-m/nofp\libgcc.a(_arm_truncdfsf2.o)
                              CMakeFiles/EE_code.elf.dir/Core/BSP/encoder.c.obj (__aeabi_d2f)
d:/enviro~1/gcc-ar~1/102021~1.10/bin/../lib/gcc/arm-none-eabi/10.3.1/thumb/v7-m/nofp\libgcc.a(_arm_addsubsf3.o)
                              CMakeFiles/EE_code.elf.dir/Core/BSP/motor.c.obj (__aeabi_fsub)
d:/enviro~1/gcc-ar~1/102021~1.10/bin/../lib/gcc/arm-none-eabi/10.3.1/thumb/v7-m/nofp\libgcc.a(_arm_muldivsf3.o)
                              CMakeFiles/EE_code.elf.dir/Core/BSP/motor.c.obj (__aeabi_fdiv)
d:/enviro~1/gcc-ar~1/102021~1.10/bin/../lib/gcc/arm-none-eabi/10.3.1/thumb/v7-m/nofp\libgcc.a(_arm_cmpsf2.o)
                              CMakeFiles/EE_code.elf.dir/Core/BSP/pid.c.obj (__aeabi_fcmpeq)
d:/enviro~1/gcc-ar~1/102021~1.10/bin/../lib/gcc/arm-none-eabi/10.3.1/thumb/v7-m/nofp\libgcc.a(_arm_fixsfsi.o)
                              CMakeFiles/EE_code.elf.dir/Core/BSP/debugc.c.obj (__aeabi_f2iz)
d:/enviro~1/gcc-ar~1/102021~1.10/bin/../lib/gcc/arm-none-eabi/10.3.1/thumb/v7-m/nofp\libgcc.a(_arm_fixunssfsi.o)
                              CMakeFiles/EE_code.elf.dir/Core/BSP/encoder.c.obj (__aeabi_f2uiz)
d:/enviro~1/gcc-ar~1/102021~1.10/bin/../lib/gcc/arm-none-eabi/10.3.1/../../../../arm-none-eabi/lib/thumb/v7-m/nofp\libg.a(lib_a-errno.o)
                              CMakeFiles/EE_code.elf.dir/Core/Src/syscalls.c.obj (__errno)
d:/enviro~1/gcc-ar~1/102021~1.10/bin/../lib/gcc/arm-none-eabi/10.3.1/../../../../arm-none-eabi/lib/thumb/v7-m/nofp\libg.a(lib_a-exit.o)
                              d:/enviro~1/gcc-ar~1/102021~1.10/bin/../lib/gcc/arm-none-eabi/10.3.1/../../../../arm-none-eabi/lib/thumb/v7-m/nofp/crt0.o (exit)
d:/enviro~1/gcc-ar~1/102021~1.10/bin/../lib/gcc/arm-none-eabi/10.3.1/../../../../arm-none-eabi/lib/thumb/v7-m/nofp\libg.a(lib_a-impure.o)
                              d:/enviro~1/gcc-ar~1/102021~1.10/bin/../lib/gcc/arm-none-eabi/10.3.1/../../../../arm-none-eabi/lib/thumb/v7-m/nofp\libg.a(lib_a-exit.o) (_global_impure_ptr)
d:/enviro~1/gcc-ar~1/102021~1.10/bin/../lib/gcc/arm-none-eabi/10.3.1/../../../../arm-none-eabi/lib/thumb/v7-m/nofp\libg.a(lib_a-init.o)
                              d:/enviro~1/gcc-ar~1/102021~1.10/bin/../lib/gcc/arm-none-eabi/10.3.1/../../../../arm-none-eabi/lib/thumb/v7-m/nofp/crt0.o (__libc_init_array)
d:/enviro~1/gcc-ar~1/102021~1.10/bin/../lib/gcc/arm-none-eabi/10.3.1/../../../../arm-none-eabi/lib/thumb/v7-m/nofp\libg.a(lib_a-memset.o)
                              d:/enviro~1/gcc-ar~1/102021~1.10/bin/../lib/gcc/arm-none-eabi/10.3.1/../../../../arm-none-eabi/lib/thumb/v7-m/nofp/crt0.o (memset)
d:/enviro~1/gcc-ar~1/102021~1.10/bin/../lib/gcc/arm-none-eabi/10.3.1/../../../../arm-none-eabi/lib/thumb/v7-m/nofp\libg.a(lib_a-strtod.o)
                              CMakeFiles/EE_code.elf.dir/Core/BSP/debugc.c.obj (strtof)
d:/enviro~1/gcc-ar~1/102021~1.10/bin/../lib/gcc/arm-none-eabi/10.3.1/../../../../arm-none-eabi/lib/thumb/v7-m/nofp\libg.a(lib_a-vsnprintf.o)
                              CMakeFiles/EE_code.elf.dir/Core/BSP/debugc.c.obj (vsnprintf)
d:/enviro~1/gcc-ar~1/102021~1.10/bin/../lib/gcc/arm-none-eabi/10.3.1/../../../../arm-none-eabi/lib/thumb/v7-m/nofp\libg.a(lib_a-__call_atexit.o)
                              d:/enviro~1/gcc-ar~1/102021~1.10/bin/../lib/gcc/arm-none-eabi/10.3.1/../../../../arm-none-eabi/lib/thumb/v7-m/nofp\libg.a(lib_a-exit.o) (__call_exitprocs)
d:/enviro~1/gcc-ar~1/102021~1.10/bin/../lib/gcc/arm-none-eabi/10.3.1/../../../../arm-none-eabi/lib/thumb/v7-m/nofp\libg.a(lib_a-atexit.o)
                              d:/enviro~1/gcc-ar~1/102021~1.10/bin/../lib/gcc/arm-none-eabi/10.3.1/../../../../arm-none-eabi/lib/thumb/v7-m/nofp\libg.a(lib_a-__call_atexit.o) (atexit)
d:/enviro~1/gcc-ar~1/102021~1.10/bin/../lib/gcc/arm-none-eabi/10.3.1/../../../../arm-none-eabi/lib/thumb/v7-m/nofp\libg.a(lib_a-fini.o)
[...]
Memory Configuration

Name             Origin             Length             Attributes
RAM              0x20000000         0x00005000         xrw
FLASH            0x08000000         0x00010000         xr
*default*        0x00000000         0xffffffff

Linker script and memory map

LOAD d:/enviro~1/gcc-ar~1/102021~1.10/bin/../lib/gcc/arm-none-eabi/10.3.1/thumb/v7-m/nofp/crti.o
LOAD d:/enviro~1/gcc-ar~1/102021~1.10/bin/../lib/gcc/arm-none-eabi/10.3.1/thumb/v7-m/nofp/crtbegin.o
LOAD d:/enviro~1/gcc-ar~1/102021~1.10/bin/../lib/gcc/arm-none-eabi/10.3.1/../../../../arm-none-eabi/lib/thumb/v7-m/nofp/crt0.o
LOAD CMakeFiles/EE_code.elf.dir/Core/BSP/LED_BEEP.c.obj
LOAD CMakeFiles/EE_code.elf.dir/Core/BSP/debugc.c.obj
LOAD CMakeFiles/EE_code.elf.dir/Core/BSP/encoder.c.obj
LOAD CMakeFiles/EE_code.elf.dir/Core/BSP/motor.c.obj
LOAD CMakeFiles/EE_code.elf.dir/Core/BSP/mp3.c.obj
LOAD CMakeFiles/EE_code.elf.dir/Core/BSP/openmv.c.obj
LOAD CMakeFiles/EE_code.elf.dir/Core/BSP/pid.c.obj
LOAD CMakeFiles/EE_code.elf.dir/Core/BSP/tof.c.obj
LOAD CMakeFiles/EE_code.elf.dir/Core/BSP/tof_usart.c.obj
LOAD CMakeFiles/EE_code.elf.dir/Core/Src/dma.c.obj
LOAD CMakeFiles/EE_code.elf.dir/Core/Src/gpio.c.obj
LOAD CMakeFiles/EE_code.elf.dir/Core/Src/main.c.obj
LOAD CMakeFiles/EE_code.elf.dir/Core/Src/stm32f1xx_hal_msp.c.obj
LOAD CMakeFiles/EE_code.elf.dir/Core/Src/stm32f1xx_it.c.obj
LOAD CMakeFiles/EE_code.elf.dir/Core/Src/syscalls.c.obj
LOAD CMakeFiles/EE_code.elf.dir/Core/Src/sysmem.c.obj
LOAD CMakeFiles/EE_code.elf.dir/Core/Src/system_stm32f1xx.c.obj
LOAD CMakeFiles/EE_code.elf.dir/Core/Src/tim.c.obj
LOAD CMakeFiles/EE_code.elf.dir/Core/Src/usart.c.obj
LOAD CMakeFiles/EE_code.elf.dir/Core/Startup/startup_stm32f103c8tx.s.obj
LOAD CMakeFiles/EE_code.elf.dir/Drivers/STM32F1xx_HAL_Driver/Src/stm32f1xx_hal.c.obj
LOAD CMakeFiles/EE_code.elf.dir/Drivers/STM32F1xx_HAL_Driver/Src/stm32f1xx_hal_cortex.c.obj
LOAD CMakeFiles/EE_code.elf.dir/Drivers/STM32F1xx_HAL_Driver/Src/stm32f1xx_hal_dma.c.obj
LOAD CMakeFiles/EE_code.elf.dir/Drivers/STM32F1xx_HAL_Driver/Src/stm32f1xx_hal_exti.c.obj
LOAD CMakeFiles/EE_code.elf.dir/Drivers/STM32F1xx_HAL_Driver/Src/stm32f1xx_hal_flash.c.obj
LOAD CMakeFiles/EE_code.elf.dir/Drivers/STM32F1xx_HAL_Driver/Src/stm32f1xx_hal_flash_ex.c.obj
LOAD CMakeFiles/EE_code.elf.dir/Drivers/STM32F1xx_HAL_Driver/Src/stm32f1xx_hal_gpio.c.obj
LOAD CMakeFiles/EE_code.elf.dir/Drivers/STM32F1xx_HAL_Driver/Src/stm32f1xx_hal_gpio_ex.c.obj
LOAD CMakeFiles/EE_code.elf.dir/Drivers/STM32F1xx_HAL_Driver/Src/stm32f1xx_hal_pwr.c.obj
LOAD CMakeFiles/EE_code.elf.dir/Drivers/STM32F1xx_HAL_Driver/Src/stm32f1xx_hal_rcc.c.obj
LOAD CMakeFiles/EE_code.elf.dir/Drivers/STM32F1xx_HAL_Driver/Src/stm32f1xx_hal_rcc_ex.c.obj
LOAD CMakeFiles/EE_code.elf.dir/Drivers/STM32F1xx_HAL_Driver/Src/stm32f1xx_hal_tim.c.obj
LOAD CMakeFiles/EE_code.elf.dir/Drivers/STM32F1xx_HAL_Driver/Src/stm32f1xx_hal_tim_ex.c.obj
LOAD CMakeFiles/EE_code.elf.dir/Drivers/STM32F1xx_HAL_Driver/Src/stm32f1xx_hal_uart.c.obj
START GROUP
LOAD d:/enviro~1/gcc-ar~1/102021~1.10/bin/../lib/gcc/arm-none-eabi/10.3.1/thumb/v7-m/nofp\libgcc.a
LOAD d:/enviro~1/gcc-ar~1/102021~1.10/bin/../lib/gcc/arm-none-eabi/10.3.1/../../../../arm-none-eabi/lib/thumb/v7-m/nofp\libg.a
LOAD d:/enviro~1/gcc-ar~1/102021~1.10/bin/../lib/gcc/arm-none-eabi/10.3.1/../../../../arm-none-eabi/lib/thumb/v7-m/nofp\libc.a
END GROUP
LOAD d:/enviro~1/gcc-ar~1/102021~1.10/bin/../lib/gcc/arm-none-eabi/10.3.1/thumb/v7-m/nofp/crtend.o
LOAD d:/enviro~1/gcc-ar~1/102021~1.10/bin/../lib/gcc/arm-none-eabi/10.3.1/thumb/v7-m/nofp/crtn.o
                0x20005000                _estack = (ORIGIN (RAM) + LENGTH (RAM))
                0x00000200                _Min_Heap_Size = 0x200
                0x00000400                _Min_Stack_Size = 0x400

.isr_vector     0x08000000      0x10c
                0x08000000                . = ALIGN (0x4)
 *(.isr_vector)
 .isr_vector    0x08000000      0x10c CMakeFiles/EE_code.elf.dir/Core/Startup/startup_stm32f103c8tx.s.obj
                0x08000000                g_pfnVectors
                0x0800010c                . = ALIGN (0x4)

.text           0x08000110     0x4418
                0x08000110                . = ALIGN (0x4)
 *(.text)
 .text          0x08000110       0x40 d:/enviro~1/gcc-ar~1/102021~1.10/bin/../lib/gcc/arm-none-eabi/10.3.1/thumb/v7-m/nofp/crtbegin.o
 .text          0x08000150      0x378 d:/enviro~1/gcc-ar~1/102021~1.10/bin/../lib/gcc/arm-none-eabi/10.3.1/thumb/v7-m/nofp\libgcc.a(_arm_addsubdf3.o)
                0x08000150                __aeabi_drsub
                0x08000158                __aeabi_dsub
                0x08000158                __subdf3
                0x0800015c                __aeabi_dadd
                0x0800015c                __adddf3
                0x080003d4                __floatunsidf
                0x080003d4                __aeabi_ui2d
                0x080003f4                __floatsidf
                0x080003f4                __aeabi_i2d
                0x08000418                __aeabi_f2d
                0x08000418                __extendsfdf2
                0x0800045c                __floatundidf
                0x0800045c                __aeabi_ul2d
                0x0800046c                __floatdidf
                0x0800046c                __aeabi_l2d
 .text          0x080004c8      0x424 d:/enviro~1/gcc-ar~1/102021~1.10/bin/../lib/gcc/arm-none-eabi/10.3.1/thumb/v7-m/nofp\libgcc.a(_arm_muldivdf3.o)
                0x080004c8                __aeabi_dmul
                0x080004c8                __muldf3
                0x0800071c                __divdf3
                0x0800071c                __aeabi_ddiv
 .text          0x080008ec       0xa0 d:/enviro~1/gcc-ar~1/102021~1.10/bin/../lib/gcc/arm-none-eabi/10.3.1/thumb/v7-m/nofp\libgcc.a(_arm_truncdfsf2.o)
                0x080008ec                __truncdfsf2
                0x080008ec                __aeabi_d2f
 .text          0x0800098c      0x21c d:/enviro~1/gcc-ar~1/102021~1.10/bin/../lib/gcc/arm-none-eabi/10.3.1/thumb/v7-m/nofp\libgcc.a(_arm_addsubsf3.o)
                0x0800098c                __aeabi_frsub
                0x08000994                __subsf3
                0x08000994                __aeabi_fsub
                0x08000998                __aeabi_fadd
                0x08000998                __addsf3
                0x08000af8                __aeabi_ui2f
                0x08000af8                __floatunsisf
                0x08000b00                __aeabi_i2f
                0x08000b00                __floatsisf
                0x08000b1c                __aeabi_ul2f
                0x08000b1c                __floatundisf
                0x08000b2c                __aeabi_l2f
                0x08000b2c                __floatdisf
 .text          0x08000ba8      0x2a0 d:/enviro~1/gcc-ar~1/102021~1.10/bin/../lib/gcc/arm-none-eabi/10.3.1/thumb/v7-m/nofp\libgcc.a(_arm_muldivsf3.o)
                0x08000ba8                __mulsf3
                0x08000ba8                __aeabi_fmul
                0x08000d10                __aeabi_fdiv
                0x08000d10                __divsf3
 .text          0x08000e48       0xec d:/enviro~1/gcc-ar~1/102021~1.10/bin/../lib/gcc/arm-none-eabi/10.3.1/thumb/v7-m/nofp\libgcc.a(_arm_cmpsf2.o)
                0x08000e48                __gesf2
                0x08000e48                __gtsf2
                0x08000e50                __lesf2
                0x08000e50                __ltsf2
                0x08000e58                __nesf2
                0x08000e58                __eqsf2
                0x08000e58                __cmpsf2
                0x08000eb8                __aeabi_cfrcmple
                0x08000ec0                __aeabi_cfcmpeq
                0x08000ec0                __aeabi_cfcmple
                0x08000ed0                __aeabi_fcmpeq
                0x08000ee4                __aeabi_fcmplt
                0x08000ef8                __aeabi_fcmple
                0x08000f0c                __aeabi_fcmpge
                0x08000f20                __aeabi_fcmpgt
 .text          0x08000f34       0x4c d:/enviro~1/gcc-ar~1/102021~1.10/bin/../lib/gcc/arm-none-eabi/10.3.1/thumb/v7-m/nofp\libgcc.a(_arm_fixsfsi.o)
                0x08000f34                __aeabi_f2iz
                0x08000f34                __fixsfsi
 .text          0x08000f80       0x40 d:/enviro~1/gcc-ar~1/102021~1.10/bin/../lib/gcc/arm-none-eabi/10.3.1/thumb/v7-m/nofp\libgcc.a(_arm_fixunssfsi.o)
                0x08000f80                __fixunssfsi
                0x08000f80                __aeabi_f2uiz
 *(.text*)
 .text.tb_LED_start
                0x08000fc0       0x20 CMakeFiles/EE_code.elf.dir/Core/BSP/LED_BEEP.c.obj
                0x08000fc0                tb_LED_start
 .text.tb_stop  0x08000fe0       0x20 CMakeFiles/EE_code.elf.dir/Core/BSP/LED_BEEP.c.obj
                0x08000fe0                tb_stop
 .text.tb_BEEP_start
                0x08001000        0x2 CMakeFiles/EE_code.elf.dir/Core/BSP/LED_BEEP.c.obj
                0x08001000                tb_BEEP_start
 *fill*         0x08001002        0x2 
 .text.TIM_StartEncorder
                0x08001004       0xe4 CMakeFiles/EE_code.elf.dir/Core/BSP/encoder.c.obj
                0x08001004                TIM_StartEncorder
 .text.TIM_GetEncorder
                0x080010e8       0xdc CMakeFiles/EE_code.elf.dir/Core/BSP/encoder.c.obj
                0x080010e8                TIM_GetEncorder
 *fill*         0x080011c4        0x4 
 .text.Motor_StateUpdate
                0x080011c8       0x2c CMakeFiles/EE_code.elf.dir/Core/BSP/encoder.c.obj
                0x080011c8                Motor_StateUpdate
 .text.PID_Init
                0x080011f4       0x50 CMakeFiles/EE_code.elf.dir/Core/BSP/encoder.c.obj
                0x080011f4                PID_Init
 .text.encoder_Init
                0x08001244        0xc CMakeFiles/EE_code.elf.dir/Core/BSP/encoder.c.obj
                0x08001244                encoder_Init
 .text.Motor_SpeedC_F
                0x08001250       0xf0 CMakeFiles/EE_code.elf.dir/Core/BSP/encoder.c.obj
                0x08001250                Motor_SpeedC_F
 .text.Motor_SpeedC_BL
                0x08001340       0xf0 CMakeFiles/EE_code.elf.dir/Core/BSP/encoder.c.obj
                0x08001340                Motor_SpeedC_BL
 .text.Motor_SpeedC_BR
                0x08001430       0xf0 CMakeFiles/EE_code.elf.dir/Core/BSP/encoder.c.obj
                0x08001430                Motor_SpeedC_BR
 .text.HAL_TIM_PeriodElapsedCallback
                0x08001520       0x1c CMakeFiles/EE_code.elf.dir/Core/BSP/encoder.c.obj
                0x08001520                HAL_TIM_PeriodElapsedCallback
 .text.motor_Init
                0x0800153c       0xa0 CMakeFiles/EE_code.elf.dir/Core/BSP/motor.c.obj
                0x0800153c                motor_Init
 *fill*         0x080015dc        0x4 
 .text.update_Des
                0x080015e0       0x38 CMakeFiles/EE_code.elf.dir/Core/BSP/motor.c.obj
                0x080015e0                update_Des
 .text.CAR_spin
                0x08001618       0x54 CMakeFiles/EE_code.elf.dir/Core/BSP/motor.c.obj
                0x08001618                CAR_spin
 .text.CAR_longitudinal
                0x0800166c       0x5c CMakeFiles/EE_code.elf.dir/Core/BSP/motor.c.obj
                0x0800166c                CAR_longitudinal
 .text.CAR_transverse
                0x080016c8       0x70 CMakeFiles/EE_code.elf.dir/Core/BSP/motor.c.obj
                0x080016c8                CAR_transverse
 .text.motor_secondstage_control
                0x08001738      0x230 CMakeFiles/EE_code.elf.dir/Core/BSP/motor.c.obj
                0x08001738                motor_secondstage_control
 .text.motor_thirdstage_control
                0x08001968       0xd8 CMakeFiles/EE_code.elf.dir/Core/BSP/motor.c.obj
                0x08001968                motor_thirdstage_control
 .text.openmv_Init
                0x08001a40       0x18 CMakeFiles/EE_code.elf.dir/Core/BSP/openmv.c.obj
                0x08001a40                openmv_Init
 .text.Openmv_Receive_Data
                0x08001a58      0x13c CMakeFiles/EE_code.elf.dir/Core/BSP/openmv.c.obj
                0x08001a58                Openmv_Receive_Data
 .text.HAL_UART_RxCpltCallback
                0x08001b94       0x58 CMakeFiles/EE_code.elf.dir/Core/BSP/openmv.c.obj
                0x08001b94                HAL_UART_RxCpltCallback
 .text.PID_Update
                0x08001bec       0x60 CMakeFiles/EE_code.elf.dir/Core/BSP/pid.c.obj
                0x08001bec                PID_Update
 .text.PID_GetPositionPID
                0x08001c4c       0x9c CMakeFiles/EE_code.elf.dir/Core/BSP/pid.c.obj
                0x08001c4c                PID_GetPositionPID
 .text.PID_SpeedParamInit
                0x08001ce8       0x58 CMakeFiles/EE_code.elf.dir/Core/BSP/pid.c.obj
                0x08001ce8                PID_SpeedParamInit
 .text.TOF_UartInit
                0x08001d40       0x18 CMakeFiles/EE_code.elf.dir/Core/BSP/tof.c.obj
                0x08001d40                TOF_UartInit
 .text.tof_Receive_Data
                0x08001d58      0x188 CMakeFiles/EE_code.elf.dir/Core/BSP/tof.c.obj
                0x08001d58                tof_Receive_Data
 .text.MX_DMA_Init
                0x08001ee0       0x64 CMakeFiles/EE_code.elf.dir/Core/Src/dma.c.obj
                0x08001ee0                MX_DMA_Init
 .text.MX_GPIO_Init
                0x08001f44       0xe0 CMakeFiles/EE_code.elf.dir/Core/Src/gpio.c.obj
                0x08001f44                MX_GPIO_Init
 .text.Error_Handler
                0x08002024        0x4 CMakeFiles/EE_code.elf.dir/Core/Src/main.c.obj
                0x08002024                Error_Handler
 .text.SystemClock_Config
                0x08002028       0x64 CMakeFiles/EE_code.elf.dir/Core/Src/main.c.obj
                0x08002028                SystemClock_Config
 .text.main     0x0800208c       0x64 CMakeFiles/EE_code.elf.dir/Core/Src/main.c.obj
                0x0800208c                main
 .text.HAL_MspInit
                0x080020f0       0x44 CMakeFiles/EE_code.elf.dir/Core/Src/stm32f1xx_hal_msp.c.obj
                0x080020f0                HAL_MspInit
 .text.NMI_Handler
                0x08002134        0x2 CMakeFiles/EE_code.elf.dir/Core/Src/stm32f1xx_it.c.obj
                0x08002134                NMI_Handler
 .text.HardFault_Handler
                0x08002136        0x2 CMakeFiles/EE_code.elf.dir/Core/Src/stm32f1xx_it.c.obj
                0x08002136                HardFault_Handler
 .text.MemManage_Handler
                0x08002138        0x2 CMakeFiles/EE_code.elf.dir/Core/Src/stm32f1xx_it.c.obj
                0x08002138                MemManage_Handler
 .text.BusFault_Handler
                0x0800213a        0x2 CMakeFiles/EE_code.elf.dir/Core/Src/stm32f1xx_it.c.obj
                0x0800213a                BusFault_Handler
 .text.UsageFault_Handler
                0x0800213c        0x2 CMakeFiles/EE_code.elf.dir/Core/Src/stm32f1xx_it.c.obj
                0x0800213c                UsageFault_Handler
 .text.SVC_Handler
                0x0800213e        0x2 CMakeFiles/EE_code.elf.dir/Core/Src/stm32f1xx_it.c.obj
                0x0800213e                SVC_Handler
 .text.DebugMon_Handler
                0x08002140        0x2 CMakeFiles/EE_code.elf.dir/Core/Src/stm32f1xx_it.c.obj
                0x08002140                DebugMon_Handler
 .text.PendSV_Handler
                0x08002142        0x2 CMakeFiles/EE_code.elf.dir/Core/Src/stm32f1xx_it.c.obj
                0x08002142                PendSV_Handler
 .text.SysTick_Handler
                0x08002144        0x8 CMakeFiles/EE_code.elf.dir/Core/Src/stm32f1xx_it.c.obj
                0x08002144                SysTick_Handler
 .text.DMA1_Channel2_IRQHandler
                0x0800214c       0x10 CMakeFiles/EE_code.elf.dir/Core/Src/stm32f1xx_it.c.obj
                0x0800214c                DMA1_Channel2_IRQHandler
 .text.DMA1_Channel3_IRQHandler
                0x0800215c       0x10 CMakeFiles/EE_code.elf.dir/Core/Src/stm32f1xx_it.c.obj
                0x0800215c                DMA1_Channel3_IRQHandler
 .text.DMA1_Channel6_IRQHandler
                0x0800216c       0x10 CMakeFiles/EE_code.elf.dir/Core/Src/stm32f1xx_it.c.obj
                0x0800216c                DMA1_Channel6_IRQHandler
 .text.DMA1_Channel7_IRQHandler
                0x0800217c       0x10 CMakeFiles/EE_code.elf.dir/Core/Src/stm32f1xx_it.c.obj
                0x0800217c                DMA1_Channel7_IRQHandler
 .text.TIM2_IRQHandler
                0x0800218c       0x10 CMakeFiles/EE_code.elf.dir/Core/Src/stm32f1xx_it.c.obj
                0x0800218c                TIM2_IRQHandler
 .text.TIM3_IRQHandler
                0x0800219c       0x10 CMakeFiles/EE_code.elf.dir/Core/Src/stm32f1xx_it.c.obj
                0x0800219c                TIM3_IRQHandler
 .text.TIM4_IRQHandler
                0x080021ac       0x10 CMakeFiles/EE_code.elf.dir/Core/Src/stm32f1xx_it.c.obj
                0x080021ac                TIM4_IRQHandler
 .text.USART2_IRQHandler
                0x080021bc       0x10 CMakeFiles/EE_code.elf.dir/Core/Src/stm32f1xx_it.c.obj
                0x080021bc                USART2_IRQHandler
 .text.USART3_IRQHandler
                0x080021cc       0x10 CMakeFiles/EE_code.elf.dir/Core/Src/stm32f1xx_it.c.obj
                0x080021cc                USART3_IRQHandler
 .text.SystemInit
                0x080021dc        0x2 CMakeFiles/EE_code.elf.dir/Core/Src/system_stm32f1xx.c.obj
                0x080021dc                SystemInit
 *fill*         0x080021de        0x2 
 .text.MX_TIM1_Init
                0x080021e0       0x68 CMakeFiles/EE_code.elf.dir/Core/Src/tim.c.obj
                0x080021e0                MX_TIM1_Init
 .text.MX_TIM2_Init
                0x08002248       0x64 CMakeFiles/EE_code.elf.dir/Core/Src/tim.c.obj
                0x08002248                MX_TIM2_Init
 .text.MX_TIM3_Init
                0x080022ac       0x68 CMakeFiles/EE_code.elf.dir/Core/Src/tim.c.obj
                0x080022ac                MX_TIM3_Init
 .text.HAL_TIM_Encoder_MspInit
                0x08002314       0xf8 CMakeFiles/EE_code.elf.dir/Core/Src/tim.c.obj
                0x08002314                HAL_TIM_Encoder_MspInit
 .text.HAL_TIM_Base_MspInit
                0x0800240c       0x40 CMakeFiles/EE_code.elf.dir/Core/Src/tim.c.obj
                0x0800240c                HAL_TIM_Base_MspInit
 .text.HAL_TIM_MspPostInit
                0x0800244c       0x50 CMakeFiles/EE_code.elf.dir/Core/Src/tim.c.obj
                0x0800244c                HAL_TIM_MspPostInit
 .text.MX_TIM4_Init
                0x0800249c       0xf0 CMakeFiles/EE_code.elf.dir/Core/Src/tim.c.obj
                0x0800249c                MX_TIM4_Init
 .text.MX_USART2_UART_Init
                0x0800258c       0x34 CMakeFiles/EE_code.elf.dir/Core/Src/usart.c.obj
                0x0800258c                MX_USART2_UART_Init
 .text.MX_USART3_UART_Init
                0x080025c0       0x34 CMakeFiles/EE_code.elf.dir/Core/Src/usart.c.obj
                0x080025c0                MX_USART3_UART_Init
 .text.HAL_UART_MspInit
                0x080025f4      0x1c8 CMakeFiles/EE_code.elf.dir/Core/Src/usart.c.obj
                0x080025f4                HAL_UART_MspInit
 .text.Reset_Handler
                0x080027bc       0x48 CMakeFiles/EE_code.elf.dir/Core/Startup/startup_stm32f103c8tx.s.obj
                0x080027bc                Reset_Handler
 .text.Default_Handler
                0x08002804        0x2 CMakeFiles/EE_code.elf.dir/Core/Startup/startup_stm32f103c8tx.s.obj
                0x08002804                RTC_Alarm_IRQHandler
                0x08002804                EXTI2_IRQHandler
                0x08002804                TIM1_CC_IRQHandler
                0x08002804                PVD_IRQHandler
                0x08002804                EXTI3_IRQHandler
                0x08002804                EXTI0_IRQHandler
                0x08002804                I2C2_EV_IRQHandler
                0x08002804                ADC1_2_IRQHandler
                0x08002804                SPI1_IRQHandler
                0x08002804                TAMPER_IRQHandler
                0x08002804                DMA1_Channel4_IRQHandler
                0x08002804                RTC_IRQHandler
                0x08002804                CAN1_RX1_IRQHandler
                0x08002804                I2C1_EV_IRQHandler
                0x08002804                RCC_IRQHandler
                0x08002804                TIM1_TRG_COM_IRQHandler
                0x08002804                DMA1_Channel1_IRQHandler
                0x08002804                Default_Handler
                0x08002804                EXTI15_10_IRQHandler
                0x08002804                EXTI9_5_IRQHandler
                0x08002804                SPI2_IRQHandler
                0x08002804                DMA1_Channel5_IRQHandler
                0x08002804                EXTI4_IRQHandler
                0x08002804                USB_LP_CAN1_RX0_IRQHandler
                0x08002804                USB_HP_CAN1_TX_IRQHandler
                0x08002804                TIM1_UP_IRQHandler
                0x08002804                WWDG_IRQHandler
                0x08002804                TIM1_BRK_IRQHandler
                0x08002804                EXTI1_IRQHandler
                0x08002804                I2C2_ER_IRQHandler
                0x08002804                CAN1_SCE_IRQHandler
                0x08002804                FLASH_IRQHandler
                0x08002804                USART1_IRQHandler
                0x08002804                I2C1_ER_IRQHandler
                0x08002804                USBWakeUp_IRQHandler
 *fill*         0x08002806        0x2 
 .text.HAL_InitTick
                0x08002808       0x4c CMakeFiles/EE_code.elf.dir/Drivers/STM32F1xx_HAL_Driver/Src/stm32f1xx_hal.c.obj
                0x08002808                HAL_InitTick
 .text.HAL_Init
                0x08002854       0x24 CMakeFiles/EE_code.elf.dir/Drivers/STM32F1xx_HAL_Driver/Src/stm32f1xx_hal.c.obj
                0x08002854                HAL_Init
 .text.HAL_IncTick
                0x08002878       0x18 CMakeFiles/EE_code.elf.dir/Drivers/STM32F1xx_HAL_Driver/Src/stm32f1xx_hal.c.obj
                0x08002878                HAL_IncTick
 .text.HAL_GetTick
                0x08002890        0xc CMakeFiles/EE_code.elf.dir/Drivers/STM32F1xx_HAL_Driver/Src/stm32f1xx_hal.c.obj
                0x08002890                HAL_GetTick
 .text.HAL_Delay
                0x0800289c       0x28 CMakeFiles/EE_code.elf.dir/Drivers/STM32F1xx_HAL_Driver/Src/stm32f1xx_hal.c.obj
                0x0800289c                HAL_Delay
 .text.HAL_NVIC_SetPriorityGrouping
                0x080028c4       0x24 CMakeFiles/EE_code.elf.dir/Drivers/STM32F1xx_HAL_Driver/Src/stm32f1xx_hal_cortex.c.obj
                0x080028c4                HAL_NVIC_SetPriorityGrouping
 .text.HAL_NVIC_SetPriority
                0x080028e8       0x70 CMakeFiles/EE_code.elf.dir/Drivers/STM32F1xx_HAL_Driver/Src/stm32f1xx_hal_cortex.c.obj
                0x080028e8                HAL_NVIC_SetPriority
 .text.HAL_NVIC_EnableIRQ
                0x08002958       0x1c CMakeFiles/EE_code.elf.dir/Drivers/STM32F1xx_HAL_Driver/Src/stm32f1xx_hal_cortex.c.obj
                0x08002958                HAL_NVIC_EnableIRQ
 .text.HAL_SYSTICK_Config
                0x08002974       0x28 CMakeFiles/EE_code.elf.dir/Drivers/STM32F1xx_HAL_Driver/Src/stm32f1xx_hal_cortex.c.obj
                0x08002974                HAL_SYSTICK_Config
 .text.HAL_DMA_Init
                0x0800299c       0x6c CMakeFiles/EE_code.elf.dir/Drivers/STM32F1xx_HAL_Driver/Src/stm32f1xx_hal_dma.c.obj
                0x0800299c                HAL_DMA_Init
 .text.HAL_DMA_Abort
                0x08002a08       0x44 CMakeFiles/EE_code.elf.dir/Drivers/STM32F1xx_HAL_Driver/Src/stm32f1xx_hal_dma.c.obj
                0x08002a08                HAL_DMA_Abort
 .text.HAL_DMA_Abort_IT
                0x08002a4c       0x98 CMakeFiles/EE_code.elf.dir/Drivers/STM32F1xx_HAL_Driver/Src/stm32f1xx_hal_dma.c.obj
                0x08002a4c                HAL_DMA_Abort_IT
 .text.HAL_DMA_IRQHandler
                0x08002ae4      0x144 CMakeFiles/EE_code.elf.dir/Drivers/STM32F1xx_HAL_Driver/Src/stm32f1xx_hal_dma.c.obj
                0x08002ae4                HAL_DMA_IRQHandler
 .text.HAL_GPIO_Init
                0x08002c28      0x224 CMakeFiles/EE_code.elf.dir/Drivers/STM32F1xx_HAL_Driver/Src/stm32f1xx_hal_gpio.c.obj
                0x08002c28                HAL_GPIO_Init
 .text.HAL_GPIO_WritePin
                0x08002e4c        0xc CMakeFiles/EE_code.elf.dir/Drivers/STM32F1xx_HAL_Driver/Src/stm32f1xx_hal_gpio.c.obj
                0x08002e4c                HAL_GPIO_WritePin
 .text.RCC_Delay
                0x08002e58       0x2c CMakeFiles/EE_code.elf.dir/Drivers/STM32F1xx_HAL_Driver/Src/stm32f1xx_hal_rcc.c.obj
 .text.HAL_RCC_OscConfig
                0x08002e84      0x410 CMakeFiles/EE_code.elf.dir/Drivers/STM32F1xx_HAL_Driver/Src/stm32f1xx_hal_rcc.c.obj
                0x08002e84                HAL_RCC_OscConfig
 .text.HAL_RCC_GetSysClockFreq
                0x08003294       0x70 CMakeFiles/EE_code.elf.dir/Drivers/STM32F1xx_HAL_Driver/Src/stm32f1xx_hal_rcc.c.obj
                0x08003294                HAL_RCC_GetSysClockFreq
 .text.HAL_RCC_ClockConfig
                0x08003304      0x16c CMakeFiles/EE_code.elf.dir/Drivers/STM32F1xx_HAL_Driver/Src/stm32f1xx_hal_rcc.c.obj
                0x08003304                HAL_RCC_ClockConfig
 .text.HAL_RCC_GetHCLKFreq
                0x08003470        0xc CMakeFiles/EE_code.elf.dir/Drivers/STM32F1xx_HAL_Driver/Src/stm32f1xx_hal_rcc.c.obj
                0x08003470                HAL_RCC_GetHCLKFreq
 .text.HAL_RCC_GetPCLK1Freq
                0x0800347c       0x20 CMakeFiles/EE_code.elf.dir/Drivers/STM32F1xx_HAL_Driver/Src/stm32f1xx_hal_rcc.c.obj
                0x0800347c                HAL_RCC_GetPCLK1Freq
 .text.HAL_RCC_GetPCLK2Freq
                0x0800349c       0x20 CMakeFiles/EE_code.elf.dir/Drivers/STM32F1xx_HAL_Driver/Src/stm32f1xx_hal_rcc.c.obj
                0x0800349c                HAL_RCC_GetPCLK2Freq
 .text.TIM_OC1_SetConfig
                0x080034bc       0x5c CMakeFiles/EE_code.elf.dir/Drivers/STM32F1xx_HAL_Driver/Src/stm32f1xx_hal_tim.c.obj
 .text.TIM_OC3_SetConfig
                0x08003518       0x64 CMakeFiles/EE_code.elf.dir/Drivers/STM32F1xx_HAL_Driver/Src/stm32f1xx_hal_tim.c.obj
 .text.TIM_OC4_SetConfig
                0x0800357c       0x48 CMakeFiles/EE_code.elf.dir/Drivers/STM32F1xx_HAL_Driver/Src/stm32f1xx_hal_tim.c.obj
 .text.TIM_TI1_ConfigInputStage
                0x080035c4       0x24 CMakeFiles/EE_code.elf.dir/Drivers/STM32F1xx_HAL_Driver/Src/stm32f1xx_hal_tim.c.obj
 .text.TIM_TI2_ConfigInputStage
                0x080035e8       0x26 CMakeFiles/EE_code.elf.dir/Drivers/STM32F1xx_HAL_Driver/Src/stm32f1xx_hal_tim.c.obj
 .text.TIM_ITRx_SetConfig
                0x0800360e       0x10 CMakeFiles/EE_code.elf.dir/Drivers/STM32F1xx_HAL_Driver/Src/stm32f1xx_hal_tim.c.obj
 *fill*         0x0800361e        0x2 
 .text.HAL_TIM_Base_Start_IT
                0x08003620       0x68 CMakeFiles/EE_code.elf.dir/Drivers/STM32F1xx_HAL_Driver/Src/stm32f1xx_hal_tim.c.obj
                0x08003620                HAL_TIM_Base_Start_IT
 .text.HAL_TIM_PWM_MspInit
                0x08003688        0x2 CMakeFiles/EE_code.elf.dir/Drivers/STM32F1xx_HAL_Driver/Src/stm32f1xx_hal_tim.c.obj
                0x08003688                HAL_TIM_PWM_MspInit
 .text.HAL_TIM_OC_DelayElapsedCallback
                0x0800368a        0x2 CMakeFiles/EE_code.elf.dir/Drivers/STM32F1xx_HAL_Driver/Src/stm32f1xx_hal_tim.c.obj
                0x0800368a                HAL_TIM_OC_DelayElapsedCallback
 .text.HAL_TIM_IC_CaptureCallback
                0x0800368c        0x2 CMakeFiles/EE_code.elf.dir/Drivers/STM32F1xx_HAL_Driver/Src/stm32f1xx_hal_tim.c.obj
                0x0800368c                HAL_TIM_IC_CaptureCallback
 .text.HAL_TIM_PWM_PulseFinishedCallback
                0x0800368e        0x2 CMakeFiles/EE_code.elf.dir/Drivers/STM32F1xx_HAL_Driver/Src/stm32f1xx_hal_tim.c.obj
                0x0800368e                HAL_TIM_PWM_PulseFinishedCallback
 .text.HAL_TIM_TriggerCallback
                0x08003690        0x2 CMakeFiles/EE_code.elf.dir/Drivers/STM32F1xx_HAL_Driver/Src/stm32f1xx_hal_tim.c.obj
                0x08003690                HAL_TIM_TriggerCallback
 .text.HAL_TIM_IRQHandler
                0x08003692      0x17a CMakeFiles/EE_code.elf.dir/Drivers/STM32F1xx_HAL_Driver/Src/stm32f1xx_hal_tim.c.obj
                0x08003692                HAL_TIM_IRQHandler
 .text.TIM_Base_SetConfig
                0x0800380c       0x74 CMakeFiles/EE_code.elf.dir/Drivers/STM32F1xx_HAL_Driver/Src/stm32f1xx_hal_tim.c.obj
                0x0800380c                TIM_Base_SetConfig
 .text.HAL_TIM_Base_Init
                0x08003880       0x58 CMakeFiles/EE_code.elf.dir/Drivers/STM32F1xx_HAL_Driver/Src/stm32f1xx_hal_tim.c.obj
                0x08003880                HAL_TIM_Base_Init
 .text.HAL_TIM_PWM_Init
                0x080038d8       0x58 CMakeFiles/EE_code.elf.dir/Drivers/STM32F1xx_HAL_Driver/Src/stm32f1xx_hal_tim.c.obj
                0x080038d8                HAL_TIM_PWM_Init
 .text.HAL_TIM_Encoder_Init
                0x08003930       0xb8 CMakeFiles/EE_code.elf.dir/Drivers/STM32F1xx_HAL_Driver/Src/stm32f1xx_hal_tim.c.obj
                0x08003930                HAL_TIM_Encoder_Init
 .text.TIM_OC2_SetConfig
                0x080039e8       0x64 CMakeFiles/EE_code.elf.dir/Drivers/STM32F1xx_HAL_Driver/Src/stm32f1xx_hal_tim.c.obj
                0x080039e8                TIM_OC2_SetConfig
 .text.HAL_TIM_PWM_ConfigChannel
                0x08003a4c       0xd0 CMakeFiles/EE_code.elf.dir/Drivers/STM32F1xx_HAL_Driver/Src/stm32f1xx_hal_tim.c.obj
                0x08003a4c                HAL_TIM_PWM_ConfigChannel
 .text.TIM_ETR_SetConfig
                0x08003b1c       0x18 CMakeFiles/EE_code.elf.dir/Drivers/STM32F1xx_HAL_Driver/Src/stm32f1xx_hal_tim.c.obj
                0x08003b1c                TIM_ETR_SetConfig
 .text.HAL_TIM_ConfigClockSource
                0x08003b34       0xda CMakeFiles/EE_code.elf.dir/Drivers/STM32F1xx_HAL_Driver/Src/stm32f1xx_hal_tim.c.obj
                0x08003b34                HAL_TIM_ConfigClockSource
 .text.TIM_CCxChannelCmd
                0x08003c0e       0x1e CMakeFiles/EE_code.elf.dir/Drivers/STM32F1xx_HAL_Driver/Src/stm32f1xx_hal_tim.c.obj
                0x08003c0e                TIM_CCxChannelCmd
 .text.HAL_TIM_PWM_Start
                0x08003c2c       0xdc CMakeFiles/EE_code.elf.dir/Drivers/STM32F1xx_HAL_Driver/Src/stm32f1xx_hal_tim.c.obj
                0x08003c2c                HAL_TIM_PWM_Start
 .text.HAL_TIM_Encoder_Start
                0x08003d08       0xcc CMakeFiles/EE_code.elf.dir/Drivers/STM32F1xx_HAL_Driver/Src/stm32f1xx_hal_tim.c.obj
                0x08003d08                HAL_TIM_Encoder_Start
 .text.HAL_TIMEx_MasterConfigSynchronization
                0x08003dd4       0x6c CMakeFiles/EE_code.elf.dir/Drivers/STM32F1xx_HAL_Driver/Src/stm32f1xx_hal_tim_ex.c.obj
                0x08003dd4                HAL_TIMEx_MasterConfigSynchronization
 .text.HAL_TIMEx_CommutCallback
                0x08003e40        0x2 CMakeFiles/EE_code.elf.dir/Drivers/STM32F1xx_HAL_Driver/Src/stm32f1xx_hal_tim_ex.c.obj
                0x08003e40                HAL_TIMEx_CommutCallback
 .text.HAL_TIMEx_BreakCallback
                0x08003e42        0x2 CMakeFiles/EE_code.elf.dir/Drivers/STM32F1xx_HAL_Driver/Src/stm32f1xx_hal_tim_ex.c.obj
                0x08003e42                HAL_TIMEx_BreakCallback
 .text.UART_EndRxTransfer
                0x08003e44       0x32 CMakeFiles/EE_code.elf.dir/Drivers/STM32F1xx_HAL_Driver/Src/stm32f1xx_hal_uart.c.obj
 .text.UART_Transmit_IT
                0x08003e76       0x60 CMakeFiles/EE_code.elf.dir/Drivers/STM32F1xx_HAL_Driver/Src/stm32f1xx_hal_uart.c.obj
 *fill*         0x08003ed6        0x2 
 .text.UART_SetConfig
                0x08003ed8       0x94 CMakeFiles/EE_code.elf.dir/Drivers/STM32F1xx_HAL_Driver/Src/stm32f1xx_hal_uart.c.obj
 .text.HAL_UART_Init
                0x08003f6c       0x5e CMakeFiles/EE_code.elf.dir/Drivers/STM32F1xx_HAL_Driver/Src/stm32f1xx_hal_uart.c.obj
                0x08003f6c                HAL_UART_Init
 .text.HAL_UART_TxCpltCallback
                0x08003fca        0x2 CMakeFiles/EE_code.elf.dir/Drivers/STM32F1xx_HAL_Driver/Src/stm32f1xx_hal_uart.c.obj
                0x08003fca                HAL_UART_TxCpltCallback
 .text.UART_EndTransmit_IT
                0x08003fcc       0x1a CMakeFiles/EE_code.elf.dir/Drivers/STM32F1xx_HAL_Driver/Src/stm32f1xx_hal_uart.c.obj
 .text.HAL_UART_ErrorCallback
                0x08003fe6        0x2 CMakeFiles/EE_code.elf.dir/Drivers/STM32F1xx_HAL_Driver/Src/stm32f1xx_hal_uart.c.obj
                0x08003fe6                HAL_UART_ErrorCallback
 .text.UART_DMAAbortOnError
                0x08003fe8       0x10 CMakeFiles/EE_code.elf.dir/Drivers/STM32F1xx_HAL_Driver/Src/stm32f1xx_hal_uart.c.obj
 .text.HAL_UARTEx_RxEventCallback
                0x08003ff8        0x2 CMakeFiles/EE_code.elf.dir/Drivers/STM32F1xx_HAL_Driver/Src/stm32f1xx_hal_uart.c.obj
                0x08003ff8                HAL_UARTEx_RxEventCallback
 .text.UART_Receive_IT
                0x08003ffa       0xd4 CMakeFiles/EE_code.elf.dir/Drivers/STM32F1xx_HAL_Driver/Src/stm32f1xx_hal_uart.c.obj
 *fill*         0x080040ce        0x2 
 .text.HAL_UART_IRQHandler
                0x080040d0      0x204 CMakeFiles/EE_code.elf.dir/Drivers/STM32F1xx_HAL_Driver/Src/stm32f1xx_hal_uart.c.obj
                0x080040d0                HAL_UART_IRQHandler
 .text.UART_Start_Receive_IT
                0x080042d4       0x36 CMakeFiles/EE_code.elf.dir/Drivers/STM32F1xx_HAL_Driver/Src/stm32f1xx_hal_uart.c.obj
                0x080042d4                UART_Start_Receive_IT
 .text.HAL_UART_Receive_IT
                0x0800430a       0x38 CMakeFiles/EE_code.elf.dir/Drivers/STM32F1xx_HAL_Driver/Src/stm32f1xx_hal_uart.c.obj
                0x0800430a                HAL_UART_Receive_IT
 *fill*         0x08004342        0x2 
 .text.__libc_init_array
                0x08004344       0x48 d:/enviro~1/gcc-ar~1/102021~1.10/bin/../lib/gcc/arm-none-eabi/10.3.1/../../../../arm-none-eabi/lib/thumb/v7-m/nofp\libg.a(lib_a-init.o)
                0x08004344                __libc_init_array
 .text.memset   0x0800438c       0xa4 d:/enviro~1/gcc-ar~1/102021~1.10/bin/../lib/gcc/arm-none-eabi/10.3.1/../../../../arm-none-eabi/lib/thumb/v7-m/nofp\libg.a(lib_a-memset.o)
                0x0800438c                memset
 .text.startup.register_fini
                0x08004430       0x14 d:/enviro~1/gcc-ar~1/102021~1.10/bin/../lib/gcc/arm-none-eabi/10.3.1/../../../../arm-none-eabi/lib/thumb/v7-m/nofp\libg.a(lib_a-__call_atexit.o)
 .text.atexit   0x08004444        0xc d:/enviro~1/gcc-ar~1/102021~1.10/bin/../lib/gcc/arm-none-eabi/10.3.1/../../../../arm-none-eabi/lib/thumb/v7-m/nofp\libg.a(lib_a-atexit.o)
                0x08004444                atexit
 .text.__libc_fini_array
                0x08004450       0x2c d:/enviro~1/gcc-ar~1/102021~1.10/bin/../lib/gcc/arm-none-eabi/10.3.1/../../../../arm-none-eabi/lib/thumb/v7-m/nofp\libg.a(lib_a-fini.o)
                0x08004450                __libc_fini_array
 .text.__retarget_lock_acquire_recursive
                0x0800447c        0x4 d:/enviro~1/gcc-ar~1/102021~1.10/bin/../lib/gcc/arm-none-eabi/10.3.1/../../../../arm-none-eabi/lib/thumb/v7-m/nofp\libg.a(lib_a-lock.o)
                0x0800447c                __retarget_lock_acquire_recursive
 .text.__retarget_lock_release_recursive
                0x08004480        0x4 d:/enviro~1/gcc-ar~1/102021~1.10/bin/../lib/gcc/arm-none-eabi/10.3.1/../../../../arm-none-eabi/lib/thumb/v7-m/nofp\libg.a(lib_a-lock.o)
                0x08004480                __retarget_lock_release_recursive
 .text.__register_exitproc
                0x08004484       0x8c d:/enviro~1/gcc-ar~1/102021~1.10/bin/../lib/gcc/arm-none-eabi/10.3.1/../../../../arm-none-eabi/lib/thumb/v7-m/nofp\libg.a(lib_a-__atexit.o)
                0x08004484                __register_exitproc
 *(.glue_7)
 .glue_7        0x08004510        0x0 linker stubs
 *(.glue_7t)
 .glue_7t       0x08004510        0x0 linker stubs
 *(.eh_frame)
 .eh_frame      0x08004510        0x0 d:/enviro~1/gcc-ar~1/102021~1.10/bin/../lib/gcc/arm-none-eabi/10.3.1/thumb/v7-m/nofp/crtbegin.o
 *(.init)
 .init          0x08004510        0x4 d:/enviro~1/gcc-ar~1/102021~1.10/bin/../lib/gcc/arm-none-eabi/10.3.1/thumb/v7-m/nofp/crti.o
                0x08004510                _init
 .init          0x08004514        0x8 d:/enviro~1/gcc-ar~1/102021~1.10/bin/../lib/gcc/arm-none-eabi/10.3.1/thumb/v7-m/nofp/crtn.o
 *(.fini)
 .fini          0x0800451c        0x4 d:/enviro~1/gcc-ar~1/102021~1.10/bin/../lib/gcc/arm-none-eabi/10.3.1/thumb/v7-m/nofp/crti.o
                0x0800451c                _fini
 .fini          0x08004520        0x8 d:/enviro~1/gcc-ar~1/102021~1.10/bin/../lib/gcc/arm-none-eabi/10.3.1/thumb/v7-m/nofp/crtn.o
                0x08004528                . = ALIGN (0x4)
                0x08004528                _etext = .

.vfp11_veneer   0x08004528        0x0
 .vfp11_veneer  0x08004528        0x0 linker stubs

.v4_bx          0x08004528        0x0
 .v4_bx         0x08004528        0x0 linker stubs

.iplt           0x08004528        0x0
 .iplt          0x08004528        0x0 d:/enviro~1/gcc-ar~1/102021~1.10/bin/../lib/gcc/arm-none-eabi/10.3.1/thumb/v7-m/nofp/crtbegin.o

.rodata         0x08004528       0x30
                0x08004528                . = ALIGN (0x4)
 *(.rodata)
 *(.rodata*)
 .rodata.AHBPrescTable
                0x08004528       0x10 CMakeFiles/EE_code.elf.dir/Core/Src/system_stm32f1xx.c.obj
                0x08004528                AHBPrescTable
 .rodata.APBPrescTable
                0x08004538        0x8 CMakeFiles/EE_code.elf.dir/Core/Src/system_stm32f1xx.c.obj
                0x08004538                APBPrescTable
 .rodata.HAL_RCC_GetSysClockFreq.str1.4
                0x08004540       0x11 CMakeFiles/EE_code.elf.dir/Drivers/STM32F1xx_HAL_Driver/Src/stm32f1xx_hal_rcc.c.obj
 *fill*         0x08004551        0x3 
 .rodata._global_impure_ptr
                0x08004554        0x4 d:/enviro~1/gcc-ar~1/102021~1.10/bin/../lib/gcc/arm-none-eabi/10.3.1/../../../../arm-none-eabi/lib/thumb/v7-m/nofp\libg.a(lib_a-impure.o)
                0x08004554                _global_impure_ptr
                0x08004558                . = ALIGN (0x4)

.rel.dyn        0x08004558        0x0
 .rel.iplt      0x08004558        0x0 d:/enviro~1/gcc-ar~1/102021~1.10/bin/../lib/gcc/arm-none-eabi/10.3.1/thumb/v7-m/nofp/crtbegin.o

.ARM.extab      0x08004558        0x0
                0x08004558                . = ALIGN (0x4)
 *(.ARM.extab* .gnu.linkonce.armextab.*)
                0x08004558                . = ALIGN (0x4)

.ARM            0x08004558        0x0
                0x08004558                . = ALIGN (0x4)
                0x08004558                __exidx_start = .
 *(.ARM.exidx*)
                0x08004558                __exidx_end = .
                0x08004558                . = ALIGN (0x4)

.preinit_array  0x08004558        0x0
                0x08004558                . = ALIGN (0x4)
                0x08004558                PROVIDE (__preinit_array_start = .)
 *(.preinit_array*)
                0x08004558                PROVIDE (__preinit_array_end = .)
                0x08004558                . = ALIGN (0x4)

.init_array     0x08004558        0x8
                0x08004558                . = ALIGN (0x4)
                0x08004558                PROVIDE (__init_array_start = .)
 *(SORT_BY_NAME(.init_array.*))
 .init_array.00000
                0x08004558        0x4 d:/enviro~1/gcc-ar~1/102021~1.10/bin/../lib/gcc/arm-none-eabi/10.3.1/../../../../arm-none-eabi/lib/thumb/v7-m/nofp\libg.a(lib_a-__call_atexit.o)
 *(.init_array*)
 .init_array    0x0800455c        0x4 d:/enviro~1/gcc-ar~1/102021~1.10/bin/../lib/gcc/arm-none-eabi/10.3.1/thumb/v7-m/nofp/crtbegin.o
                0x08004560                PROVIDE (__init_array_end = .)
                0x08004560                . = ALIGN (0x4)

.fini_array     0x08004560        0x4
                0x08004560                . = ALIGN (0x4)
                0x08004560                PROVIDE (__fini_array_start = .)
 *(SORT_BY_NAME(.fini_array.*))
 *(.fini_array*)
 .fini_array    0x08004560        0x4 d:/enviro~1/gcc-ar~1/102021~1.10/bin/../lib/gcc/arm-none-eabi/10.3.1/thumb/v7-m/nofp/crtbegin.o
                0x08004564                PROVIDE (__fini_array_end = .)
                0x08004564                . = ALIGN (0x4)
                0x08004564                _sidata = LOADADDR (.data)

.data           0x20000000      0x43c load address 0x08004564
                0x20000000                . = ALIGN (0x4)
                0x20000000                _sdata = .
 *(.data)
 *(.data*)
 .data.tof_runstop_flag
                0x20000000        0x1 CMakeFiles/EE_code.elf.dir/Core/BSP/motor.c.obj
                0x20000000                tof_runstop_flag
 *fill*         0x20000001        0x3 
 .data.SystemCoreClock
                0x20000004        0x4 CMakeFiles/EE_code.elf.dir/Core/Src/system_stm32f1xx.c.obj
                0x20000004                SystemCoreClock
 .data.uwTickFreq
                0x20000008        0x1 CMakeFiles/EE_code.elf.dir/Drivers/STM32F1xx_HAL_Driver/Src/stm32f1xx_hal.c.obj
                0x20000008                uwTickFreq
 *fill*         0x20000009        0x3 
 .data.uwTickPrio
                0x2000000c        0x4 CMakeFiles/EE_code.elf.dir/Drivers/STM32F1xx_HAL_Driver/Src/stm32f1xx_hal.c.obj
                0x2000000c                uwTickPrio
 .data.impure_data
                0x20000010      0x428 d:/enviro~1/gcc-ar~1/102021~1.10/bin/../lib/gcc/arm-none-eabi/10.3.1/../../../../arm-none-eabi/lib/thumb/v7-m/nofp\libg.a(lib_a-impure.o)
 .data.__atexit_recursive_mutex
                0x20000438        0x4 d:/enviro~1/gcc-ar~1/102021~1.10/bin/../lib/gcc/arm-none-eabi/10.3.1/../../../../arm-none-eabi/lib/thumb/v7-m/nofp\libg.a(lib_a-__call_atexit.o)
                0x20000438                __atexit_recursive_mutex
 *(.RamFunc)
 *(.RamFunc*)
                0x2000043c                . = ALIGN (0x4)
                0x2000043c                _edata = .

.igot.plt       0x2000043c        0x0 load address 0x080049a0
 .igot.plt      0x2000043c        0x0 d:/enviro~1/gcc-ar~1/102021~1.10/bin/../lib/gcc/arm-none-eabi/10.3.1/thumb/v7-m/nofp/crtbegin.o
                0x2000043c                . = ALIGN (0x4)

.bss            0x2000043c      0x6e8 load address 0x080049a0
                0x2000043c                _sbss = .
                0x2000043c                __bss_start__ = _sbss
 *(.bss)
 .bss           0x2000043c       0x1c d:/enviro~1/gcc-ar~1/102021~1.10/bin/../lib/gcc/arm-none-eabi/10.3.1/thumb/v7-m/nofp/crtbegin.o
 *(.bss*)
 .bss.Diretion  0x20000458        0x2 CMakeFiles/EE_code.elf.dir/Core/BSP/encoder.c.obj
                0x20000458                Diretion
 *fill*         0x2000045a        0x2 
 .bss.MotorPosPID_BL
                0x2000045c       0x54 CMakeFiles/EE_code.elf.dir/Core/BSP/encoder.c.obj
                0x2000045c                MotorPosPID_BL
 .bss.MotorPosPID_BR
                0x200004b0       0x54 CMakeFiles/EE_code.elf.dir/Core/BSP/encoder.c.obj
                0x200004b0                MotorPosPID_BR
 .bss.MotorPosPID_F
                0x20000504       0x54 CMakeFiles/EE_code.elf.dir/Core/BSP/encoder.c.obj
                0x20000504                MotorPosPID_F
 .bss.MotorSpeedPID_BL
                0x20000558       0x54 CMakeFiles/EE_code.elf.dir/Core/BSP/encoder.c.obj
                0x20000558                MotorSpeedPID_BL
 .bss.MotorSpeedPID_BR
                0x200005ac       0x54 CMakeFiles/EE_code.elf.dir/Core/BSP/encoder.c.obj
                0x200005ac                MotorSpeedPID_BR
 .bss.MotorSpeedPID_F
                0x20000600       0x54 CMakeFiles/EE_code.elf.dir/Core/BSP/encoder.c.obj
                0x20000600                MotorSpeedPID_F
 .bss.Position_BL
                0x20000654        0x4 CMakeFiles/EE_code.elf.dir/Core/BSP/encoder.c.obj
                0x20000654                Position_BL
 .bss.Position_BR
                0x20000658        0x4 CMakeFiles/EE_code.elf.dir/Core/BSP/encoder.c.obj
                0x20000658                Position_BR
 .bss.Position_F
                0x2000065c        0x4 CMakeFiles/EE_code.elf.dir/Core/BSP/encoder.c.obj
                0x2000065c                Position_F
 .bss.SetPos_BL
                0x20000660        0x4 CMakeFiles/EE_code.elf.dir/Core/BSP/encoder.c.obj
                0x20000660                SetPos_BL
 .bss.SetPos_BR
                0x20000664        0x4 CMakeFiles/EE_code.elf.dir/Core/BSP/encoder.c.obj
                0x20000664                SetPos_BR
 .bss.SetPos_F  0x20000668        0x4 CMakeFiles/EE_code.elf.dir/Core/BSP/encoder.c.obj
                0x20000668                SetPos_F
 .bss.Speed     0x2000066c        0x4 CMakeFiles/EE_code.elf.dir/Core/BSP/encoder.c.obj
                0x2000066c                Speed
 .bss.Speed_BL  0x20000670        0x4 CMakeFiles/EE_code.elf.dir/Core/BSP/encoder.c.obj
                0x20000670                Speed_BL
 .bss.Speed_BR  0x20000674        0x4 CMakeFiles/EE_code.elf.dir/Core/BSP/encoder.c.obj
                0x20000674                Speed_BR
 .bss.Speed_F   0x20000678        0x4 CMakeFiles/EE_code.elf.dir/Core/BSP/encoder.c.obj
                0x20000678                Speed_F
 .bss.test_CNT_tim1
                0x2000067c        0x2 CMakeFiles/EE_code.elf.dir/Core/BSP/encoder.c.obj
                0x2000067c                test_CNT_tim1
 .bss.test_CNT_tim2
                0x2000067e        0x2 CMakeFiles/EE_code.elf.dir/Core/BSP/encoder.c.obj
                0x2000067e                test_CNT_tim2
 .bss.test_CNT_tim3
                0x20000680        0x2 CMakeFiles/EE_code.elf.dir/Core/BSP/encoder.c.obj
                0x20000680                test_CNT_tim3
 *fill*         0x20000682        0x2 
 .bss.close_PIDOUT
                0x20000684        0x4 CMakeFiles/EE_code.elf.dir/Core/BSP/motor.c.obj
                0x20000684                close_PIDOUT
 .bss.close_flag
                0x20000688        0x1 CMakeFiles/EE_code.elf.dir/Core/BSP/motor.c.obj
                0x20000688                close_flag
 *fill*         0x20000689        0x3 
 .bss.count_close
                0x2000068c        0x4 CMakeFiles/EE_code.elf.dir/Core/BSP/motor.c.obj
                0x2000068c                count_close
 .bss.count_pid
                0x20000690        0x4 CMakeFiles/EE_code.elf.dir/Core/BSP/motor.c.obj
                0x20000690                count_pid
 .bss.count_spin
                0x20000694        0x4 CMakeFiles/EE_code.elf.dir/Core/BSP/motor.c.obj
                0x20000694                count_spin
 .bss.count_tof
                0x20000698        0x4 CMakeFiles/EE_code.elf.dir/Core/BSP/motor.c.obj
                0x20000698                count_tof
 .bss.dis_target
                0x2000069c       0x54 CMakeFiles/EE_code.elf.dir/Core/BSP/motor.c.obj
                0x2000069c                dis_target
 .bss.mv_measure
                0x200006f0       0x54 CMakeFiles/EE_code.elf.dir/Core/BSP/motor.c.obj
                0x200006f0                mv_measure
 .bss.record_spin
                0x20000744        0x4 CMakeFiles/EE_code.elf.dir/Core/BSP/motor.c.obj
                0x20000744                record_spin
 .bss.second_flag
                0x20000748        0x1 CMakeFiles/EE_code.elf.dir/Core/BSP/motor.c.obj
                0x20000748                second_flag
 .bss.second_reset_flag
                0x20000749        0x1 CMakeFiles/EE_code.elf.dir/Core/BSP/motor.c.obj
                0x20000749                second_reset_flag
 .bss.spin_flag
                0x2000074a        0x1 CMakeFiles/EE_code.elf.dir/Core/BSP/motor.c.obj
                0x2000074a                spin_flag
 .bss.third_flag
                0x2000074b        0x1 CMakeFiles/EE_code.elf.dir/Core/BSP/motor.c.obj
                0x2000074b                third_flag
 .bss.tof_flag  0x2000074c        0x1 CMakeFiles/EE_code.elf.dir/Core/BSP/motor.c.obj
                0x2000074c                tof_flag
 *fill*         0x2000074d        0x3 
 .bss.tof_measure
                0x20000750       0x54 CMakeFiles/EE_code.elf.dir/Core/BSP/motor.c.obj
                0x20000750                tof_measure
 .bss.RxBuffer1.1
                0x200007a4       0x14 CMakeFiles/EE_code.elf.dir/Core/BSP/openmv.c.obj
 .bss.RxCounter1.2
                0x200007b8        0x1 CMakeFiles/EE_code.elf.dir/Core/BSP/openmv.c.obj
 .bss.RxFlag1.0
                0x200007b9        0x1 CMakeFiles/EE_code.elf.dir/Core/BSP/openmv.c.obj
 .bss.RxState.3
                0x200007ba        0x1 CMakeFiles/EE_code.elf.dir/Core/BSP/openmv.c.obj
 *fill*         0x200007bb        0x1 
 .bss.distance_target
                0x200007bc        0x2 CMakeFiles/EE_code.elf.dir/Core/BSP/openmv.c.obj
                0x200007bc                distance_target
 .bss.error_angle
                0x200007be        0x2 CMakeFiles/EE_code.elf.dir/Core/BSP/openmv.c.obj
                0x200007be                error_angle
 .bss.mv_Ch     0x200007c0        0x1 CMakeFiles/EE_code.elf.dir/Core/BSP/openmv.c.obj
                0x200007c0                mv_Ch
 .bss.mv_Cw     0x200007c1        0x1 CMakeFiles/EE_code.elf.dir/Core/BSP/openmv.c.obj
                0x200007c1                mv_Cw
 .bss.mv_Cx     0x200007c2        0x1 CMakeFiles/EE_code.elf.dir/Core/BSP/openmv.c.obj
                0x200007c2                mv_Cx
 .bss.mv_Cy     0x200007c3        0x1 CMakeFiles/EE_code.elf.dir/Core/BSP/openmv.c.obj
                0x200007c3                mv_Cy
 .bss.stop_flag
                0x200007c4        0x1 CMakeFiles/EE_code.elf.dir/Core/BSP/openmv.c.obj
                0x200007c4                stop_flag
 .bss.uart3_rxbuff
                0x200007c5        0x1 CMakeFiles/EE_code.elf.dir/Core/BSP/openmv.c.obj
                0x200007c5                uart3_rxbuff
 *fill*         0x200007c6        0x2 
 .bss.RxBuffer1.0
                0x200007c8        0xe CMakeFiles/EE_code.elf.dir/Core/BSP/tof.c.obj
 .bss.RxCounter1.1
                0x200007d6        0x1 CMakeFiles/EE_code.elf.dir/Core/BSP/tof.c.obj
 .bss.RxState.2
                0x200007d7        0x1 CMakeFiles/EE_code.elf.dir/Core/BSP/tof.c.obj
 .bss.tofRvBuff
                0x200007d8       0x80 CMakeFiles/EE_code.elf.dir/Core/BSP/tof.c.obj
                0x200007d8                tofRvBuff
 .bss.tof_Cw    0x20000858        0x1 CMakeFiles/EE_code.elf.dir/Core/BSP/tof.c.obj
                0x20000858                tof_Cw
 .bss.tof_Cx    0x20000859        0x1 CMakeFiles/EE_code.elf.dir/Core/BSP/tof.c.obj
                0x20000859                tof_Cx
 .bss.tof_Cy    0x2000085a        0x1 CMakeFiles/EE_code.elf.dir/Core/BSP/tof.c.obj
                0x2000085a                tof_Cy
 .bss.tof_Cz    0x2000085b        0x1 CMakeFiles/EE_code.elf.dir/Core/BSP/tof.c.obj
                0x2000085b                tof_Cz
 .bss.tof_data  0x2000085c        0x4 CMakeFiles/EE_code.elf.dir/Core/BSP/tof.c.obj
                0x2000085c                tof_data
 .bss.tof_rxbuff
                0x20000860        0x1 CMakeFiles/EE_code.elf.dir/Core/BSP/tof.c.obj
                0x20000860                tof_rxbuff
 *fill*         0x20000861        0x3 
 .bss.htim1     0x20000864       0x48 CMakeFiles/EE_code.elf.dir/Core/Src/tim.c.obj
                0x20000864                htim1
 .bss.htim2     0x200008ac       0x48 CMakeFiles/EE_code.elf.dir/Core/Src/tim.c.obj
                0x200008ac                htim2
 .bss.htim3     0x200008f4       0x48 CMakeFiles/EE_code.elf.dir/Core/Src/tim.c.obj
                0x200008f4                htim3
 .bss.htim4     0x2000093c       0x48 CMakeFiles/EE_code.elf.dir/Core/Src/tim.c.obj
                0x2000093c                htim4
 .bss.hdma_usart2_rx
                0x20000984       0x44 CMakeFiles/EE_code.elf.dir/Core/Src/usart.c.obj
                0x20000984                hdma_usart2_rx
 .bss.hdma_usart2_tx
                0x200009c8       0x44 CMakeFiles/EE_code.elf.dir/Core/Src/usart.c.obj
                0x200009c8                hdma_usart2_tx
 .bss.hdma_usart3_rx
                0x20000a0c       0x44 CMakeFiles/EE_code.elf.dir/Core/Src/usart.c.obj
                0x20000a0c                hdma_usart3_rx
 .bss.hdma_usart3_tx
                0x20000a50       0x44 CMakeFiles/EE_code.elf.dir/Core/Src/usart.c.obj
                0x20000a50                hdma_usart3_tx
 .bss.huart2    0x20000a94       0x44 CMakeFiles/EE_code.elf.dir/Core/Src/usart.c.obj
                0x20000a94                huart2
 .bss.huart3    0x20000ad8       0x44 CMakeFiles/EE_code.elf.dir/Core/Src/usart.c.obj
                0x20000ad8                huart3
 .bss.uwTick    0x20000b1c        0x4 CMakeFiles/EE_code.elf.dir/Drivers/STM32F1xx_HAL_Driver/Src/stm32f1xx_hal.c.obj
                0x20000b1c                uwTick
 .bss.__lock___atexit_recursive_mutex
                0x20000b20        0x1 d:/enviro~1/gcc-ar~1/102021~1.10/bin/../lib/gcc/arm-none-eabi/10.3.1/../../../../arm-none-eabi/lib/thumb/v7-m/nofp\libg.a(lib_a-lock.o)
                0x20000b20                __lock___atexit_recursive_mutex
 *(COMMON)
                0x20000b24                . = ALIGN (0x4)
 *fill*         0x20000b21        0x3 
                0x20000b24                _ebss = .
                0x20000b24                __bss_end__ = _ebss

._user_heap_stack
                0x20000b24      0x604 load address 0x080049a0
                0x20000b28                . = ALIGN (0x8)
 *fill*         0x20000b24        0x4 
                [!provide]                PROVIDE (end = .)
                0x20000b28                PROVIDE (_end = .)
                0x20000d28                . = (. + _Min_Heap_Size)
 *fill*         0x20000b28      0x200 
                0x20001128                . = (. + _Min_Stack_Size)
 *fill*         0x20000d28      0x400 
                0x20001128                . = ALIGN (0x8)

/DISCARD/
 libc.a(*)
 libm.a(*)
 libgcc.a(*)

.ARM.attributes
                0x00000000       0x29
 *(.ARM.attributes)
 .ARM.attributes
                0x00000000       0x1d d:/enviro~1/gcc-ar~1/102021~1.10/bin/../lib/gcc/arm-none-eabi/10.3.1/thumb/v7-m/nofp/crti.o
 .ARM.attributes
                0x0000001d       0x2d d:/enviro~1/gcc-ar~1/102021~1.10/bin/../lib/gcc/arm-none-eabi/10.3.1/thumb/v7-m/nofp/crtbegin.o
 .ARM.attributes
                0x0000004a       0x2d CMakeFiles/EE_code.elf.dir/Core/BSP/LED_BEEP.c.obj
 .ARM.attributes
                0x00000077       0x2d CMakeFiles/EE_code.elf.dir/Core/BSP/encoder.c.obj
 .ARM.attributes
                0x000000a4       0x2d CMakeFiles/EE_code.elf.dir/Core/BSP/motor.c.obj
 .ARM.attributes
                0x000000d1       0x2d CMakeFiles/EE_code.elf.dir/Core/BSP/openmv.c.obj
 .ARM.attributes
                0x000000fe       0x2d CMakeFiles/EE_code.elf.dir/Core/BSP/pid.c.obj
 .ARM.attributes
                0x0000012b       0x2d CMakeFiles/EE_code.elf.dir/Core/BSP/tof.c.obj
 .ARM.attributes
                0x00000158       0x2d CMakeFiles/EE_code.elf.dir/Core/Src/dma.c.obj
 .ARM.attributes
                0x00000185       0x2d CMakeFiles/EE_code.elf.dir/Core/Src/gpio.c.obj
 .ARM.attributes
                0x000001b2       0x2d CMakeFiles/EE_code.elf.dir/Core/Src/main.c.obj
 .ARM.attributes
                0x000001df       0x2d CMakeFiles/EE_code.elf.dir/Core/Src/stm32f1xx_hal_msp.c.obj
 .ARM.attributes
                0x0000020c       0x2d CMakeFiles/EE_code.elf.dir/Core/Src/stm32f1xx_it.c.obj
 .ARM.attributes
                0x00000239       0x2d CMakeFiles/EE_code.elf.dir/Core/Src/system_stm32f1xx.c.obj
 .ARM.attributes
                0x00000266       0x2d CMakeFiles/EE_code.elf.dir/Core/Src/tim.c.obj
 .ARM.attributes
                0x00000293       0x2d CMakeFiles/EE_code.elf.dir/Core/Src/usart.c.obj
 .ARM.attributes
                0x000002c0       0x21 CMakeFiles/EE_code.elf.dir/Core/Startup/startup_stm32f103c8tx.s.obj
 .ARM.attributes
                0x000002e1       0x2d CMakeFiles/EE_code.elf.dir/Drivers/STM32F1xx_HAL_Driver/Src/stm32f1xx_hal.c.obj
 .ARM.attributes
                0x0000030e       0x2d CMakeFiles/EE_code.elf.dir/Drivers/STM32F1xx_HAL_Driver/Src/stm32f1xx_hal_cortex.c.obj
 .ARM.attributes
                0x0000033b       0x2d CMakeFiles/EE_code.elf.dir/Drivers/STM32F1xx_HAL_Driver/Src/stm32f1xx_hal_dma.c.obj
 .ARM.attributes
                0x00000368       0x2d CMakeFiles/EE_code.elf.dir/Drivers/STM32F1xx_HAL_Driver/Src/stm32f1xx_hal_gpio.c.obj
 .ARM.attributes
                0x00000395       0x2d CMakeFiles/EE_code.elf.dir/Drivers/STM32F1xx_HAL_Driver/Src/stm32f1xx_hal_rcc.c.obj
 .ARM.attributes
                0x000003c2       0x2d CMakeFiles/EE_code.elf.dir/Drivers/STM32F1xx_HAL_Driver/Src/stm32f1xx_hal_tim.c.obj
 .ARM.attributes
                0x000003ef       0x2d CMakeFiles/EE_code.elf.dir/Drivers/STM32F1xx_HAL_Driver/Src/stm32f1xx_hal_tim_ex.c.obj
 .ARM.attributes
                0x0000041c       0x2d CMakeFiles/EE_code.elf.dir/Drivers/STM32F1xx_HAL_Driver/Src/stm32f1xx_hal_uart.c.obj
 .ARM.attributes
                0x00000449       0x1d d:/enviro~1/gcc-ar~1/102021~1.10/bin/../lib/gcc/arm-none-eabi/10.3.1/thumb/v7-m/nofp\libgcc.a(_arm_addsubdf3.o)
 .ARM.attributes
                0x00000466       0x1d d:/enviro~1/gcc-ar~1/102021~1.10/bin/../lib/gcc/arm-none-eabi/10.3.1/thumb/v7-m/nofp\libgcc.a(_arm_muldivdf3.o)
 .ARM.attributes
                0x00000483       0x1d d:/enviro~1/gcc-ar~1/102021~1.10/bin/../lib/gcc/arm-none-eabi/10.3.1/thumb/v7-m/nofp\libgcc.a(_arm_truncdfsf2.o)
 .ARM.attributes
                0x000004a0       0x1d d:/enviro~1/gcc-ar~1/102021~1.10/bin/../lib/gcc/arm-none-eabi/10.3.1/thumb/v7-m/nofp\libgcc.a(_arm_addsubsf3.o)
 .ARM.attributes
                0x000004bd       0x1d d:/enviro~1/gcc-ar~1/102021~1.10/bin/../lib/gcc/arm-none-eabi/10.3.1/thumb/v7-m/nofp\libgcc.a(_arm_muldivsf3.o)
 .ARM.attributes
                0x000004da       0x1d d:/enviro~1/gcc-ar~1/102021~1.10/bin/../lib/gcc/arm-none-eabi/10.3.1/thumb/v7-m/nofp\libgcc.a(_arm_cmpsf2.o)
 .ARM.attributes
                0x000004f7       0x1d d:/enviro~1/gcc-ar~1/102021~1.10/bin/../lib/gcc/arm-none-eabi/10.3.1/thumb/v7-m/nofp\libgcc.a(_arm_fixsfsi.o)
 .ARM.attributes
                0x00000514       0x1d d:/enviro~1/gcc-ar~1/102021~1.10/bin/../lib/gcc/arm-none-eabi/10.3.1/thumb/v7-m/nofp\libgcc.a(_arm_fixunssfsi.o)
 .ARM.attributes
                0x00000531       0x2d d:/enviro~1/gcc-ar~1/102021~1.10/bin/../lib/gcc/arm-none-eabi/10.3.1/../../../../arm-none-eabi/lib/thumb/v7-m/nofp\libg.a(lib_a-impure.o)
 .ARM.attributes
                0x0000055e       0x2d d:/enviro~1/gcc-ar~1/102021~1.10/bin/../lib/gcc/arm-none-eabi/10.3.1/../../../../arm-none-eabi/lib/thumb/v7-m/nofp\libg.a(lib_a-init.o)
 .ARM.attributes
                0x0000058b       0x2d d:/enviro~1/gcc-ar~1/102021~1.10/bin/../lib/gcc/arm-none-eabi/10.3.1/../../../../arm-none-eabi/lib/thumb/v7-m/nofp\libg.a(lib_a-memset.o)
 .ARM.attributes
                0x000005b8       0x2d d:/enviro~1/gcc-ar~1/102021~1.10/bin/../lib/gcc/arm-none-eabi/10.3.1/../../../../arm-none-eabi/lib/thumb/v7-m/nofp\libg.a(lib_a-__call_atexit.o)
 .ARM.attributes
                0x000005e5       0x2d d:/enviro~1/gcc-ar~1/102021~1.10/bin/../lib/gcc/arm-none-eabi/10.3.1/../../../../arm-none-eabi/lib/thumb/v7-m/nofp\libg.a(lib_a-atexit.o)
 .ARM.attributes
                0x00000612       0x2d d:/enviro~1/gcc-ar~1/102021~1.10/bin/../lib/gcc/arm-none-eabi/10.3.1/../../../../arm-none-eabi/lib/thumb/v7-m/nofp\libg.a(lib_a-fini.o)
 .ARM.attributes
                0x0000063f       0x2d d:/enviro~1/gcc-ar~1/102021~1.10/bin/../lib/gcc/arm-none-eabi/10.3.1/../../../../arm-none-eabi/lib/thumb/v7-m/nofp\libg.a(lib_a-lock.o)
 .ARM.attributes
                0x0000066c       0x2d d:/enviro~1/gcc-ar~1/102021~1.10/bin/../lib/gcc/arm-none-eabi/10.3.1/../../../../arm-none-eabi/lib/thumb/v7-m/nofp\libg.a(lib_a-__atexit.o)
 .ARM.attributes
                0x00000699       0x1d d:/enviro~1/gcc-ar~1/102021~1.10/bin/../lib/gcc/arm-none-eabi/10.3.1/thumb/v7-m/nofp/crtn.o
OUTPUT(EE_code.elf elf32-littlearm)
LOAD linker stubs
LOAD d:/enviro~1/gcc-ar~1/102021~1.10/bin/../lib/gcc/arm-none-eabi/10.3.1/../../../../arm-none-eabi/lib/thumb/v7-m/nofp\libc.a
LOAD d:/enviro~1/gcc-ar~1/102021~1.10/bin/../lib/gcc/arm-none-eabi/10.3.1/../../../../arm-none-eabi/lib/thumb/v7-m/nofp\libm.a
LOAD d:/enviro~1/gcc-ar~1/102021~1.10/bin/../lib/gcc/arm-none-eabi/10.3.1/thumb/v7-m/nofp\libgcc.a

.debug_info     0x00000000    0x11ee2
 .debug_info    0x00000000      0x1f9 CMakeFiles/EE_code.elf.dir/Core/BSP/LED_BEEP.c.obj
 .debug_info    0x000001f9     0x11e2 CMakeFiles/EE_code.elf.dir/Core/BSP/encoder.c.obj
 .debug_info    0x000013db      0xf0d CMakeFiles/EE_code.elf.dir/Core/BSP/motor.c.obj
 .debug_info    0x000022e8     0x112e CMakeFiles/EE_code.elf.dir/Core/BSP/openmv.c.obj
 .debug_info    0x00003416      0x50c CMakeFiles/EE_code.elf.dir/Core/BSP/pid.c.obj
 .debug_info    0x00003922      0x73d CMakeFiles/EE_code.elf.dir/Core/BSP/tof.c.obj
 .debug_info    0x0000405f      0x384 CMakeFiles/EE_code.elf.dir/Core/Src/dma.c.obj
 .debug_info    0x000043e3      0x389 CMakeFiles/EE_code.elf.dir/Core/Src/gpio.c.obj
 .debug_info    0x0000476c      0xa19 CMakeFiles/EE_code.elf.dir/Core/Src/main.c.obj
 .debug_info    0x00005185      0x211 CMakeFiles/EE_code.elf.dir/Core/Src/stm32f1xx_hal_msp.c.obj
 .debug_info    0x00005396      0xaf0 CMakeFiles/EE_code.elf.dir/Core/Src/stm32f1xx_it.c.obj
 .debug_info    0x00005e86      0x248 CMakeFiles/EE_code.elf.dir/Core/Src/system_stm32f1xx.c.obj
 .debug_info    0x000060ce     0x1257 CMakeFiles/EE_code.elf.dir/Core/Src/tim.c.obj
 .debug_info    0x00007325      0xc0a CMakeFiles/EE_code.elf.dir/Core/Src/usart.c.obj
 .debug_info    0x00007f2f       0x22 CMakeFiles/EE_code.elf.dir/Core/Startup/startup_stm32f103c8tx.s.obj
 .debug_info    0x00007f51      0x7a8 CMakeFiles/EE_code.elf.dir/Drivers/STM32F1xx_HAL_Driver/Src/stm32f1xx_hal.c.obj
 .debug_info    0x000086f9      0xd8a CMakeFiles/EE_code.elf.dir/Drivers/STM32F1xx_HAL_Driver/Src/stm32f1xx_hal_cortex.c.obj
 .debug_info    0x00009483      0x846 CMakeFiles/EE_code.elf.dir/Drivers/STM32F1xx_HAL_Driver/Src/stm32f1xx_hal_dma.c.obj
 .debug_info    0x00009cc9      0x66f CMakeFiles/EE_code.elf.dir/Drivers/STM32F1xx_HAL_Driver/Src/stm32f1xx_hal_gpio.c.obj
 .debug_info    0x0000a338      0xa36 CMakeFiles/EE_code.elf.dir/Drivers/STM32F1xx_HAL_Driver/Src/stm32f1xx_hal_rcc.c.obj
 .debug_info    0x0000ad6e     0x3b00 CMakeFiles/EE_code.elf.dir/Drivers/STM32F1xx_HAL_Driver/Src/stm32f1xx_hal_tim.c.obj
 .debug_info    0x0000e86e     0x19e9 CMakeFiles/EE_code.elf.dir/Drivers/STM32F1xx_HAL_Driver/Src/stm32f1xx_hal_tim_ex.c.obj
 .debug_info    0x00010257     0x1c8b CMakeFiles/EE_code.elf.dir/Drivers/STM32F1xx_HAL_Driver/Src/stm32f1xx_hal_uart.c.obj

.debug_abbrev   0x00000000     0x293e
 .debug_abbrev  0x00000000      0x109 CMakeFiles/EE_code.elf.dir/Core/BSP/LED_BEEP.c.obj
 .debug_abbrev  0x00000109      0x24f CMakeFiles/EE_code.elf.dir/Core/BSP/encoder.c.obj
 .debug_abbrev  0x00000358      0x192 CMakeFiles/EE_code.elf.dir/Core/BSP/motor.c.obj
 .debug_abbrev  0x000004ea      0x2f9 CMakeFiles/EE_code.elf.dir/Core/BSP/openmv.c.obj
 .debug_abbrev  0x000007e3      0x106 CMakeFiles/EE_code.elf.dir/Core/BSP/pid.c.obj
 .debug_abbrev  0x000008e9      0x1a0 CMakeFiles/EE_code.elf.dir/Core/BSP/tof.c.obj
 .debug_abbrev  0x00000a89      0x114 CMakeFiles/EE_code.elf.dir/Core/Src/dma.c.obj
 .debug_abbrev  0x00000b9d      0x13c CMakeFiles/EE_code.elf.dir/Core/Src/gpio.c.obj
 .debug_abbrev  0x00000cd9      0x1f2 CMakeFiles/EE_code.elf.dir/Core/Src/main.c.obj
 .debug_abbrev  0x00000ecb       0xe5 CMakeFiles/EE_code.elf.dir/Core/Src/stm32f1xx_hal_msp.c.obj
 .debug_abbrev  0x00000fb0      0x195 CMakeFiles/EE_code.elf.dir/Core/Src/stm32f1xx_it.c.obj
 .debug_abbrev  0x00001145      0x13e CMakeFiles/EE_code.elf.dir/Core/Src/system_stm32f1xx.c.obj
 .debug_abbrev  0x00001283      0x241 CMakeFiles/EE_code.elf.dir/Core/Src/tim.c.obj
 .debug_abbrev  0x000014c4      0x1dd CMakeFiles/EE_code.elf.dir/Core/Src/usart.c.obj
 .debug_abbrev  0x000016a1       0x12 CMakeFiles/EE_code.elf.dir/Core/Startup/startup_stm32f103c8tx.s.obj
 .debug_abbrev  0x000016b3      0x1f4 CMakeFiles/EE_code.elf.dir/Drivers/STM32F1xx_HAL_Driver/Src/stm32f1xx_hal.c.obj
 .debug_abbrev  0x000018a7      0x341 CMakeFiles/EE_code.elf.dir/Drivers/STM32F1xx_HAL_Driver/Src/stm32f1xx_hal_cortex.c.obj
 .debug_abbrev  0x00001be8      0x223 CMakeFiles/EE_code.elf.dir/Drivers/STM32F1xx_HAL_Driver/Src/stm32f1xx_hal_dma.c.obj
 .debug_abbrev  0x00001e0b      0x1e6 CMakeFiles/EE_code.elf.dir/Drivers/STM32F1xx_HAL_Driver/Src/stm32f1xx_hal_gpio.c.obj
 .debug_abbrev  0x00001ff1      0x27a CMakeFiles/EE_code.elf.dir/Drivers/STM32F1xx_HAL_Driver/Src/stm32f1xx_hal_rcc.c.obj
 .debug_abbrev  0x0000226b      0x23e CMakeFiles/EE_code.elf.dir/Drivers/STM32F1xx_HAL_Driver/Src/stm32f1xx_hal_tim.c.obj
 .debug_abbrev  0x000024a9      0x241 CMakeFiles/EE_code.elf.dir/Drivers/STM32F1xx_HAL_Driver/Src/stm32f1xx_hal_tim_ex.c.obj
 .debug_abbrev  0x000026ea      0x254 CMakeFiles/EE_code.elf.dir/Drivers/STM32F1xx_HAL_Driver/Src/stm32f1xx_hal_uart.c.obj

.debug_aranges  0x00000000      0xdf8
 .debug_aranges
                0x00000000       0x30 CMakeFiles/EE_code.elf.dir/Core/BSP/LED_BEEP.c.obj
 .debug_aranges
                0x00000030       0x60 CMakeFiles/EE_code.elf.dir/Core/BSP/encoder.c.obj
 .debug_aranges
                0x00000090       0x80 CMakeFiles/EE_code.elf.dir/Core/BSP/motor.c.obj
 .debug_aranges
                0x00000110       0x40 CMakeFiles/EE_code.elf.dir/Core/BSP/openmv.c.obj
 .debug_aranges
                0x00000150       0x50 CMakeFiles/EE_code.elf.dir/Core/BSP/pid.c.obj
 .debug_aranges
                0x000001a0       0x28 CMakeFiles/EE_code.elf.dir/Core/BSP/tof.c.obj
 .debug_aranges
                0x000001c8       0x20 CMakeFiles/EE_code.elf.dir/Core/Src/dma.c.obj
 .debug_aranges
                0x000001e8       0x20 CMakeFiles/EE_code.elf.dir/Core/Src/gpio.c.obj
 .debug_aranges
                0x00000208       0x30 CMakeFiles/EE_code.elf.dir/Core/Src/main.c.obj
 .debug_aranges
                0x00000238       0x20 CMakeFiles/EE_code.elf.dir/Core/Src/stm32f1xx_hal_msp.c.obj
 .debug_aranges
                0x00000258       0xa8 CMakeFiles/EE_code.elf.dir/Core/Src/stm32f1xx_it.c.obj
 .debug_aranges
                0x00000300       0x28 CMakeFiles/EE_code.elf.dir/Core/Src/system_stm32f1xx.c.obj
 .debug_aranges
                0x00000328       0x60 CMakeFiles/EE_code.elf.dir/Core/Src/tim.c.obj
 .debug_aranges
                0x00000388       0x38 CMakeFiles/EE_code.elf.dir/Core/Src/usart.c.obj
 .debug_aranges
                0x000003c0       0x28 CMakeFiles/EE_code.elf.dir/Core/Startup/startup_stm32f103c8tx.s.obj
 .debug_aranges
                0x000003e8       0xe0 CMakeFiles/EE_code.elf.dir/Drivers/STM32F1xx_HAL_Driver/Src/stm32f1xx_hal.c.obj
 .debug_aranges
                0x000004c8       0x90 CMakeFiles/EE_code.elf.dir/Drivers/STM32F1xx_HAL_Driver/Src/stm32f1xx_hal_cortex.c.obj
 .debug_aranges
                0x00000558       0x80 CMakeFiles/EE_code.elf.dir/Drivers/STM32F1xx_HAL_Driver/Src/stm32f1xx_hal_dma.c.obj
 .debug_aranges
                0x000005d8       0x58 CMakeFiles/EE_code.elf.dir/Drivers/STM32F1xx_HAL_Driver/Src/stm32f1xx_hal_gpio.c.obj
 .debug_aranges
                0x00000630       0x90 CMakeFiles/EE_code.elf.dir/Drivers/STM32F1xx_HAL_Driver/Src/stm32f1xx_hal_rcc.c.obj
 .debug_aranges
                0x000006c0      0x3d0 CMakeFiles/EE_code.elf.dir/Drivers/STM32F1xx_HAL_Driver/Src/stm32f1xx_hal_tim.c.obj
 .debug_aranges
                0x00000a90      0x168 CMakeFiles/EE_code.elf.dir/Drivers/STM32F1xx_HAL_Driver/Src/stm32f1xx_hal_tim_ex.c.obj
 .debug_aranges
                0x00000bf8      0x200 CMakeFiles/EE_code.elf.dir/Drivers/STM32F1xx_HAL_Driver/Src/stm32f1xx_hal_uart.c.obj

.debug_ranges   0x00000000      0xd10
 .debug_ranges  0x00000000       0x20 CMakeFiles/EE_code.elf.dir/Core/BSP/LED_BEEP.c.obj
 .debug_ranges  0x00000020       0x50 CMakeFiles/EE_code.elf.dir/Core/BSP/encoder.c.obj
 .debug_ranges  0x00000070       0x70 CMakeFiles/EE_code.elf.dir/Core/BSP/motor.c.obj
 .debug_ranges  0x000000e0       0x30 CMakeFiles/EE_code.elf.dir/Core/BSP/openmv.c.obj
 .debug_ranges  0x00000110       0x40 CMakeFiles/EE_code.elf.dir/Core/BSP/pid.c.obj
 .debug_ranges  0x00000150       0x18 CMakeFiles/EE_code.elf.dir/Core/BSP/tof.c.obj
 .debug_ranges  0x00000168       0x10 CMakeFiles/EE_code.elf.dir/Core/Src/dma.c.obj
 .debug_ranges  0x00000178       0x10 CMakeFiles/EE_code.elf.dir/Core/Src/gpio.c.obj
 .debug_ranges  0x00000188       0x20 CMakeFiles/EE_code.elf.dir/Core/Src/main.c.obj
 .debug_ranges  0x000001a8       0x10 CMakeFiles/EE_code.elf.dir/Core/Src/stm32f1xx_hal_msp.c.obj
 .debug_ranges  0x000001b8       0x98 CMakeFiles/EE_code.elf.dir/Core/Src/stm32f1xx_it.c.obj
 .debug_ranges  0x00000250       0x18 CMakeFiles/EE_code.elf.dir/Core/Src/system_stm32f1xx.c.obj
 .debug_ranges  0x00000268       0x50 CMakeFiles/EE_code.elf.dir/Core/Src/tim.c.obj
 .debug_ranges  0x000002b8       0x28 CMakeFiles/EE_code.elf.dir/Core/Src/usart.c.obj
 .debug_ranges  0x000002e0       0x20 CMakeFiles/EE_code.elf.dir/Core/Startup/startup_stm32f103c8tx.s.obj
 .debug_ranges  0x00000300       0xd0 CMakeFiles/EE_code.elf.dir/Drivers/STM32F1xx_HAL_Driver/Src/stm32f1xx_hal.c.obj
 .debug_ranges  0x000003d0       0xe0 CMakeFiles/EE_code.elf.dir/Drivers/STM32F1xx_HAL_Driver/Src/stm32f1xx_hal_cortex.c.obj
 .debug_ranges  0x000004b0       0x70 CMakeFiles/EE_code.elf.dir/Drivers/STM32F1xx_HAL_Driver/Src/stm32f1xx_hal_dma.c.obj
 .debug_ranges  0x00000520       0x48 CMakeFiles/EE_code.elf.dir/Drivers/STM32F1xx_HAL_Driver/Src/stm32f1xx_hal_gpio.c.obj
 .debug_ranges  0x00000568       0xa0 CMakeFiles/EE_code.elf.dir/Drivers/STM32F1xx_HAL_Driver/Src/stm32f1xx_hal_rcc.c.obj
 .debug_ranges  0x00000608      0x3c0 CMakeFiles/EE_code.elf.dir/Drivers/STM32F1xx_HAL_Driver/Src/stm32f1xx_hal_tim.c.obj
 .debug_ranges  0x000009c8      0x158 CMakeFiles/EE_code.elf.dir/Drivers/STM32F1xx_HAL_Driver/Src/stm32f1xx_hal_tim_ex.c.obj
 .debug_ranges  0x00000b20      0x1f0 CMakeFiles/EE_code.elf.dir/Drivers/STM32F1xx_HAL_Driver/Src/stm32f1xx_hal_uart.c.obj

.debug_line     0x00000000     0xed56
 .debug_line    0x00000000      0x22c CMakeFiles/EE_code.elf.dir/Core/BSP/LED_BEEP.c.obj
 .debug_line    0x0000022c      0x61f CMakeFiles/EE_code.elf.dir/Core/BSP/encoder.c.obj
 .debug_line    0x0000084b      0x889 CMakeFiles/EE_code.elf.dir/Core/BSP/motor.c.obj
 .debug_line    0x000010d4      0x58d CMakeFiles/EE_code.elf.dir/Core/BSP/openmv.c.obj
 .debug_line    0x00001661      0x51d CMakeFiles/EE_code.elf.dir/Core/BSP/pid.c.obj
 .debug_line    0x00001b7e      0x488 CMakeFiles/EE_code.elf.dir/Core/BSP/tof.c.obj
 .debug_line    0x00002006      0x20a CMakeFiles/EE_code.elf.dir/Core/Src/dma.c.obj
 .debug_line    0x00002210      0x281 CMakeFiles/EE_code.elf.dir/Core/Src/gpio.c.obj
 .debug_line    0x00002491      0x4ac CMakeFiles/EE_code.elf.dir/Core/Src/main.c.obj
 .debug_line    0x0000293d      0x1aa CMakeFiles/EE_code.elf.dir/Core/Src/stm32f1xx_hal_msp.c.obj
 .debug_line    0x00002ae7      0x47b CMakeFiles/EE_code.elf.dir/Core/Src/stm32f1xx_it.c.obj
 .debug_line    0x00002f62      0x274 CMakeFiles/EE_code.elf.dir/Core/Src/system_stm32f1xx.c.obj
 .debug_line    0x000031d6      0x757 CMakeFiles/EE_code.elf.dir/Core/Src/tim.c.obj
 .debug_line    0x0000392d      0x5cf CMakeFiles/EE_code.elf.dir/Core/Src/usart.c.obj
 .debug_line    0x00003efc       0xbb CMakeFiles/EE_code.elf.dir/Core/Startup/startup_stm32f103c8tx.s.obj
 .debug_line    0x00003fb7      0x5ca CMakeFiles/EE_code.elf.dir/Drivers/STM32F1xx_HAL_Driver/Src/stm32f1xx_hal.c.obj
 .debug_line    0x00004581      0x69e CMakeFiles/EE_code.elf.dir/Drivers/STM32F1xx_HAL_Driver/Src/stm32f1xx_hal_cortex.c.obj
 .debug_line    0x00004c1f      0xab8 CMakeFiles/EE_code.elf.dir/Drivers/STM32F1xx_HAL_Driver/Src/stm32f1xx_hal_dma.c.obj
 .debug_line    0x000056d7      0x648 CMakeFiles/EE_code.elf.dir/Drivers/STM32F1xx_HAL_Driver/Src/stm32f1xx_hal_gpio.c.obj
 .debug_line    0x00005d1f      0xc91 CMakeFiles/EE_code.elf.dir/Drivers/STM32F1xx_HAL_Driver/Src/stm32f1xx_hal_rcc.c.obj
 .debug_line    0x000069b0     0x46c3 CMakeFiles/EE_code.elf.dir/Drivers/STM32F1xx_HAL_Driver/Src/stm32f1xx_hal_tim.c.obj
 .debug_line    0x0000b073     0x1bc3 CMakeFiles/EE_code.elf.dir/Drivers/STM32F1xx_HAL_Driver/Src/stm32f1xx_hal_tim_ex.c.obj
 .debug_line    0x0000cc36     0x2120 CMakeFiles/EE_code.elf.dir/Drivers/STM32F1xx_HAL_Driver/Src/stm32f1xx_hal_uart.c.obj

.debug_str      0x00000000     0x4857
 .debug_str     0x00000000      0x232 CMakeFiles/EE_code.elf.dir/Core/BSP/LED_BEEP.c.obj
                                0x278 (size before relaxing)
 .debug_str     0x00000232      0x87d CMakeFiles/EE_code.elf.dir/Core/BSP/encoder.c.obj
                                0xb15 (size before relaxing)
 .debug_str     0x00000aaf      0x29c CMakeFiles/EE_code.elf.dir/Core/BSP/motor.c.obj
                                0x699 (size before relaxing)
 .debug_str     0x00000d4b      0x6a5 CMakeFiles/EE_code.elf.dir/Core/BSP/openmv.c.obj
                                0xae8 (size before relaxing)
 .debug_str     0x000013f0      0x14d CMakeFiles/EE_code.elf.dir/Core/BSP/pid.c.obj
                                0x464 (size before relaxing)
 .debug_str     0x0000153d       0x9d CMakeFiles/EE_code.elf.dir/Core/BSP/tof.c.obj
                                0x69b (size before relaxing)
 .debug_str     0x000015da      0x395 CMakeFiles/EE_code.elf.dir/Core/Src/dma.c.obj
                                0x546 (size before relaxing)
 .debug_str     0x0000196f       0x88 CMakeFiles/EE_code.elf.dir/Core/Src/gpio.c.obj
                                0x2e3 (size before relaxing)
 .debug_str     0x000019f7      0x24d CMakeFiles/EE_code.elf.dir/Core/Src/main.c.obj
                                0x997 (size before relaxing)
 .debug_str     0x00001c44       0x8e CMakeFiles/EE_code.elf.dir/Core/Src/stm32f1xx_hal_msp.c.obj
                                0x285 (size before relaxing)
 .debug_str     0x00001cd2      0x219 CMakeFiles/EE_code.elf.dir/Core/Src/stm32f1xx_it.c.obj
                                0xaa4 (size before relaxing)
 .debug_str     0x00001eeb       0xb2 CMakeFiles/EE_code.elf.dir/Core/Src/system_stm32f1xx.c.obj
                                0x2ba (size before relaxing)
 .debug_str     0x00001f9d      0x327 CMakeFiles/EE_code.elf.dir/Core/Src/tim.c.obj
                                0xdd8 (size before relaxing)
 .debug_str     0x000022c4       0xa1 CMakeFiles/EE_code.elf.dir/Core/Src/usart.c.obj
                                0xa82 (size before relaxing)
 .debug_str     0x00002365       0x6a CMakeFiles/EE_code.elf.dir/Core/Startup/startup_stm32f103c8tx.s.obj
                                 0xb3 (size before relaxing)
 .debug_str     0x000023cf      0x338 CMakeFiles/EE_code.elf.dir/Drivers/STM32F1xx_HAL_Driver/Src/stm32f1xx_hal.c.obj
                                0x88a (size before relaxing)
 .debug_str     0x00002707      0x3d2 CMakeFiles/EE_code.elf.dir/Drivers/STM32F1xx_HAL_Driver/Src/stm32f1xx_hal_cortex.c.obj
                                0x939 (size before relaxing)
 .debug_str     0x00002ad9      0x244 CMakeFiles/EE_code.elf.dir/Drivers/STM32F1xx_HAL_Driver/Src/stm32f1xx_hal_dma.c.obj
                                0x663 (size before relaxing)
 .debug_str     0x00002d1d      0x149 CMakeFiles/EE_code.elf.dir/Drivers/STM32F1xx_HAL_Driver/Src/stm32f1xx_hal_gpio.c.obj
                                0x466 (size before relaxing)
 .debug_str     0x00002e66      0x228 CMakeFiles/EE_code.elf.dir/Drivers/STM32F1xx_HAL_Driver/Src/stm32f1xx_hal_rcc.c.obj
                                0x691 (size before relaxing)
 .debug_str     0x0000308e      0xcc1 CMakeFiles/EE_code.elf.dir/Drivers/STM32F1xx_HAL_Driver/Src/stm32f1xx_hal_tim.c.obj
                               0x169e (size before relaxing)
 .debug_str     0x00003d4f      0x558 CMakeFiles/EE_code.elf.dir/Drivers/STM32F1xx_HAL_Driver/Src/stm32f1xx_hal_tim_ex.c.obj
                                0xe9f (size before relaxing)
 .debug_str     0x000042a7      0x5b0 CMakeFiles/EE_code.elf.dir/Drivers/STM32F1xx_HAL_Driver/Src/stm32f1xx_hal_uart.c.obj
                                0xcf4 (size before relaxing)

.comment        0x00000000       0x49
 .comment       0x00000000       0x49 CMakeFiles/EE_code.elf.dir/Core/BSP/LED_BEEP.c.obj
                                 0x4a (size before relaxing)
 .comment       0x00000049       0x4a CMakeFiles/EE_code.elf.dir/Core/BSP/encoder.c.obj
 .comment       0x00000049       0x4a CMakeFiles/EE_code.elf.dir/Core/BSP/motor.c.obj
 .comment       0x00000049       0x4a CMakeFiles/EE_code.elf.dir/Core/BSP/openmv.c.obj
 .comment       0x00000049       0x4a CMakeFiles/EE_code.elf.dir/Core/BSP/pid.c.obj
 .comment       0x00000049       0x4a CMakeFiles/EE_code.elf.dir/Core/BSP/tof.c.obj
 .comment       0x00000049       0x4a CMakeFiles/EE_code.elf.dir/Core/Src/dma.c.obj
 .comment       0x00000049       0x4a CMakeFiles/EE_code.elf.dir/Core/Src/gpio.c.obj
 .comment       0x00000049       0x4a CMakeFiles/EE_code.elf.dir/Core/Src/main.c.obj
 .comment       0x00000049       0x4a CMakeFiles/EE_code.elf.dir/Core/Src/stm32f1xx_hal_msp.c.obj
 .comment       0x00000049       0x4a CMakeFiles/EE_code.elf.dir/Core/Src/stm32f1xx_it.c.obj
 .comment       0x00000049       0x4a CMakeFiles/EE_code.elf.dir/Core/Src/system_stm32f1xx.c.obj
 .comment       0x00000049       0x4a CMakeFiles/EE_code.elf.dir/Core/Src/tim.c.obj
 .comment       0x00000049       0x4a CMakeFiles/EE_code.elf.dir/Core/Src/usart.c.obj
 .comment       0x00000049       0x4a CMakeFiles/EE_code.elf.dir/Drivers/STM32F1xx_HAL_Driver/Src/stm32f1xx_hal.c.obj
 .comment       0x00000049       0x4a CMakeFiles/EE_code.elf.dir/Drivers/STM32F1xx_HAL_Driver/Src/stm32f1xx_hal_cortex.c.obj
 .comment       0x00000049       0x4a CMakeFiles/EE_code.elf.dir/Drivers/STM32F1xx_HAL_Driver/Src/stm32f1xx_hal_dma.c.obj
 .comment       0x00000049       0x4a CMakeFiles/EE_code.elf.dir/Drivers/STM32F1xx_HAL_Driver/Src/stm32f1xx_hal_gpio.c.obj
 .comment       0x00000049       0x4a CMakeFiles/EE_code.elf.dir/Drivers/STM32F1xx_HAL_Driver/Src/stm32f1xx_hal_rcc.c.obj
 .comment       0x00000049       0x4a CMakeFiles/EE_code.elf.dir/Drivers/STM32F1xx_HAL_Driver/Src/stm32f1xx_hal_tim.c.obj
 .comment       0x00000049       0x4a CMakeFiles/EE_code.elf.dir/Drivers/STM32F1xx_HAL_Driver/Src/stm32f1xx_hal_tim_ex.c.obj
 .comment       0x00000049       0x4a CMakeFiles/EE_code.elf.dir/Drivers/STM32F1xx_HAL_Driver/Src/stm32f1xx_hal_uart.c.obj

.debug_frame    0x00000000     0x28e8
 .debug_frame   0x00000000       0x50 CMakeFiles/EE_code.elf.dir/Core/BSP/LED_BEEP.c.obj
 .debug_frame   0x00000050      0x114 CMakeFiles/EE_code.elf.dir/Core/BSP/encoder.c.obj
 .debug_frame   0x00000164      0x19c CMakeFiles/EE_code.elf.dir/Core/BSP/motor.c.obj
 .debug_frame   0x00000300       0x94 CMakeFiles/EE_code.elf.dir/Core/BSP/openmv.c.obj
 .debug_frame   0x00000394       0xb8 CMakeFiles/EE_code.elf.dir/Core/BSP/pid.c.obj
 .debug_frame   0x0000044c       0x4c CMakeFiles/EE_code.elf.dir/Core/BSP/tof.c.obj
 .debug_frame   0x00000498       0x2c CMakeFiles/EE_code.elf.dir/Core/Src/dma.c.obj
 .debug_frame   0x000004c4       0x38 CMakeFiles/EE_code.elf.dir/Core/Src/gpio.c.obj
 .debug_frame   0x000004fc       0x58 CMakeFiles/EE_code.elf.dir/Core/Src/main.c.obj
 .debug_frame   0x00000554       0x28 CMakeFiles/EE_code.elf.dir/Core/Src/stm32f1xx_hal_msp.c.obj
 .debug_frame   0x0000057c      0x180 CMakeFiles/EE_code.elf.dir/Core/Src/stm32f1xx_it.c.obj
 .debug_frame   0x000006fc       0x30 CMakeFiles/EE_code.elf.dir/Core/Src/system_stm32f1xx.c.obj
 .debug_frame   0x0000072c      0x11c CMakeFiles/EE_code.elf.dir/Core/Src/tim.c.obj
 .debug_frame   0x00000848       0x7c CMakeFiles/EE_code.elf.dir/Core/Src/usart.c.obj
 .debug_frame   0x000008c4      0x1cc CMakeFiles/EE_code.elf.dir/Drivers/STM32F1xx_HAL_Driver/Src/stm32f1xx_hal.c.obj
 .debug_frame   0x00000a90      0x118 CMakeFiles/EE_code.elf.dir/Drivers/STM32F1xx_HAL_Driver/Src/stm32f1xx_hal_cortex.c.obj
 .debug_frame   0x00000ba8      0x144 CMakeFiles/EE_code.elf.dir/Drivers/STM32F1xx_HAL_Driver/Src/stm32f1xx_hal_dma.c.obj
 .debug_frame   0x00000cec       0xe4 CMakeFiles/EE_code.elf.dir/Drivers/STM32F1xx_HAL_Driver/Src/stm32f1xx_hal_gpio.c.obj
 .debug_frame   0x00000dd0      0x190 CMakeFiles/EE_code.elf.dir/Drivers/STM32F1xx_HAL_Driver/Src/stm32f1xx_hal_rcc.c.obj
 .debug_frame   0x00000f60      0xb18 CMakeFiles/EE_code.elf.dir/Drivers/STM32F1xx_HAL_Driver/Src/stm32f1xx_hal_tim.c.obj
 .debug_frame   0x00001a78      0x40c CMakeFiles/EE_code.elf.dir/Drivers/STM32F1xx_HAL_Driver/Src/stm32f1xx_hal_tim_ex.c.obj
 .debug_frame   0x00001e84      0x5c4 CMakeFiles/EE_code.elf.dir/Drivers/STM32F1xx_HAL_Driver/Src/stm32f1xx_hal_uart.c.obj
 .debug_frame   0x00002448       0xac d:/enviro~1/gcc-ar~1/102021~1.10/bin/../lib/gcc/arm-none-eabi/10.3.1/thumb/v7-m/nofp\libgcc.a(_arm_addsubdf3.o)
 .debug_frame   0x000024f4       0x50 d:/enviro~1/gcc-ar~1/102021~1.10/bin/../lib/gcc/arm-none-eabi/10.3.1/thumb/v7-m/nofp\libgcc.a(_arm_muldivdf3.o)
 .debug_frame   0x00002544       0x24 d:/enviro~1/gcc-ar~1/102021~1.10/bin/../lib/gcc/arm-none-eabi/10.3.1/thumb/v7-m/nofp\libgcc.a(_arm_truncdfsf2.o)
 .debug_frame   0x00002568       0x4c d:/enviro~1/gcc-ar~1/102021~1.10/bin/../lib/gcc/arm-none-eabi/10.3.1/thumb/v7-m/nofp\libgcc.a(_arm_addsubsf3.o)
 .debug_frame   0x000025b4       0x38 d:/enviro~1/gcc-ar~1/102021~1.10/bin/../lib/gcc/arm-none-eabi/10.3.1/thumb/v7-m/nofp\libgcc.a(_arm_muldivsf3.o)
 .debug_frame   0x000025ec       0xc8 d:/enviro~1/gcc-ar~1/102021~1.10/bin/../lib/gcc/arm-none-eabi/10.3.1/thumb/v7-m/nofp\libgcc.a(_arm_cmpsf2.o)
 .debug_frame   0x000026b4       0x24 d:/enviro~1/gcc-ar~1/102021~1.10/bin/../lib/gcc/arm-none-eabi/10.3.1/thumb/v7-m/nofp\libgcc.a(_arm_fixsfsi.o)
 .debug_frame   0x000026d8       0x24 d:/enviro~1/gcc-ar~1/102021~1.10/bin/../lib/gcc/arm-none-eabi/10.3.1/thumb/v7-m/nofp\libgcc.a(_arm_fixunssfsi.o)
 .debug_frame   0x000026fc       0x2c d:/enviro~1/gcc-ar~1/102021~1.10/bin/../lib/gcc/arm-none-eabi/10.3.1/../../../../arm-none-eabi/lib/thumb/v7-m/nofp\libg.a(lib_a-init.o)
 .debug_frame   0x00002728       0x2c d:/enviro~1/gcc-ar~1/102021~1.10/bin/../lib/gcc/arm-none-eabi/10.3.1/../../../../arm-none-eabi/lib/thumb/v7-m/nofp\libg.a(lib_a-memset.o)
 .debug_frame   0x00002754       0x5c d:/enviro~1/gcc-ar~1/102021~1.10/bin/../lib/gcc/arm-none-eabi/10.3.1/../../../../arm-none-eabi/lib/thumb/v7-m/nofp\libg.a(lib_a-__call_atexit.o)
 .debug_frame   0x000027b0       0x20 d:/enviro~1/gcc-ar~1/102021~1.10/bin/../lib/gcc/arm-none-eabi/10.3.1/../../../../arm-none-eabi/lib/thumb/v7-m/nofp\libg.a(lib_a-atexit.o)
 .debug_frame   0x000027d0       0x34 d:/enviro~1/gcc-ar~1/102021~1.10/bin/../lib/gcc/arm-none-eabi/10.3.1/../../../../arm-none-eabi/lib/thumb/v7-m/nofp\libg.a(lib_a-fini.o)
 .debug_frame   0x00002804       0xb0 d:/enviro~1/gcc-ar~1/102021~1.10/bin/../lib/gcc/arm-none-eabi/10.3.1/../../../../arm-none-eabi/lib/thumb/v7-m/nofp\libg.a(lib_a-lock.o)
 .debug_frame   0x000028b4       0x34 d:/enviro~1/gcc-ar~1/102021~1.10/bin/../lib/gcc/arm-none-eabi/10.3.1/../../../../arm-none-eabi/lib/thumb/v7-m/nofp\libg.a(lib_a-__atexit.o)

.debug_loc      0x00000000     0xa5b8
 .debug_loc     0x00000000       0xf2 CMakeFiles/EE_code.elf.dir/Core/BSP/encoder.c.obj
 .debug_loc     0x000000f2      0x10c CMakeFiles/EE_code.elf.dir/Core/BSP/motor.c.obj
 .debug_loc     0x000001fe      0x162 CMakeFiles/EE_code.elf.dir/Core/BSP/openmv.c.obj
 .debug_loc     0x00000360       0xd1 CMakeFiles/EE_code.elf.dir/Core/BSP/pid.c.obj
 .debug_loc     0x00000431       0x7d CMakeFiles/EE_code.elf.dir/Core/BSP/tof.c.obj
 .debug_loc     0x000004ae       0x15 CMakeFiles/EE_code.elf.dir/Core/Src/stm32f1xx_hal_msp.c.obj
 .debug_loc     0x000004c3       0xff CMakeFiles/EE_code.elf.dir/Core/Src/system_stm32f1xx.c.obj
 .debug_loc     0x000005c2      0x1a1 CMakeFiles/EE_code.elf.dir/Core/Src/tim.c.obj
 .debug_loc     0x00000763       0xac CMakeFiles/EE_code.elf.dir/Core/Src/usart.c.obj
 .debug_loc     0x0000080f      0x141 CMakeFiles/EE_code.elf.dir/Drivers/STM32F1xx_HAL_Driver/Src/stm32f1xx_hal.c.obj
 .debug_loc     0x00000950      0x71f CMakeFiles/EE_code.elf.dir/Drivers/STM32F1xx_HAL_Driver/Src/stm32f1xx_hal_cortex.c.obj
 .debug_loc     0x0000106f      0x7d1 CMakeFiles/EE_code.elf.dir/Drivers/STM32F1xx_HAL_Driver/Src/stm32f1xx_hal_dma.c.obj
 .debug_loc     0x00001840      0x47d CMakeFiles/EE_code.elf.dir/Drivers/STM32F1xx_HAL_Driver/Src/stm32f1xx_hal_gpio.c.obj
 .debug_loc     0x00001cbd      0x63e CMakeFiles/EE_code.elf.dir/Drivers/STM32F1xx_HAL_Driver/Src/stm32f1xx_hal_rcc.c.obj
 .debug_loc     0x000022fb     0x47a8 CMakeFiles/EE_code.elf.dir/Drivers/STM32F1xx_HAL_Driver/Src/stm32f1xx_hal_tim.c.obj
 .debug_loc     0x00006aa3     0x1ade CMakeFiles/EE_code.elf.dir/Drivers/STM32F1xx_HAL_Driver/Src/stm32f1xx_hal_tim_ex.c.obj
 .debug_loc     0x00008581     0x2037 CMakeFiles/EE_code.elf.dir/Drivers/STM32F1xx_HAL_Driver/Src/stm32f1xx_hal_uart.c.obj
