Archive member included to satisfy reference by file (symbol)

d:/enviro~1/gcc-ar~1/102021~1.10/bin/../lib/gcc/arm-none-eabi/10.3.1/thumb/v7-m/nofp\libgcc.a(_arm_mulsf3.o)
                              CMakeFiles/EE_code.elf.dir/Core/BSP/encoder.c.obj (__aeabi_fmul)
d:/enviro~1/gcc-ar~1/102021~1.10/bin/../lib/gcc/arm-none-eabi/10.3.1/thumb/v7-m/nofp\libgcc.a(_arm_addsubdf3.o)
                              CMakeFiles/EE_code.elf.dir/Core/BSP/encoder.c.obj (__aeabi_f2d)
d:/enviro~1/gcc-ar~1/102021~1.10/bin/../lib/gcc/arm-none-eabi/10.3.1/thumb/v7-m/nofp\libgcc.a(_arm_muldivdf3.o)
                              CMakeFiles/EE_code.elf.dir/Core/BSP/encoder.c.obj (__aeabi_ddiv)
d:/enviro~1/gcc-ar~1/102021~1.10/bin/../lib/gcc/arm-none-eabi/10.3.1/thumb/v7-m/nofp\libgcc.a(_arm_truncdfsf2.o)
                              CMakeFiles/EE_code.elf.dir/Core/BSP/encoder.c.obj (__aeabi_d2f)
d:/enviro~1/gcc-ar~1/102021~1.10/bin/../lib/gcc/arm-none-eabi/10.3.1/thumb/v7-m/nofp\libgcc.a(_arm_addsubsf3.o)
                              CMakeFiles/EE_code.elf.dir/Core/BSP/motor.c.obj (__aeabi_fsub)
d:/enviro~1/gcc-ar~1/102021~1.10/bin/../lib/gcc/arm-none-eabi/10.3.1/thumb/v7-m/nofp\libgcc.a(_arm_muldivsf3.o)
                              CMakeFiles/EE_code.elf.dir/Core/BSP/motor.c.obj (__aeabi_fdiv)
d:/enviro~1/gcc-ar~1/102021~1.10/bin/../lib/gcc/arm-none-eabi/10.3.1/thumb/v7-m/nofp\libgcc.a(_arm_cmpsf2.o)
                              CMakeFiles/EE_code.elf.dir/Core/BSP/pid.c.obj (__aeabi_fcmpeq)
d:/enviro~1/gcc-ar~1/102021~1.10/bin/../lib/gcc/arm-none-eabi/10.3.1/thumb/v7-m/nofp\libgcc.a(_arm_fixsfsi.o)
                              CMakeFiles/EE_code.elf.dir/Core/BSP/debugc.c.obj (__aeabi_f2iz)
d:/enviro~1/gcc-ar~1/102021~1.10/bin/../lib/gcc/arm-none-eabi/10.3.1/thumb/v7-m/nofp\libgcc.a(_arm_fixunssfsi.o)
                              CMakeFiles/EE_code.elf.dir/Core/BSP/encoder.c.obj (__aeabi_f2uiz)
d:/enviro~1/gcc-ar~1/102021~1.10/bin/../lib/gcc/arm-none-eabi/10.3.1/../../../../arm-none-eabi/lib/thumb/v7-m/nofp\libg.a(lib_a-errno.o)
                              CMakeFiles/EE_code.elf.dir/Core/Src/syscalls.c.obj (__errno)
d:/enviro~1/gcc-ar~1/102021~1.10/bin/../lib/gcc/arm-none-eabi/10.3.1/../../../../arm-none-eabi/lib/thumb/v7-m/nofp\libg.a(lib_a-exit.o)
                              d:/enviro~1/gcc-ar~1/102021~1.10/bin/../lib/gcc/arm-none-eabi/10.3.1/../../../../arm-none-eabi/lib/thumb/v7-m/nofp/crt0.o (exit)
d:/enviro~1/gcc-ar~1/102021~1.10/bin/../lib/gcc/arm-none-eabi/10.3.1/../../../../arm-none-eabi/lib/thumb/v7-m/nofp\libg.a(lib_a-impure.o)
                              d:/enviro~1/gcc-ar~1/102021~1.10/bin/../lib/gcc/arm-none-eabi/10.3.1/../../../../arm-none-eabi/lib/thumb/v7-m/nofp\libg.a(lib_a-exit.o) (_global_impure_ptr)
d:/enviro~1/gcc-ar~1/102021~1.10/bin/../lib/gcc/arm-none-eabi/10.3.1/../../../../arm-none-eabi/lib/thumb/v7-m/nofp\libg.a(lib_a-init.o)
                              d:/enviro~1/gcc-ar~1/102021~1.10/bin/../lib/gcc/arm-none-eabi/10.3.1/../../../../arm-none-eabi/lib/thumb/v7-m/nofp/crt0.o (__libc_init_array)
d:/enviro~1/gcc-ar~1/102021~1.10/bin/../lib/gcc/arm-none-eabi/10.3.1/../../../../arm-none-eabi/lib/thumb/v7-m/nofp\libg.a(lib_a-memset.o)
                              d:/enviro~1/gcc-ar~1/102021~1.10/bin/../lib/gcc/arm-none-eabi/10.3.1/../../../../arm-none-eabi/lib/thumb/v7-m/nofp/crt0.o (memset)
d:/enviro~1/gcc-ar~1/102021~1.10/bin/../lib/gcc/arm-none-eabi/10.3.1/../../../../arm-none-eabi/lib/thumb/v7-m/nofp\libg.a(lib_a-strtod.o)
                              CMakeFiles/EE_code.elf.dir/Core/BSP/debugc.c.obj (strtof)
d:/enviro~1/gcc-ar~1/102021~1.10/bin/../lib/gcc/arm-none-eabi/10.3.1/../../../../arm-none-eabi/lib/thumb/v7-m/nofp\libg.a(lib_a-vsnprintf.o)
                              CMakeFiles/EE_code.elf.dir/Core/BSP/debugc.c.obj (vsnprintf)
d:/enviro~1/gcc-ar~1/102021~1.10/bin/../lib/gcc/arm-none-eabi/10.3.1/../../../../arm-none-eabi/lib/thumb/v7-m/nofp\libg.a(lib_a-__call_atexit.o)
                              d:/enviro~1/gcc-ar~1/102021~1.10/bin/../lib/gcc/arm-none-eabi/10.3.1/../../../../arm-none-eabi/lib/thumb/v7-m/nofp\libg.a(lib_a-exit.o) (__call_exitprocs)
d:/enviro~1/gcc-ar~1/102021~1.10/bin/../lib/gcc/arm-none-eabi/10.3.1/../../../../arm-none-eabi/lib/thumb/v7-m/nofp\libg.a(lib_a-atexit.o)
                              d:/enviro~1/gcc-ar~1/102021~1.10/bin/../lib/gcc/arm-none-eabi/10.3.1/../../../../arm-none-eabi/lib/thumb/v7-m/nofp\libg.a(lib_a-__call_atexit.o) (atexit)
d:/enviro~1/gcc-ar~1/102021~1.10/bin/../lib/gcc/arm-none-eabi/10.3.1/../../../../arm-none-eabi/lib/thumb/v7-m/nofp\libg.a(lib_a-fini.o)
                              d:/enviro~1/gcc-ar~1/102021~1.10/bin/../lib/gcc/arm-none-eabi/10.3.1/../../../../arm-none-eabi/lib/thumb/v7-m/nofp\libg.a(lib_a-__call_atexit.o) (__libc_fini_array)
d:/enviro~1/gcc-ar~1/102021~1.10/bin/../lib/gcc/arm-none-eabi/10.3.1/../../../../arm-none-eabi/lib/thumb/v7-m/nofp\libg.a(lib_a-gdtoa-gethex.o)
[...]
Memory Configuration

Name             Origin             Length             Attributes
RAM              0x20000000         0x00005000         xrw
FLASH            0x08000000         0x00010000         xr
*default*        0x00000000         0xffffffff

Linker script and memory map

LOAD d:/enviro~1/gcc-ar~1/102021~1.10/bin/../lib/gcc/arm-none-eabi/10.3.1/thumb/v7-m/nofp/crti.o
LOAD d:/enviro~1/gcc-ar~1/102021~1.10/bin/../lib/gcc/arm-none-eabi/10.3.1/thumb/v7-m/nofp/crtbegin.o
LOAD d:/enviro~1/gcc-ar~1/102021~1.10/bin/../lib/gcc/arm-none-eabi/10.3.1/../../../../arm-none-eabi/lib/thumb/v7-m/nofp/crt0.o
LOAD CMakeFiles/EE_code.elf.dir/Core/BSP/LED_BEEP.c.obj
LOAD CMakeFiles/EE_code.elf.dir/Core/BSP/debugc.c.obj
LOAD CMakeFiles/EE_code.elf.dir/Core/BSP/encoder.c.obj
LOAD CMakeFiles/EE_code.elf.dir/Core/BSP/motor.c.obj
LOAD CMakeFiles/EE_code.elf.dir/Core/BSP/mp3.c.obj
LOAD CMakeFiles/EE_code.elf.dir/Core/BSP/openmv.c.obj
LOAD CMakeFiles/EE_code.elf.dir/Core/BSP/pid.c.obj
LOAD CMakeFiles/EE_code.elf.dir/Core/BSP/tof.c.obj
LOAD CMakeFiles/EE_code.elf.dir/Core/BSP/tof_usart.c.obj
LOAD CMakeFiles/EE_code.elf.dir/Core/Src/dma.c.obj
LOAD CMakeFiles/EE_code.elf.dir/Core/Src/gpio.c.obj
LOAD CMakeFiles/EE_code.elf.dir/Core/Src/main.c.obj
LOAD CMakeFiles/EE_code.elf.dir/Core/Src/stm32f1xx_hal_msp.c.obj
LOAD CMakeFiles/EE_code.elf.dir/Core/Src/stm32f1xx_it.c.obj
LOAD CMakeFiles/EE_code.elf.dir/Core/Src/syscalls.c.obj
LOAD CMakeFiles/EE_code.elf.dir/Core/Src/sysmem.c.obj
LOAD CMakeFiles/EE_code.elf.dir/Core/Src/system_stm32f1xx.c.obj
LOAD CMakeFiles/EE_code.elf.dir/Core/Src/tim.c.obj
LOAD CMakeFiles/EE_code.elf.dir/Core/Src/usart.c.obj
LOAD CMakeFiles/EE_code.elf.dir/Core/Startup/startup_stm32f103c8tx.s.obj
LOAD CMakeFiles/EE_code.elf.dir/Drivers/STM32F1xx_HAL_Driver/Src/stm32f1xx_hal.c.obj
LOAD CMakeFiles/EE_code.elf.dir/Drivers/STM32F1xx_HAL_Driver/Src/stm32f1xx_hal_cortex.c.obj
LOAD CMakeFiles/EE_code.elf.dir/Drivers/STM32F1xx_HAL_Driver/Src/stm32f1xx_hal_dma.c.obj
LOAD CMakeFiles/EE_code.elf.dir/Drivers/STM32F1xx_HAL_Driver/Src/stm32f1xx_hal_exti.c.obj
LOAD CMakeFiles/EE_code.elf.dir/Drivers/STM32F1xx_HAL_Driver/Src/stm32f1xx_hal_flash.c.obj
LOAD CMakeFiles/EE_code.elf.dir/Drivers/STM32F1xx_HAL_Driver/Src/stm32f1xx_hal_flash_ex.c.obj
LOAD CMakeFiles/EE_code.elf.dir/Drivers/STM32F1xx_HAL_Driver/Src/stm32f1xx_hal_gpio.c.obj
LOAD CMakeFiles/EE_code.elf.dir/Drivers/STM32F1xx_HAL_Driver/Src/stm32f1xx_hal_gpio_ex.c.obj
LOAD CMakeFiles/EE_code.elf.dir/Drivers/STM32F1xx_HAL_Driver/Src/stm32f1xx_hal_pwr.c.obj
LOAD CMakeFiles/EE_code.elf.dir/Drivers/STM32F1xx_HAL_Driver/Src/stm32f1xx_hal_rcc.c.obj
LOAD CMakeFiles/EE_code.elf.dir/Drivers/STM32F1xx_HAL_Driver/Src/stm32f1xx_hal_rcc_ex.c.obj
LOAD CMakeFiles/EE_code.elf.dir/Drivers/STM32F1xx_HAL_Driver/Src/stm32f1xx_hal_tim.c.obj
LOAD CMakeFiles/EE_code.elf.dir/Drivers/STM32F1xx_HAL_Driver/Src/stm32f1xx_hal_tim_ex.c.obj
LOAD CMakeFiles/EE_code.elf.dir/Drivers/STM32F1xx_HAL_Driver/Src/stm32f1xx_hal_uart.c.obj
START GROUP
LOAD d:/enviro~1/gcc-ar~1/102021~1.10/bin/../lib/gcc/arm-none-eabi/10.3.1/thumb/v7-m/nofp\libgcc.a
LOAD d:/enviro~1/gcc-ar~1/102021~1.10/bin/../lib/gcc/arm-none-eabi/10.3.1/../../../../arm-none-eabi/lib/thumb/v7-m/nofp\libg.a
LOAD d:/enviro~1/gcc-ar~1/102021~1.10/bin/../lib/gcc/arm-none-eabi/10.3.1/../../../../arm-none-eabi/lib/thumb/v7-m/nofp\libc.a
END GROUP
LOAD d:/enviro~1/gcc-ar~1/102021~1.10/bin/../lib/gcc/arm-none-eabi/10.3.1/thumb/v7-m/nofp/crtend.o
LOAD d:/enviro~1/gcc-ar~1/102021~1.10/bin/../lib/gcc/arm-none-eabi/10.3.1/thumb/v7-m/nofp/crtn.o
                0x20005000                _estack = (ORIGIN (RAM) + LENGTH (RAM))
                0x00000200                _Min_Heap_Size = 0x200
                0x00000400                _Min_Stack_Size = 0x400

.isr_vector     0x08000000      0x10c
                0x08000000                . = ALIGN (0x4)
 *(.isr_vector)
 .isr_vector    0x08000000      0x10c CMakeFiles/EE_code.elf.dir/Core/Startup/startup_stm32f103c8tx.s.obj
                0x08000000                g_pfnVectors
                0x0800010c                . = ALIGN (0x4)

.text           0x08000110     0xc488
                0x08000110                . = ALIGN (0x4)
 *(.text)
 .text          0x08000110       0x40 d:/enviro~1/gcc-ar~1/102021~1.10/bin/../lib/gcc/arm-none-eabi/10.3.1/thumb/v7-m/nofp/crtbegin.o
 .text          0x08000150      0x378 d:/enviro~1/gcc-ar~1/102021~1.10/bin/../lib/gcc/arm-none-eabi/10.3.1/thumb/v7-m/nofp\libgcc.a(_arm_addsubdf3.o)
                0x08000150                __aeabi_drsub
                0x08000158                __aeabi_dsub
                0x08000158                __subdf3
                0x0800015c                __aeabi_dadd
                0x0800015c                __adddf3
                0x080003d4                __floatunsidf
                0x080003d4                __aeabi_ui2d
                0x080003f4                __floatsidf
                0x080003f4                __aeabi_i2d
                0x08000418                __aeabi_f2d
                0x08000418                __extendsfdf2
                0x0800045c                __floatundidf
                0x0800045c                __aeabi_ul2d
                0x0800046c                __floatdidf
                0x0800046c                __aeabi_l2d
 .text          0x080004c8      0x424 d:/enviro~1/gcc-ar~1/102021~1.10/bin/../lib/gcc/arm-none-eabi/10.3.1/thumb/v7-m/nofp\libgcc.a(_arm_muldivdf3.o)
                0x080004c8                __aeabi_dmul
                0x080004c8                __muldf3
                0x0800071c                __divdf3
                0x0800071c                __aeabi_ddiv
 .text          0x080008ec       0xa0 d:/enviro~1/gcc-ar~1/102021~1.10/bin/../lib/gcc/arm-none-eabi/10.3.1/thumb/v7-m/nofp\libgcc.a(_arm_truncdfsf2.o)
                0x080008ec                __truncdfsf2
                0x080008ec                __aeabi_d2f
 .text          0x0800098c      0x21c d:/enviro~1/gcc-ar~1/102021~1.10/bin/../lib/gcc/arm-none-eabi/10.3.1/thumb/v7-m/nofp\libgcc.a(_arm_addsubsf3.o)
                0x0800098c                __aeabi_frsub
                0x08000994                __subsf3
                0x08000994                __aeabi_fsub
                0x08000998                __aeabi_fadd
                0x08000998                __addsf3
                0x08000af8                __aeabi_ui2f
                0x08000af8                __floatunsisf
                0x08000b00                __aeabi_i2f
                0x08000b00                __floatsisf
                0x08000b1c                __aeabi_ul2f
                0x08000b1c                __floatundisf
                0x08000b2c                __aeabi_l2f
                0x08000b2c                __floatdisf
 .text          0x08000ba8      0x2a0 d:/enviro~1/gcc-ar~1/102021~1.10/bin/../lib/gcc/arm-none-eabi/10.3.1/thumb/v7-m/nofp\libgcc.a(_arm_muldivsf3.o)
                0x08000ba8                __mulsf3
                0x08000ba8                __aeabi_fmul
                0x08000d10                __aeabi_fdiv
                0x08000d10                __divsf3
 .text          0x08000e48       0xec d:/enviro~1/gcc-ar~1/102021~1.10/bin/../lib/gcc/arm-none-eabi/10.3.1/thumb/v7-m/nofp\libgcc.a(_arm_cmpsf2.o)
                0x08000e48                __gesf2
                0x08000e48                __gtsf2
                0x08000e50                __lesf2
                0x08000e50                __ltsf2
                0x08000e58                __nesf2
                0x08000e58                __eqsf2
                0x08000e58                __cmpsf2
                0x08000eb8                __aeabi_cfrcmple
                0x08000ec0                __aeabi_cfcmpeq
                0x08000ec0                __aeabi_cfcmple
                0x08000ed0                __aeabi_fcmpeq
                0x08000ee4                __aeabi_fcmplt
                0x08000ef8                __aeabi_fcmple
                0x08000f0c                __aeabi_fcmpge
                0x08000f20                __aeabi_fcmpgt
 .text          0x08000f34       0x4c d:/enviro~1/gcc-ar~1/102021~1.10/bin/../lib/gcc/arm-none-eabi/10.3.1/thumb/v7-m/nofp\libgcc.a(_arm_fixsfsi.o)
                0x08000f34                __aeabi_f2iz
                0x08000f34                __fixsfsi
 .text          0x08000f80       0x40 d:/enviro~1/gcc-ar~1/102021~1.10/bin/../lib/gcc/arm-none-eabi/10.3.1/thumb/v7-m/nofp\libgcc.a(_arm_fixunssfsi.o)
                0x08000f80                __fixunssfsi
                0x08000f80                __aeabi_f2uiz
 .text          0x08000fc0       0xec d:/enviro~1/gcc-ar~1/102021~1.10/bin/../lib/gcc/arm-none-eabi/10.3.1/../../../../arm-none-eabi/lib/thumb/v7-m/nofp\libg.a(lib_a-memcpy.o)
                0x08000fc0                memcpy
 .text          0x080010ac      0x110 d:/enviro~1/gcc-ar~1/102021~1.10/bin/../lib/gcc/arm-none-eabi/10.3.1/thumb/v7-m/nofp\libgcc.a(_arm_cmpdf2.o)
                0x080010ac                __gtdf2
                0x080010ac                __gedf2
                0x080010b4                __ltdf2
                0x080010b4                __ledf2
                0x080010bc                __nedf2
                0x080010bc                __eqdf2
                0x080010bc                __cmpdf2
                0x08001138                __aeabi_cdrcmple
                0x08001148                __aeabi_cdcmpeq
                0x08001148                __aeabi_cdcmple
                0x08001158                __aeabi_dcmpeq
                0x0800116c                __aeabi_dcmplt
                0x08001180                __aeabi_dcmple
                0x08001194                __aeabi_dcmpge
                0x080011a8                __aeabi_dcmpgt
 .text          0x080011bc       0x2c d:/enviro~1/gcc-ar~1/102021~1.10/bin/../lib/gcc/arm-none-eabi/10.3.1/thumb/v7-m/nofp\libgcc.a(_arm_unorddf2.o)
                0x080011bc                __unorddf2
                0x080011bc                __aeabi_dcmpun
 .text          0x080011e8       0x50 d:/enviro~1/gcc-ar~1/102021~1.10/bin/../lib/gcc/arm-none-eabi/10.3.1/thumb/v7-m/nofp\libgcc.a(_arm_fixdfsi.o)
                0x080011e8                __aeabi_d2iz
                0x080011e8                __fixdfsi
 .text          0x08001238       0x40 d:/enviro~1/gcc-ar~1/102021~1.10/bin/../lib/gcc/arm-none-eabi/10.3.1/thumb/v7-m/nofp\libgcc.a(_arm_fixunsdfsi.o)
                0x08001238                __aeabi_d2uiz
                0x08001238                __fixunsdfsi
 .text          0x08001278       0x2c d:/enviro~1/gcc-ar~1/102021~1.10/bin/../lib/gcc/arm-none-eabi/10.3.1/thumb/v7-m/nofp\libgcc.a(_arm_unordsf2.o)
                0x08001278                __unordsf2
                0x08001278                __aeabi_fcmpun
 .text          0x080012a4       0x30 d:/enviro~1/gcc-ar~1/102021~1.10/bin/../lib/gcc/arm-none-eabi/10.3.1/thumb/v7-m/nofp\libgcc.a(_aeabi_uldivmod.o)
                0x080012a4                __aeabi_uldivmod
 .text          0x080012d4       0x34 d:/enviro~1/gcc-ar~1/102021~1.10/bin/../lib/gcc/arm-none-eabi/10.3.1/thumb/v7-m/nofp\libgcc.a(_fixdfdi.o)
                0x080012d4                __fixdfdi
                0x080012d4                __aeabi_d2lz
 .text          0x08001308       0x3c d:/enviro~1/gcc-ar~1/102021~1.10/bin/../lib/gcc/arm-none-eabi/10.3.1/thumb/v7-m/nofp\libgcc.a(_fixunsdfdi.o)
                0x08001308                __fixunsdfdi
                0x08001308                __aeabi_d2ulz
 .text          0x08001344      0x2d4 d:/enviro~1/gcc-ar~1/102021~1.10/bin/../lib/gcc/arm-none-eabi/10.3.1/thumb/v7-m/nofp\libgcc.a(_udivmoddi4.o)
                0x08001344                __udivmoddi4
 .text          0x08001618        0x4 d:/enviro~1/gcc-ar~1/102021~1.10/bin/../lib/gcc/arm-none-eabi/10.3.1/thumb/v7-m/nofp\libgcc.a(_dvmd_tls.o)
                0x08001618                __aeabi_idiv0
                0x08001618                __aeabi_ldiv0
 *(.text*)
 .text.DEBUGC_UartInit
                0x0800161c       0x20 CMakeFiles/EE_code.elf.dir/Core/BSP/debugc.c.obj
                0x0800161c                DEBUGC_UartInit
 .text.usart_printf
                0x0800163c       0x38 CMakeFiles/EE_code.elf.dir/Core/BSP/debugc.c.obj
                0x0800163c                usart_printf
 .text.DEBUGC_UartIdleCallback
                0x08001674      0x1c4 CMakeFiles/EE_code.elf.dir/Core/BSP/debugc.c.obj
                0x08001674                DEBUGC_UartIdleCallback
 .text.DEBUGC_UartIrqHandler
                0x08001838       0x34 CMakeFiles/EE_code.elf.dir/Core/BSP/debugc.c.obj
                0x08001838                DEBUGC_UartIrqHandler
 .text.TIM_StartEncorder
                0x0800186c       0xe4 CMakeFiles/EE_code.elf.dir/Core/BSP/encoder.c.obj
                0x0800186c                TIM_StartEncorder
 .text.TIM_GetEncorder
                0x08001950       0xdc CMakeFiles/EE_code.elf.dir/Core/BSP/encoder.c.obj
                0x08001950                TIM_GetEncorder
 *fill*         0x08001a2c        0x4 
 .text.Motor_StateUpdate
                0x08001a30       0x2c CMakeFiles/EE_code.elf.dir/Core/BSP/encoder.c.obj
                0x08001a30                Motor_StateUpdate
 .text.PID_Init
                0x08001a5c       0x50 CMakeFiles/EE_code.elf.dir/Core/BSP/encoder.c.obj
                0x08001a5c                PID_Init
 .text.encoder_Init
                0x08001aac        0xc CMakeFiles/EE_code.elf.dir/Core/BSP/encoder.c.obj
                0x08001aac                encoder_Init
 .text.Motor_SpeedC_F
                0x08001ab8       0xf0 CMakeFiles/EE_code.elf.dir/Core/BSP/encoder.c.obj
                0x08001ab8                Motor_SpeedC_F
 .text.Motor_SpeedC_BL
                0x08001ba8       0xf0 CMakeFiles/EE_code.elf.dir/Core/BSP/encoder.c.obj
                0x08001ba8                Motor_SpeedC_BL
 .text.Motor_SpeedC_BR
                0x08001c98       0xf0 CMakeFiles/EE_code.elf.dir/Core/BSP/encoder.c.obj
                0x08001c98                Motor_SpeedC_BR
 .text.HAL_TIM_PeriodElapsedCallback
                0x08001d88       0x50 CMakeFiles/EE_code.elf.dir/Core/BSP/encoder.c.obj
                0x08001d88                HAL_TIM_PeriodElapsedCallback
 .text.update_Des
                0x08001dd8       0x38 CMakeFiles/EE_code.elf.dir/Core/BSP/motor.c.obj
                0x08001dd8                update_Des
 .text.PID_Update
                0x08001e10       0x60 CMakeFiles/EE_code.elf.dir/Core/BSP/pid.c.obj
                0x08001e10                PID_Update
 .text.PID_GetPositionPID
                0x08001e70       0x9c CMakeFiles/EE_code.elf.dir/Core/BSP/pid.c.obj
                0x08001e70                PID_GetPositionPID
 .text.PID_SpeedParamInit
                0x08001f0c       0x64 CMakeFiles/EE_code.elf.dir/Core/BSP/pid.c.obj
                0x08001f0c                PID_SpeedParamInit
 .text.TOF_UartInit
                0x08001f70       0x18 CMakeFiles/EE_code.elf.dir/Core/BSP/tof.c.obj
                0x08001f70                TOF_UartInit
 .text.tof_Receive_Data
                0x08001f88      0x178 CMakeFiles/EE_code.elf.dir/Core/BSP/tof.c.obj
                0x08001f88                tof_Receive_Data
 .text.HAL_UART_RxCpltCallback
                0x08002100       0x2c CMakeFiles/EE_code.elf.dir/Core/BSP/tof.c.obj
                0x08002100                HAL_UART_RxCpltCallback
 .text.MX_DMA_Init
                0x0800212c       0x64 CMakeFiles/EE_code.elf.dir/Core/Src/dma.c.obj
                0x0800212c                MX_DMA_Init
 .text.MX_GPIO_Init
                0x08002190       0xe0 CMakeFiles/EE_code.elf.dir/Core/Src/gpio.c.obj
                0x08002190                MX_GPIO_Init
 .text.Error_Handler
                0x08002270        0x4 CMakeFiles/EE_code.elf.dir/Core/Src/main.c.obj
                0x08002270                Error_Handler
 .text.SystemClock_Config
                0x08002274       0x64 CMakeFiles/EE_code.elf.dir/Core/Src/main.c.obj
                0x08002274                SystemClock_Config
 .text.main     0x080022d8       0x50 CMakeFiles/EE_code.elf.dir/Core/Src/main.c.obj
                0x080022d8                main
 .text.HAL_MspInit
                0x08002328       0x44 CMakeFiles/EE_code.elf.dir/Core/Src/stm32f1xx_hal_msp.c.obj
                0x08002328                HAL_MspInit
 .text.NMI_Handler
                0x0800236c        0x2 CMakeFiles/EE_code.elf.dir/Core/Src/stm32f1xx_it.c.obj
                0x0800236c                NMI_Handler
 .text.HardFault_Handler
                0x0800236e        0x2 CMakeFiles/EE_code.elf.dir/Core/Src/stm32f1xx_it.c.obj
                0x0800236e                HardFault_Handler
 .text.MemManage_Handler
                0x08002370        0x2 CMakeFiles/EE_code.elf.dir/Core/Src/stm32f1xx_it.c.obj
                0x08002370                MemManage_Handler
 .text.BusFault_Handler
                0x08002372        0x2 CMakeFiles/EE_code.elf.dir/Core/Src/stm32f1xx_it.c.obj
                0x08002372                BusFault_Handler
 .text.UsageFault_Handler
                0x08002374        0x2 CMakeFiles/EE_code.elf.dir/Core/Src/stm32f1xx_it.c.obj
                0x08002374                UsageFault_Handler
 .text.SVC_Handler
                0x08002376        0x2 CMakeFiles/EE_code.elf.dir/Core/Src/stm32f1xx_it.c.obj
                0x08002376                SVC_Handler
 .text.DebugMon_Handler
                0x08002378        0x2 CMakeFiles/EE_code.elf.dir/Core/Src/stm32f1xx_it.c.obj
                0x08002378                DebugMon_Handler
 .text.PendSV_Handler
                0x0800237a        0x2 CMakeFiles/EE_code.elf.dir/Core/Src/stm32f1xx_it.c.obj
                0x0800237a                PendSV_Handler
 .text.SysTick_Handler
                0x0800237c        0x8 CMakeFiles/EE_code.elf.dir/Core/Src/stm32f1xx_it.c.obj
                0x0800237c                SysTick_Handler
 .text.DMA1_Channel2_IRQHandler
                0x08002384       0x10 CMakeFiles/EE_code.elf.dir/Core/Src/stm32f1xx_it.c.obj
                0x08002384                DMA1_Channel2_IRQHandler
 .text.DMA1_Channel3_IRQHandler
                0x08002394       0x10 CMakeFiles/EE_code.elf.dir/Core/Src/stm32f1xx_it.c.obj
                0x08002394                DMA1_Channel3_IRQHandler
 .text.DMA1_Channel6_IRQHandler
                0x080023a4       0x10 CMakeFiles/EE_code.elf.dir/Core/Src/stm32f1xx_it.c.obj
                0x080023a4                DMA1_Channel6_IRQHandler
 .text.DMA1_Channel7_IRQHandler
                0x080023b4       0x10 CMakeFiles/EE_code.elf.dir/Core/Src/stm32f1xx_it.c.obj
                0x080023b4                DMA1_Channel7_IRQHandler
 .text.TIM2_IRQHandler
                0x080023c4       0x10 CMakeFiles/EE_code.elf.dir/Core/Src/stm32f1xx_it.c.obj
                0x080023c4                TIM2_IRQHandler
 .text.TIM3_IRQHandler
                0x080023d4       0x10 CMakeFiles/EE_code.elf.dir/Core/Src/stm32f1xx_it.c.obj
                0x080023d4                TIM3_IRQHandler
 .text.TIM4_IRQHandler
                0x080023e4       0x10 CMakeFiles/EE_code.elf.dir/Core/Src/stm32f1xx_it.c.obj
                0x080023e4                TIM4_IRQHandler
 .text.USART2_IRQHandler
                0x080023f4       0x10 CMakeFiles/EE_code.elf.dir/Core/Src/stm32f1xx_it.c.obj
                0x080023f4                USART2_IRQHandler
 .text.USART3_IRQHandler
                0x08002404       0x1c CMakeFiles/EE_code.elf.dir/Core/Src/stm32f1xx_it.c.obj
                0x08002404                USART3_IRQHandler
 .text._getpid  0x08002420        0x4 CMakeFiles/EE_code.elf.dir/Core/Src/syscalls.c.obj
                0x08002420                _getpid
 .text._kill    0x08002424       0x10 CMakeFiles/EE_code.elf.dir/Core/Src/syscalls.c.obj
                0x08002424                _kill
 .text._exit    0x08002434        0xc CMakeFiles/EE_code.elf.dir/Core/Src/syscalls.c.obj
                0x08002434                _exit
 .text._read    0x08002440       0x20 CMakeFiles/EE_code.elf.dir/Core/Src/syscalls.c.obj
                0x08002440                _read
 .text._write   0x08002460       0x1c CMakeFiles/EE_code.elf.dir/Core/Src/syscalls.c.obj
                0x08002460                _write
 .text._close   0x0800247c        0x6 CMakeFiles/EE_code.elf.dir/Core/Src/syscalls.c.obj
                0x0800247c                _close
 .text._fstat   0x08002482        0xa CMakeFiles/EE_code.elf.dir/Core/Src/syscalls.c.obj
                0x08002482                _fstat
 .text._isatty  0x0800248c        0x4 CMakeFiles/EE_code.elf.dir/Core/Src/syscalls.c.obj
                0x0800248c                _isatty
 .text._lseek   0x08002490        0x4 CMakeFiles/EE_code.elf.dir/Core/Src/syscalls.c.obj
                0x08002490                _lseek
 .text._sbrk    0x08002494       0x48 CMakeFiles/EE_code.elf.dir/Core/Src/sysmem.c.obj
                0x08002494                _sbrk
 .text.SystemInit
                0x080024dc        0x2 CMakeFiles/EE_code.elf.dir/Core/Src/system_stm32f1xx.c.obj
                0x080024dc                SystemInit
 *fill*         0x080024de        0x2 
 .text.MX_TIM1_Init
                0x080024e0       0x68 CMakeFiles/EE_code.elf.dir/Core/Src/tim.c.obj
                0x080024e0                MX_TIM1_Init
 .text.MX_TIM2_Init
                0x08002548       0x64 CMakeFiles/EE_code.elf.dir/Core/Src/tim.c.obj
                0x08002548                MX_TIM2_Init
 .text.MX_TIM3_Init
                0x080025ac       0x68 CMakeFiles/EE_code.elf.dir/Core/Src/tim.c.obj
                0x080025ac                MX_TIM3_Init
 .text.HAL_TIM_Encoder_MspInit
                0x08002614       0xf8 CMakeFiles/EE_code.elf.dir/Core/Src/tim.c.obj
                0x08002614                HAL_TIM_Encoder_MspInit
 .text.HAL_TIM_Base_MspInit
                0x0800270c       0x40 CMakeFiles/EE_code.elf.dir/Core/Src/tim.c.obj
                0x0800270c                HAL_TIM_Base_MspInit
 .text.HAL_TIM_MspPostInit
                0x0800274c       0x50 CMakeFiles/EE_code.elf.dir/Core/Src/tim.c.obj
                0x0800274c                HAL_TIM_MspPostInit
 .text.MX_TIM4_Init
                0x0800279c       0xf0 CMakeFiles/EE_code.elf.dir/Core/Src/tim.c.obj
                0x0800279c                MX_TIM4_Init
 .text.MX_USART2_UART_Init
                0x0800288c       0x34 CMakeFiles/EE_code.elf.dir/Core/Src/usart.c.obj
                0x0800288c                MX_USART2_UART_Init
 .text.MX_USART3_UART_Init
                0x080028c0       0x34 CMakeFiles/EE_code.elf.dir/Core/Src/usart.c.obj
                0x080028c0                MX_USART3_UART_Init
 .text.HAL_UART_MspInit
                0x080028f4      0x1c8 CMakeFiles/EE_code.elf.dir/Core/Src/usart.c.obj
                0x080028f4                HAL_UART_MspInit
 .text.Reset_Handler
                0x08002abc       0x48 CMakeFiles/EE_code.elf.dir/Core/Startup/startup_stm32f103c8tx.s.obj
                0x08002abc                Reset_Handler
 .text.Default_Handler
                0x08002b04        0x2 CMakeFiles/EE_code.elf.dir/Core/Startup/startup_stm32f103c8tx.s.obj
                0x08002b04                RTC_Alarm_IRQHandler
                0x08002b04                EXTI2_IRQHandler
                0x08002b04                TIM1_CC_IRQHandler
                0x08002b04                PVD_IRQHandler
                0x08002b04                EXTI3_IRQHandler
                0x08002b04                EXTI0_IRQHandler
                0x08002b04                I2C2_EV_IRQHandler
                0x08002b04                ADC1_2_IRQHandler
                0x08002b04                SPI1_IRQHandler
                0x08002b04                TAMPER_IRQHandler
                0x08002b04                DMA1_Channel4_IRQHandler
                0x08002b04                RTC_IRQHandler
                0x08002b04                CAN1_RX1_IRQHandler
                0x08002b04                I2C1_EV_IRQHandler
                0x08002b04                RCC_IRQHandler
                0x08002b04                TIM1_TRG_COM_IRQHandler
                0x08002b04                DMA1_Channel1_IRQHandler
                0x08002b04                Default_Handler
                0x08002b04                EXTI15_10_IRQHandler
                0x08002b04                EXTI9_5_IRQHandler
                0x08002b04                SPI2_IRQHandler
                0x08002b04                DMA1_Channel5_IRQHandler
                0x08002b04                EXTI4_IRQHandler
                0x08002b04                USB_LP_CAN1_RX0_IRQHandler
                0x08002b04                USB_HP_CAN1_TX_IRQHandler
                0x08002b04                TIM1_UP_IRQHandler
                0x08002b04                WWDG_IRQHandler
                0x08002b04                TIM1_BRK_IRQHandler
                0x08002b04                EXTI1_IRQHandler
                0x08002b04                I2C2_ER_IRQHandler
                0x08002b04                CAN1_SCE_IRQHandler
                0x08002b04                FLASH_IRQHandler
                0x08002b04                USART1_IRQHandler
                0x08002b04                I2C1_ER_IRQHandler
                0x08002b04                USBWakeUp_IRQHandler
 *fill*         0x08002b06        0x2 
 .text.HAL_InitTick
                0x08002b08       0x4c CMakeFiles/EE_code.elf.dir/Drivers/STM32F1xx_HAL_Driver/Src/stm32f1xx_hal.c.obj
                0x08002b08                HAL_InitTick
 .text.HAL_Init
                0x08002b54       0x24 CMakeFiles/EE_code.elf.dir/Drivers/STM32F1xx_HAL_Driver/Src/stm32f1xx_hal.c.obj
                0x08002b54                HAL_Init
 .text.HAL_IncTick
                0x08002b78       0x18 CMakeFiles/EE_code.elf.dir/Drivers/STM32F1xx_HAL_Driver/Src/stm32f1xx_hal.c.obj
                0x08002b78                HAL_IncTick
 .text.HAL_GetTick
                0x08002b90        0xc CMakeFiles/EE_code.elf.dir/Drivers/STM32F1xx_HAL_Driver/Src/stm32f1xx_hal.c.obj
                0x08002b90                HAL_GetTick
 .text.HAL_Delay
                0x08002b9c       0x28 CMakeFiles/EE_code.elf.dir/Drivers/STM32F1xx_HAL_Driver/Src/stm32f1xx_hal.c.obj
                0x08002b9c                HAL_Delay
 .text.HAL_NVIC_SetPriorityGrouping
                0x08002bc4       0x24 CMakeFiles/EE_code.elf.dir/Drivers/STM32F1xx_HAL_Driver/Src/stm32f1xx_hal_cortex.c.obj
                0x08002bc4                HAL_NVIC_SetPriorityGrouping
 .text.HAL_NVIC_SetPriority
                0x08002be8       0x70 CMakeFiles/EE_code.elf.dir/Drivers/STM32F1xx_HAL_Driver/Src/stm32f1xx_hal_cortex.c.obj
                0x08002be8                HAL_NVIC_SetPriority
 .text.HAL_NVIC_EnableIRQ
                0x08002c58       0x1c CMakeFiles/EE_code.elf.dir/Drivers/STM32F1xx_HAL_Driver/Src/stm32f1xx_hal_cortex.c.obj
                0x08002c58                HAL_NVIC_EnableIRQ
 .text.HAL_SYSTICK_Config
                0x08002c74       0x28 CMakeFiles/EE_code.elf.dir/Drivers/STM32F1xx_HAL_Driver/Src/stm32f1xx_hal_cortex.c.obj
                0x08002c74                HAL_SYSTICK_Config
 .text.DMA_SetConfig
                0x08002c9c       0x2c CMakeFiles/EE_code.elf.dir/Drivers/STM32F1xx_HAL_Driver/Src/stm32f1xx_hal_dma.c.obj
 .text.HAL_DMA_Init
                0x08002cc8       0x6c CMakeFiles/EE_code.elf.dir/Drivers/STM32F1xx_HAL_Driver/Src/stm32f1xx_hal_dma.c.obj
                0x08002cc8                HAL_DMA_Init
 .text.HAL_DMA_Start_IT
                0x08002d34       0x74 CMakeFiles/EE_code.elf.dir/Drivers/STM32F1xx_HAL_Driver/Src/stm32f1xx_hal_dma.c.obj
                0x08002d34                HAL_DMA_Start_IT
 .text.HAL_DMA_Abort
                0x08002da8       0x44 CMakeFiles/EE_code.elf.dir/Drivers/STM32F1xx_HAL_Driver/Src/stm32f1xx_hal_dma.c.obj
                0x08002da8                HAL_DMA_Abort
 .text.HAL_DMA_Abort_IT
                0x08002dec       0x98 CMakeFiles/EE_code.elf.dir/Drivers/STM32F1xx_HAL_Driver/Src/stm32f1xx_hal_dma.c.obj
                0x08002dec                HAL_DMA_Abort_IT
 .text.HAL_DMA_IRQHandler
                0x08002e84      0x144 CMakeFiles/EE_code.elf.dir/Drivers/STM32F1xx_HAL_Driver/Src/stm32f1xx_hal_dma.c.obj
                0x08002e84                HAL_DMA_IRQHandler
 .text.HAL_GPIO_Init
                0x08002fc8      0x224 CMakeFiles/EE_code.elf.dir/Drivers/STM32F1xx_HAL_Driver/Src/stm32f1xx_hal_gpio.c.obj
                0x08002fc8                HAL_GPIO_Init
 .text.HAL_GPIO_WritePin
                0x080031ec        0xc CMakeFiles/EE_code.elf.dir/Drivers/STM32F1xx_HAL_Driver/Src/stm32f1xx_hal_gpio.c.obj
                0x080031ec                HAL_GPIO_WritePin
 .text.RCC_Delay
                0x080031f8       0x2c CMakeFiles/EE_code.elf.dir/Drivers/STM32F1xx_HAL_Driver/Src/stm32f1xx_hal_rcc.c.obj
 .text.HAL_RCC_OscConfig
                0x08003224      0x410 CMakeFiles/EE_code.elf.dir/Drivers/STM32F1xx_HAL_Driver/Src/stm32f1xx_hal_rcc.c.obj
                0x08003224                HAL_RCC_OscConfig
 .text.HAL_RCC_GetSysClockFreq
                0x08003634       0x70 CMakeFiles/EE_code.elf.dir/Drivers/STM32F1xx_HAL_Driver/Src/stm32f1xx_hal_rcc.c.obj
                0x08003634                HAL_RCC_GetSysClockFreq
 .text.HAL_RCC_ClockConfig
                0x080036a4      0x16c CMakeFiles/EE_code.elf.dir/Drivers/STM32F1xx_HAL_Driver/Src/stm32f1xx_hal_rcc.c.obj
                0x080036a4                HAL_RCC_ClockConfig
 .text.HAL_RCC_GetHCLKFreq
                0x08003810        0xc CMakeFiles/EE_code.elf.dir/Drivers/STM32F1xx_HAL_Driver/Src/stm32f1xx_hal_rcc.c.obj
                0x08003810                HAL_RCC_GetHCLKFreq
 .text.HAL_RCC_GetPCLK1Freq
                0x0800381c       0x20 CMakeFiles/EE_code.elf.dir/Drivers/STM32F1xx_HAL_Driver/Src/stm32f1xx_hal_rcc.c.obj
                0x0800381c                HAL_RCC_GetPCLK1Freq
 .text.HAL_RCC_GetPCLK2Freq
                0x0800383c       0x20 CMakeFiles/EE_code.elf.dir/Drivers/STM32F1xx_HAL_Driver/Src/stm32f1xx_hal_rcc.c.obj
                0x0800383c                HAL_RCC_GetPCLK2Freq
 .text.TIM_OC1_SetConfig
                0x0800385c       0x5c CMakeFiles/EE_code.elf.dir/Drivers/STM32F1xx_HAL_Driver/Src/stm32f1xx_hal_tim.c.obj
 .text.TIM_OC3_SetConfig
                0x080038b8       0x64 CMakeFiles/EE_code.elf.dir/Drivers/STM32F1xx_HAL_Driver/Src/stm32f1xx_hal_tim.c.obj
 .text.TIM_OC4_SetConfig
                0x0800391c       0x48 CMakeFiles/EE_code.elf.dir/Drivers/STM32F1xx_HAL_Driver/Src/stm32f1xx_hal_tim.c.obj
 .text.TIM_TI1_ConfigInputStage
                0x08003964       0x24 CMakeFiles/EE_code.elf.dir/Drivers/STM32F1xx_HAL_Driver/Src/stm32f1xx_hal_tim.c.obj
 .text.TIM_TI2_ConfigInputStage
                0x08003988       0x26 CMakeFiles/EE_code.elf.dir/Drivers/STM32F1xx_HAL_Driver/Src/stm32f1xx_hal_tim.c.obj
 .text.TIM_ITRx_SetConfig
                0x080039ae       0x10 CMakeFiles/EE_code.elf.dir/Drivers/STM32F1xx_HAL_Driver/Src/stm32f1xx_hal_tim.c.obj
 *fill*         0x080039be        0x2 
 .text.HAL_TIM_Base_Start_IT
                0x080039c0       0x68 CMakeFiles/EE_code.elf.dir/Drivers/STM32F1xx_HAL_Driver/Src/stm32f1xx_hal_tim.c.obj
                0x080039c0                HAL_TIM_Base_Start_IT
 .text.HAL_TIM_PWM_MspInit
                0x08003a28        0x2 CMakeFiles/EE_code.elf.dir/Drivers/STM32F1xx_HAL_Driver/Src/stm32f1xx_hal_tim.c.obj
                0x08003a28                HAL_TIM_PWM_MspInit
 .text.HAL_TIM_OC_DelayElapsedCallback
                0x08003a2a        0x2 CMakeFiles/EE_code.elf.dir/Drivers/STM32F1xx_HAL_Driver/Src/stm32f1xx_hal_tim.c.obj
                0x08003a2a                HAL_TIM_OC_DelayElapsedCallback
 .text.HAL_TIM_IC_CaptureCallback
                0x08003a2c        0x2 CMakeFiles/EE_code.elf.dir/Drivers/STM32F1xx_HAL_Driver/Src/stm32f1xx_hal_tim.c.obj
                0x08003a2c                HAL_TIM_IC_CaptureCallback
 .text.HAL_TIM_PWM_PulseFinishedCallback
                0x08003a2e        0x2 CMakeFiles/EE_code.elf.dir/Drivers/STM32F1xx_HAL_Driver/Src/stm32f1xx_hal_tim.c.obj
                0x08003a2e                HAL_TIM_PWM_PulseFinishedCallback
 .text.HAL_TIM_TriggerCallback
                0x08003a30        0x2 CMakeFiles/EE_code.elf.dir/Drivers/STM32F1xx_HAL_Driver/Src/stm32f1xx_hal_tim.c.obj
                0x08003a30                HAL_TIM_TriggerCallback
 .text.HAL_TIM_IRQHandler
                0x08003a32      0x17a CMakeFiles/EE_code.elf.dir/Drivers/STM32F1xx_HAL_Driver/Src/stm32f1xx_hal_tim.c.obj
                0x08003a32                HAL_TIM_IRQHandler
 .text.TIM_Base_SetConfig
                0x08003bac       0x74 CMakeFiles/EE_code.elf.dir/Drivers/STM32F1xx_HAL_Driver/Src/stm32f1xx_hal_tim.c.obj
                0x08003bac                TIM_Base_SetConfig
 .text.HAL_TIM_Base_Init
                0x08003c20       0x58 CMakeFiles/EE_code.elf.dir/Drivers/STM32F1xx_HAL_Driver/Src/stm32f1xx_hal_tim.c.obj
                0x08003c20                HAL_TIM_Base_Init
 .text.HAL_TIM_PWM_Init
                0x08003c78       0x58 CMakeFiles/EE_code.elf.dir/Drivers/STM32F1xx_HAL_Driver/Src/stm32f1xx_hal_tim.c.obj
                0x08003c78                HAL_TIM_PWM_Init
 .text.HAL_TIM_Encoder_Init
                0x08003cd0       0xb8 CMakeFiles/EE_code.elf.dir/Drivers/STM32F1xx_HAL_Driver/Src/stm32f1xx_hal_tim.c.obj
                0x08003cd0                HAL_TIM_Encoder_Init
 .text.TIM_OC2_SetConfig
                0x08003d88       0x64 CMakeFiles/EE_code.elf.dir/Drivers/STM32F1xx_HAL_Driver/Src/stm32f1xx_hal_tim.c.obj
                0x08003d88                TIM_OC2_SetConfig
 .text.HAL_TIM_PWM_ConfigChannel
                0x08003dec       0xd0 CMakeFiles/EE_code.elf.dir/Drivers/STM32F1xx_HAL_Driver/Src/stm32f1xx_hal_tim.c.obj
                0x08003dec                HAL_TIM_PWM_ConfigChannel
 .text.TIM_ETR_SetConfig
                0x08003ebc       0x18 CMakeFiles/EE_code.elf.dir/Drivers/STM32F1xx_HAL_Driver/Src/stm32f1xx_hal_tim.c.obj
                0x08003ebc                TIM_ETR_SetConfig
 .text.HAL_TIM_ConfigClockSource
                0x08003ed4       0xda CMakeFiles/EE_code.elf.dir/Drivers/STM32F1xx_HAL_Driver/Src/stm32f1xx_hal_tim.c.obj
                0x08003ed4                HAL_TIM_ConfigClockSource
 .text.TIM_CCxChannelCmd
                0x08003fae       0x1e CMakeFiles/EE_code.elf.dir/Drivers/STM32F1xx_HAL_Driver/Src/stm32f1xx_hal_tim.c.obj
                0x08003fae                TIM_CCxChannelCmd
 .text.HAL_TIM_PWM_Start
                0x08003fcc       0xdc CMakeFiles/EE_code.elf.dir/Drivers/STM32F1xx_HAL_Driver/Src/stm32f1xx_hal_tim.c.obj
                0x08003fcc                HAL_TIM_PWM_Start
 .text.HAL_TIM_Encoder_Start
                0x080040a8       0xcc CMakeFiles/EE_code.elf.dir/Drivers/STM32F1xx_HAL_Driver/Src/stm32f1xx_hal_tim.c.obj
                0x080040a8                HAL_TIM_Encoder_Start
 .text.HAL_TIMEx_MasterConfigSynchronization
                0x08004174       0x6c CMakeFiles/EE_code.elf.dir/Drivers/STM32F1xx_HAL_Driver/Src/stm32f1xx_hal_tim_ex.c.obj
                0x08004174                HAL_TIMEx_MasterConfigSynchronization
 .text.HAL_TIMEx_CommutCallback
                0x080041e0        0x2 CMakeFiles/EE_code.elf.dir/Drivers/STM32F1xx_HAL_Driver/Src/stm32f1xx_hal_tim_ex.c.obj
                0x080041e0                HAL_TIMEx_CommutCallback
 .text.HAL_TIMEx_BreakCallback
                0x080041e2        0x2 CMakeFiles/EE_code.elf.dir/Drivers/STM32F1xx_HAL_Driver/Src/stm32f1xx_hal_tim_ex.c.obj
                0x080041e2                HAL_TIMEx_BreakCallback
 .text.UART_EndTxTransfer
                0x080041e4       0x12 CMakeFiles/EE_code.elf.dir/Drivers/STM32F1xx_HAL_Driver/Src/stm32f1xx_hal_uart.c.obj
 .text.UART_EndRxTransfer
                0x080041f6       0x32 CMakeFiles/EE_code.elf.dir/Drivers/STM32F1xx_HAL_Driver/Src/stm32f1xx_hal_uart.c.obj
 .text.UART_Transmit_IT
                0x08004228       0x60 CMakeFiles/EE_code.elf.dir/Drivers/STM32F1xx_HAL_Driver/Src/stm32f1xx_hal_uart.c.obj
 .text.UART_SetConfig
                0x08004288       0x94 CMakeFiles/EE_code.elf.dir/Drivers/STM32F1xx_HAL_Driver/Src/stm32f1xx_hal_uart.c.obj
 .text.HAL_UART_Init
                0x0800431c       0x5e CMakeFiles/EE_code.elf.dir/Drivers/STM32F1xx_HAL_Driver/Src/stm32f1xx_hal_uart.c.obj
                0x0800431c                HAL_UART_Init
 *fill*         0x0800437a        0x2 
 .text.HAL_UART_Transmit_DMA
                0x0800437c       0x8c CMakeFiles/EE_code.elf.dir/Drivers/STM32F1xx_HAL_Driver/Src/stm32f1xx_hal_uart.c.obj
                0x0800437c                HAL_UART_Transmit_DMA
 .text.HAL_UART_DMAStop
                0x08004408       0x64 CMakeFiles/EE_code.elf.dir/Drivers/STM32F1xx_HAL_Driver/Src/stm32f1xx_hal_uart.c.obj
                0x08004408                HAL_UART_DMAStop
 .text.HAL_UART_TxCpltCallback
                0x0800446c        0x2 CMakeFiles/EE_code.elf.dir/Drivers/STM32F1xx_HAL_Driver/Src/stm32f1xx_hal_uart.c.obj
                0x0800446c                HAL_UART_TxCpltCallback
 .text.UART_DMATransmitCplt
                0x0800446e       0x30 CMakeFiles/EE_code.elf.dir/Drivers/STM32F1xx_HAL_Driver/Src/stm32f1xx_hal_uart.c.obj
 .text.UART_EndTransmit_IT
                0x0800449e       0x1a CMakeFiles/EE_code.elf.dir/Drivers/STM32F1xx_HAL_Driver/Src/stm32f1xx_hal_uart.c.obj
 .text.HAL_UART_TxHalfCpltCallback
                0x080044b8        0x2 CMakeFiles/EE_code.elf.dir/Drivers/STM32F1xx_HAL_Driver/Src/stm32f1xx_hal_uart.c.obj
                0x080044b8                HAL_UART_TxHalfCpltCallback
 .text.UART_DMATxHalfCplt
                0x080044ba        0xa CMakeFiles/EE_code.elf.dir/Drivers/STM32F1xx_HAL_Driver/Src/stm32f1xx_hal_uart.c.obj
 .text.HAL_UART_RxHalfCpltCallback
                0x080044c4        0x2 CMakeFiles/EE_code.elf.dir/Drivers/STM32F1xx_HAL_Driver/Src/stm32f1xx_hal_uart.c.obj
                0x080044c4                HAL_UART_RxHalfCpltCallback
 .text.HAL_UART_ErrorCallback
                0x080044c6        0x2 CMakeFiles/EE_code.elf.dir/Drivers/STM32F1xx_HAL_Driver/Src/stm32f1xx_hal_uart.c.obj
                0x080044c6                HAL_UART_ErrorCallback
 .text.UART_DMAError
                0x080044c8       0x58 CMakeFiles/EE_code.elf.dir/Drivers/STM32F1xx_HAL_Driver/Src/stm32f1xx_hal_uart.c.obj
 .text.UART_DMAAbortOnError
                0x08004520       0x10 CMakeFiles/EE_code.elf.dir/Drivers/STM32F1xx_HAL_Driver/Src/stm32f1xx_hal_uart.c.obj
 .text.HAL_UARTEx_RxEventCallback
                0x08004530        0x2 CMakeFiles/EE_code.elf.dir/Drivers/STM32F1xx_HAL_Driver/Src/stm32f1xx_hal_uart.c.obj
                0x08004530                HAL_UARTEx_RxEventCallback
 .text.UART_Receive_IT
                0x08004532       0xd4 CMakeFiles/EE_code.elf.dir/Drivers/STM32F1xx_HAL_Driver/Src/stm32f1xx_hal_uart.c.obj
 *fill*         0x08004606        0x2 
 .text.HAL_UART_IRQHandler
                0x08004608      0x204 CMakeFiles/EE_code.elf.dir/Drivers/STM32F1xx_HAL_Driver/Src/stm32f1xx_hal_uart.c.obj
                0x08004608                HAL_UART_IRQHandler
 .text.UART_DMARxHalfCplt
                0x0800480c       0x1a CMakeFiles/EE_code.elf.dir/Drivers/STM32F1xx_HAL_Driver/Src/stm32f1xx_hal_uart.c.obj
 .text.UART_DMAReceiveCplt
                0x08004826       0x5e CMakeFiles/EE_code.elf.dir/Drivers/STM32F1xx_HAL_Driver/Src/stm32f1xx_hal_uart.c.obj
 .text.UART_Start_Receive_IT
                0x08004884       0x36 CMakeFiles/EE_code.elf.dir/Drivers/STM32F1xx_HAL_Driver/Src/stm32f1xx_hal_uart.c.obj
                0x08004884                UART_Start_Receive_IT
 .text.HAL_UART_Receive_IT
                0x080048ba       0x38 CMakeFiles/EE_code.elf.dir/Drivers/STM32F1xx_HAL_Driver/Src/stm32f1xx_hal_uart.c.obj
                0x080048ba                HAL_UART_Receive_IT
 *fill*         0x080048f2        0x2 
 .text.UART_Start_Receive_DMA
                0x080048f4       0x78 CMakeFiles/EE_code.elf.dir/Drivers/STM32F1xx_HAL_Driver/Src/stm32f1xx_hal_uart.c.obj
                0x080048f4                UART_Start_Receive_DMA
 .text.HAL_UART_Receive_DMA
                0x0800496c       0x38 CMakeFiles/EE_code.elf.dir/Drivers/STM32F1xx_HAL_Driver/Src/stm32f1xx_hal_uart.c.obj
                0x0800496c                HAL_UART_Receive_DMA
 .text.__errno  0x080049a4        0xc d:/enviro~1/gcc-ar~1/102021~1.10/bin/../lib/gcc/arm-none-eabi/10.3.1/../../../../arm-none-eabi/lib/thumb/v7-m/nofp\libg.a(lib_a-errno.o)
                0x080049a4                __errno
 .text.__libc_init_array
                0x080049b0       0x48 d:/enviro~1/gcc-ar~1/102021~1.10/bin/../lib/gcc/arm-none-eabi/10.3.1/../../../../arm-none-eabi/lib/thumb/v7-m/nofp\libg.a(lib_a-init.o)
                0x080049b0                __libc_init_array
 .text.memset   0x080049f8       0xa4 d:/enviro~1/gcc-ar~1/102021~1.10/bin/../lib/gcc/arm-none-eabi/10.3.1/../../../../arm-none-eabi/lib/thumb/v7-m/nofp\libg.a(lib_a-memset.o)
                0x080049f8                memset
 *fill*         0x08004a9c        0x4 
 .text._strtod_l
                0x08004aa0      0xf38 d:/enviro~1/gcc-ar~1/102021~1.10/bin/../lib/gcc/arm-none-eabi/10.3.1/../../../../arm-none-eabi/lib/thumb/v7-m/nofp\libg.a(lib_a-strtod.o)
                0x08004aa0                _strtod_l
 .text.strtof   0x080059d8       0xa0 d:/enviro~1/gcc-ar~1/102021~1.10/bin/../lib/gcc/arm-none-eabi/10.3.1/../../../../arm-none-eabi/lib/thumb/v7-m/nofp\libg.a(lib_a-strtod.o)
                0x080059d8                strtof
 .text.vsnprintf
                0x08005a78       0x6c d:/enviro~1/gcc-ar~1/102021~1.10/bin/../lib/gcc/arm-none-eabi/10.3.1/../../../../arm-none-eabi/lib/thumb/v7-m/nofp\libg.a(lib_a-vsnprintf.o)
                0x08005a78                vsnprintf
 .text.startup.register_fini
                0x08005ae4       0x14 d:/enviro~1/gcc-ar~1/102021~1.10/bin/../lib/gcc/arm-none-eabi/10.3.1/../../../../arm-none-eabi/lib/thumb/v7-m/nofp\libg.a(lib_a-__call_atexit.o)
 .text.atexit   0x08005af8        0xc d:/enviro~1/gcc-ar~1/102021~1.10/bin/../lib/gcc/arm-none-eabi/10.3.1/../../../../arm-none-eabi/lib/thumb/v7-m/nofp\libg.a(lib_a-atexit.o)
                0x08005af8                atexit
 .text.__libc_fini_array
                0x08005b04       0x2c d:/enviro~1/gcc-ar~1/102021~1.10/bin/../lib/gcc/arm-none-eabi/10.3.1/../../../../arm-none-eabi/lib/thumb/v7-m/nofp\libg.a(lib_a-fini.o)
                0x08005b04                __libc_fini_array
 .text.rshift   0x08005b30       0xa4 d:/enviro~1/gcc-ar~1/102021~1.10/bin/../lib/gcc/arm-none-eabi/10.3.1/../../../../arm-none-eabi/lib/thumb/v7-m/nofp\libg.a(lib_a-gdtoa-gethex.o)
 .text.__gethex
                0x08005bd4      0x5c4 d:/enviro~1/gcc-ar~1/102021~1.10/bin/../lib/gcc/arm-none-eabi/10.3.1/../../../../arm-none-eabi/lib/thumb/v7-m/nofp\libg.a(lib_a-gdtoa-gethex.o)
                0x08005bd4                __gethex
 .text.__match  0x08006198       0x34 d:/enviro~1/gcc-ar~1/102021~1.10/bin/../lib/gcc/arm-none-eabi/10.3.1/../../../../arm-none-eabi/lib/thumb/v7-m/nofp\libg.a(lib_a-gdtoa-hexnan.o)
                0x08006198                __match
 .text.__hexnan
                0x080061cc      0x1ac d:/enviro~1/gcc-ar~1/102021~1.10/bin/../lib/gcc/arm-none-eabi/10.3.1/../../../../arm-none-eabi/lib/thumb/v7-m/nofp\libg.a(lib_a-gdtoa-hexnan.o)
                0x080061cc                __hexnan
 .text.__locale_mb_cur_max
                0x08006378        0xc d:/enviro~1/gcc-ar~1/102021~1.10/bin/../lib/gcc/arm-none-eabi/10.3.1/../../../../arm-none-eabi/lib/thumb/v7-m/nofp\libg.a(lib_a-locale.o)
                0x08006378                __locale_mb_cur_max
 .text.__retarget_lock_init_recursive
                0x08006384        0x4 d:/enviro~1/gcc-ar~1/102021~1.10/bin/../lib/gcc/arm-none-eabi/10.3.1/../../../../arm-none-eabi/lib/thumb/v7-m/nofp\libg.a(lib_a-lock.o)
                0x08006384                __retarget_lock_init_recursive
 .text.__retarget_lock_close_recursive
                0x08006388        0x4 d:/enviro~1/gcc-ar~1/102021~1.10/bin/../lib/gcc/arm-none-eabi/10.3.1/../../../../arm-none-eabi/lib/thumb/v7-m/nofp\libg.a(lib_a-lock.o)
                0x08006388                __retarget_lock_close_recursive
 .text.__retarget_lock_acquire_recursive
                0x0800638c        0x4 d:/enviro~1/gcc-ar~1/102021~1.10/bin/../lib/gcc/arm-none-eabi/10.3.1/../../../../arm-none-eabi/lib/thumb/v7-m/nofp\libg.a(lib_a-lock.o)
                0x0800638c                __retarget_lock_acquire_recursive
 .text.__retarget_lock_release_recursive
                0x08006390        0x4 d:/enviro~1/gcc-ar~1/102021~1.10/bin/../lib/gcc/arm-none-eabi/10.3.1/../../../../arm-none-eabi/lib/thumb/v7-m/nofp\libg.a(lib_a-lock.o)
                0x08006390                __retarget_lock_release_recursive
 .text.__ascii_mbtowc
                0x08006394       0x2c d:/enviro~1/gcc-ar~1/102021~1.10/bin/../lib/gcc/arm-none-eabi/10.3.1/../../../../arm-none-eabi/lib/thumb/v7-m/nofp\libg.a(lib_a-mbtowc_r.o)
                0x08006394                __ascii_mbtowc
 .text._Balloc  0x080063c0       0x4c d:/enviro~1/gcc-ar~1/102021~1.10/bin/../lib/gcc/arm-none-eabi/10.3.1/../../../../arm-none-eabi/lib/thumb/v7-m/nofp\libg.a(lib_a-mprec.o)
                0x080063c0                _Balloc
 .text._Bfree   0x0800640c       0x14 d:/enviro~1/gcc-ar~1/102021~1.10/bin/../lib/gcc/arm-none-eabi/10.3.1/../../../../arm-none-eabi/lib/thumb/v7-m/nofp\libg.a(lib_a-mprec.o)
                0x0800640c                _Bfree
 .text.__multadd
                0x08006420       0xa4 d:/enviro~1/gcc-ar~1/102021~1.10/bin/../lib/gcc/arm-none-eabi/10.3.1/../../../../arm-none-eabi/lib/thumb/v7-m/nofp\libg.a(lib_a-mprec.o)
                0x08006420                __multadd
 .text.__s2b    0x080064c4       0xb4 d:/enviro~1/gcc-ar~1/102021~1.10/bin/../lib/gcc/arm-none-eabi/10.3.1/../../../../arm-none-eabi/lib/thumb/v7-m/nofp\libg.a(lib_a-mprec.o)
                0x080064c4                __s2b
 .text.__hi0bits
                0x08006578       0x40 d:/enviro~1/gcc-ar~1/102021~1.10/bin/../lib/gcc/arm-none-eabi/10.3.1/../../../../arm-none-eabi/lib/thumb/v7-m/nofp\libg.a(lib_a-mprec.o)
                0x08006578                __hi0bits
 .text.__lo0bits
                0x080065b8       0x58 d:/enviro~1/gcc-ar~1/102021~1.10/bin/../lib/gcc/arm-none-eabi/10.3.1/../../../../arm-none-eabi/lib/thumb/v7-m/nofp\libg.a(lib_a-mprec.o)
                0x080065b8                __lo0bits
 .text.__i2b    0x08006610       0x5c d:/enviro~1/gcc-ar~1/102021~1.10/bin/../lib/gcc/arm-none-eabi/10.3.1/../../../../arm-none-eabi/lib/thumb/v7-m/nofp\libg.a(lib_a-mprec.o)
                0x08006610                __i2b
 .text.__multiply
                0x0800666c      0x15c d:/enviro~1/gcc-ar~1/102021~1.10/bin/../lib/gcc/arm-none-eabi/10.3.1/../../../../arm-none-eabi/lib/thumb/v7-m/nofp\libg.a(lib_a-mprec.o)
                0x0800666c                __multiply
 .text.__pow5mult
                0x080067c8       0xb8 d:/enviro~1/gcc-ar~1/102021~1.10/bin/../lib/gcc/arm-none-eabi/10.3.1/../../../../arm-none-eabi/lib/thumb/v7-m/nofp\libg.a(lib_a-mprec.o)
                0x080067c8                __pow5mult
 .text.__lshift
                0x08006880       0xec d:/enviro~1/gcc-ar~1/102021~1.10/bin/../lib/gcc/arm-none-eabi/10.3.1/../../../../arm-none-eabi/lib/thumb/v7-m/nofp\libg.a(lib_a-mprec.o)
                0x08006880                __lshift
 .text.__mcmp   0x0800696c       0x40 d:/enviro~1/gcc-ar~1/102021~1.10/bin/../lib/gcc/arm-none-eabi/10.3.1/../../../../arm-none-eabi/lib/thumb/v7-m/nofp\libg.a(lib_a-mprec.o)
                0x0800696c                __mcmp
 .text.__mdiff  0x080069ac      0x14c d:/enviro~1/gcc-ar~1/102021~1.10/bin/../lib/gcc/arm-none-eabi/10.3.1/../../../../arm-none-eabi/lib/thumb/v7-m/nofp\libg.a(lib_a-mprec.o)
                0x080069ac                __mdiff
 .text.__ulp    0x08006af8       0x44 d:/enviro~1/gcc-ar~1/102021~1.10/bin/../lib/gcc/arm-none-eabi/10.3.1/../../../../arm-none-eabi/lib/thumb/v7-m/nofp\libg.a(lib_a-mprec.o)
                0x08006af8                __ulp
 .text.__b2d    0x08006b3c       0xd0 d:/enviro~1/gcc-ar~1/102021~1.10/bin/../lib/gcc/arm-none-eabi/10.3.1/../../../../arm-none-eabi/lib/thumb/v7-m/nofp\libg.a(lib_a-mprec.o)
                0x08006b3c                __b2d
 .text.__d2b    0x08006c0c       0xc4 d:/enviro~1/gcc-ar~1/102021~1.10/bin/../lib/gcc/arm-none-eabi/10.3.1/../../../../arm-none-eabi/lib/thumb/v7-m/nofp\libg.a(lib_a-mprec.o)
                0x08006c0c                __d2b
 .text.__ratio  0x08006cd0       0x60 d:/enviro~1/gcc-ar~1/102021~1.10/bin/../lib/gcc/arm-none-eabi/10.3.1/../../../../arm-none-eabi/lib/thumb/v7-m/nofp\libg.a(lib_a-mprec.o)
                0x08006cd0                __ratio
 .text.__copybits
                0x08006d30       0x60 d:/enviro~1/gcc-ar~1/102021~1.10/bin/../lib/gcc/arm-none-eabi/10.3.1/../../../../arm-none-eabi/lib/thumb/v7-m/nofp\libg.a(lib_a-mprec.o)
                0x08006d30                __copybits
 .text.__any_on
                0x08006d90       0x60 d:/enviro~1/gcc-ar~1/102021~1.10/bin/../lib/gcc/arm-none-eabi/10.3.1/../../../../arm-none-eabi/lib/thumb/v7-m/nofp\libg.a(lib_a-mprec.o)
                0x08006d90                __any_on
 .text.nan      0x08006df0        0xc d:/enviro~1/gcc-ar~1/102021~1.10/bin/../lib/gcc/arm-none-eabi/10.3.1/../../../../arm-none-eabi/lib/thumb/v7-m/nofp\libg.a(lib_a-s_nan.o)
                0x08006df0                nan
 .text.nanf     0x08006dfc        0x8 d:/enviro~1/gcc-ar~1/102021~1.10/bin/../lib/gcc/arm-none-eabi/10.3.1/../../../../arm-none-eabi/lib/thumb/v7-m/nofp\libg.a(lib_a-sf_nan.o)
                0x08006dfc                nanf
 .text.strlen   0x08006e04       0x5c d:/enviro~1/gcc-ar~1/102021~1.10/bin/../lib/gcc/arm-none-eabi/10.3.1/../../../../arm-none-eabi/lib/thumb/v7-m/nofp\libg.a(lib_a-strlen-stub.o)
                0x08006e04                strlen
 .text.strncmp  0x08006e60       0x7c d:/enviro~1/gcc-ar~1/102021~1.10/bin/../lib/gcc/arm-none-eabi/10.3.1/../../../../arm-none-eabi/lib/thumb/v7-m/nofp\libg.a(lib_a-strncmp.o)
                0x08006e60                strncmp
 .text._svfprintf_r
                0x08006edc     0x1aa4 d:/enviro~1/gcc-ar~1/102021~1.10/bin/../lib/gcc/arm-none-eabi/10.3.1/../../../../arm-none-eabi/lib/thumb/v7-m/nofp\libg.a(lib_a-svfprintf.o)
                0x08006edc                _svfprintf_r
 .text.__ascii_wctomb
                0x08008980       0x1c d:/enviro~1/gcc-ar~1/102021~1.10/bin/../lib/gcc/arm-none-eabi/10.3.1/../../../../arm-none-eabi/lib/thumb/v7-m/nofp\libg.a(lib_a-wctomb_r.o)
                0x08008980                __ascii_wctomb
 .text.__register_exitproc
                0x0800899c       0x8c d:/enviro~1/gcc-ar~1/102021~1.10/bin/../lib/gcc/arm-none-eabi/10.3.1/../../../../arm-none-eabi/lib/thumb/v7-m/nofp\libg.a(lib_a-__atexit.o)
                0x0800899c                __register_exitproc
 .text.__assert_func
                0x08008a28       0x40 d:/enviro~1/gcc-ar~1/102021~1.10/bin/../lib/gcc/arm-none-eabi/10.3.1/../../../../arm-none-eabi/lib/thumb/v7-m/nofp\libg.a(lib_a-assert.o)
                0x08008a28                __assert_func
 .text._calloc_r
                0x08008a68       0x78 d:/enviro~1/gcc-ar~1/102021~1.10/bin/../lib/gcc/arm-none-eabi/10.3.1/../../../../arm-none-eabi/lib/thumb/v7-m/nofp\libg.a(lib_a-callocr.o)
                0x08008a68                _calloc_r
 .text.quorem   0x08008ae0      0x12c d:/enviro~1/gcc-ar~1/102021~1.10/bin/../lib/gcc/arm-none-eabi/10.3.1/../../../../arm-none-eabi/lib/thumb/v7-m/nofp\libg.a(lib_a-dtoa.o)
 *fill*         0x08008c0c        0x4 
 .text._dtoa_r  0x08008c10      0xecc d:/enviro~1/gcc-ar~1/102021~1.10/bin/../lib/gcc/arm-none-eabi/10.3.1/../../../../arm-none-eabi/lib/thumb/v7-m/nofp\libg.a(lib_a-dtoa.o)
                0x08008c10                _dtoa_r
 .text.fiprintf
                0x08009adc       0x28 d:/enviro~1/gcc-ar~1/102021~1.10/bin/../lib/gcc/arm-none-eabi/10.3.1/../../../../arm-none-eabi/lib/thumb/v7-m/nofp\libg.a(lib_a-fiprintf.o)
                0x08009adc                fiprintf
 .text._malloc_trim_r
                0x08009b04       0xa0 d:/enviro~1/gcc-ar~1/102021~1.10/bin/../lib/gcc/arm-none-eabi/10.3.1/../../../../arm-none-eabi/lib/thumb/v7-m/nofp\libg.a(lib_a-freer.o)
                0x08009b04                _malloc_trim_r
 .text._free_r  0x08009ba4      0x200 d:/enviro~1/gcc-ar~1/102021~1.10/bin/../lib/gcc/arm-none-eabi/10.3.1/../../../../arm-none-eabi/lib/thumb/v7-m/nofp\libg.a(lib_a-freer.o)
                0x08009ba4                _free_r
 .text._localeconv_r
                0x08009da4        0x8 d:/enviro~1/gcc-ar~1/102021~1.10/bin/../lib/gcc/arm-none-eabi/10.3.1/../../../../arm-none-eabi/lib/thumb/v7-m/nofp\libg.a(lib_a-localeconv.o)
                0x08009da4                _localeconv_r
 .text._malloc_r
                0x08009dac      0x558 d:/enviro~1/gcc-ar~1/102021~1.10/bin/../lib/gcc/arm-none-eabi/10.3.1/../../../../arm-none-eabi/lib/thumb/v7-m/nofp\libg.a(lib_a-mallocr.o)
                0x08009dac                _malloc_r
 .text.memchr   0x0800a304       0x90 d:/enviro~1/gcc-ar~1/102021~1.10/bin/../lib/gcc/arm-none-eabi/10.3.1/../../../../arm-none-eabi/lib/thumb/v7-m/nofp\libg.a(lib_a-memchr-stub.o)
                0x0800a304                memchr
 .text.__malloc_lock
                0x0800a394        0xc d:/enviro~1/gcc-ar~1/102021~1.10/bin/../lib/gcc/arm-none-eabi/10.3.1/../../../../arm-none-eabi/lib/thumb/v7-m/nofp\libg.a(lib_a-mlock.o)
                0x0800a394                __malloc_lock
 .text.__malloc_unlock
                0x0800a3a0        0xc d:/enviro~1/gcc-ar~1/102021~1.10/bin/../lib/gcc/arm-none-eabi/10.3.1/../../../../arm-none-eabi/lib/thumb/v7-m/nofp\libg.a(lib_a-mlock.o)
                0x0800a3a0                __malloc_unlock
 .text.frexp    0x0800a3ac       0x70 d:/enviro~1/gcc-ar~1/102021~1.10/bin/../lib/gcc/arm-none-eabi/10.3.1/../../../../arm-none-eabi/lib/thumb/v7-m/nofp\libg.a(lib_a-s_frexp.o)
                0x0800a3ac                frexp
 .text._sbrk_r  0x0800a41c       0x24 d:/enviro~1/gcc-ar~1/102021~1.10/bin/../lib/gcc/arm-none-eabi/10.3.1/../../../../arm-none-eabi/lib/thumb/v7-m/nofp\libg.a(lib_a-sbrkr.o)
                0x0800a41c                _sbrk_r
 .text.strncpy  0x0800a440       0x68 d:/enviro~1/gcc-ar~1/102021~1.10/bin/../lib/gcc/arm-none-eabi/10.3.1/../../../../arm-none-eabi/lib/thumb/v7-m/nofp\libg.a(lib_a-strncpy.o)
                0x0800a440                strncpy
 .text.__ssprint_r
                0x0800a4a8       0xfc d:/enviro~1/gcc-ar~1/102021~1.10/bin/../lib/gcc/arm-none-eabi/10.3.1/../../../../arm-none-eabi/lib/thumb/v7-m/nofp\libg.a(lib_a-svfiprintf.o)
                0x0800a4a8                __ssprint_r
 .text.__sprint_r.part.0
                0x0800a5a4       0x78 d:/enviro~1/gcc-ar~1/102021~1.10/bin/../lib/gcc/arm-none-eabi/10.3.1/../../../../arm-none-eabi/lib/thumb/v7-m/nofp\libg.a(lib_a-vfiprintf.o)
 .text._vfiprintf_r
                0x0800a61c      0xd98 d:/enviro~1/gcc-ar~1/102021~1.10/bin/../lib/gcc/arm-none-eabi/10.3.1/../../../../arm-none-eabi/lib/thumb/v7-m/nofp\libg.a(lib_a-vfiprintf.o)
                0x0800a61c                _vfiprintf_r
 .text.__sbprintf
                0x0800b3b4       0x84 d:/enviro~1/gcc-ar~1/102021~1.10/bin/../lib/gcc/arm-none-eabi/10.3.1/../../../../arm-none-eabi/lib/thumb/v7-m/nofp\libg.a(lib_a-vfiprintf.o)
 .text.__swsetup_r
                0x0800b438       0xd4 d:/enviro~1/gcc-ar~1/102021~1.10/bin/../lib/gcc/arm-none-eabi/10.3.1/../../../../arm-none-eabi/lib/thumb/v7-m/nofp\libg.a(lib_a-wsetup.o)
                0x0800b438                __swsetup_r
 .text.abort    0x0800b50c       0x10 d:/enviro~1/gcc-ar~1/102021~1.10/bin/../lib/gcc/arm-none-eabi/10.3.1/../../../../arm-none-eabi/lib/thumb/v7-m/nofp\libg.a(lib_a-abort.o)
                0x0800b50c                abort
 .text.__sflush_r
                0x0800b51c      0x124 d:/enviro~1/gcc-ar~1/102021~1.10/bin/../lib/gcc/arm-none-eabi/10.3.1/../../../../arm-none-eabi/lib/thumb/v7-m/nofp\libg.a(lib_a-fflush.o)
                0x0800b51c                __sflush_r
 .text._fflush_r
                0x0800b640       0x5c d:/enviro~1/gcc-ar~1/102021~1.10/bin/../lib/gcc/arm-none-eabi/10.3.1/../../../../arm-none-eabi/lib/thumb/v7-m/nofp\libg.a(lib_a-fflush.o)
                0x0800b640                _fflush_r
 .text._cleanup_r
                0x0800b69c        0xc d:/enviro~1/gcc-ar~1/102021~1.10/bin/../lib/gcc/arm-none-eabi/10.3.1/../../../../arm-none-eabi/lib/thumb/v7-m/nofp\libg.a(lib_a-findfp.o)
                0x0800b69c                _cleanup_r
 .text.__sinit  0x0800b6a8      0x10c d:/enviro~1/gcc-ar~1/102021~1.10/bin/../lib/gcc/arm-none-eabi/10.3.1/../../../../arm-none-eabi/lib/thumb/v7-m/nofp\libg.a(lib_a-findfp.o)
                0x0800b6a8                __sinit
 .text.__sfp_lock_acquire
                0x0800b7b4        0xc d:/enviro~1/gcc-ar~1/102021~1.10/bin/../lib/gcc/arm-none-eabi/10.3.1/../../../../arm-none-eabi/lib/thumb/v7-m/nofp\libg.a(lib_a-findfp.o)
                0x0800b7b4                __sfp_lock_acquire
 .text.__sfp_lock_release
                0x0800b7c0        0xc d:/enviro~1/gcc-ar~1/102021~1.10/bin/../lib/gcc/arm-none-eabi/10.3.1/../../../../arm-none-eabi/lib/thumb/v7-m/nofp\libg.a(lib_a-findfp.o)
                0x0800b7c0                __sfp_lock_release
 .text.__fputwc
                0x0800b7cc       0xa0 d:/enviro~1/gcc-ar~1/102021~1.10/bin/../lib/gcc/arm-none-eabi/10.3.1/../../../../arm-none-eabi/lib/thumb/v7-m/nofp\libg.a(lib_a-fputwc.o)
                0x0800b7cc                __fputwc
 .text._fputwc_r
                0x0800b86c       0x68 d:/enviro~1/gcc-ar~1/102021~1.10/bin/../lib/gcc/arm-none-eabi/10.3.1/../../../../arm-none-eabi/lib/thumb/v7-m/nofp\libg.a(lib_a-fputwc.o)
                0x0800b86c                _fputwc_r
 .text.__sfvwrite_r
                0x0800b8d4      0x2f0 d:/enviro~1/gcc-ar~1/102021~1.10/bin/../lib/gcc/arm-none-eabi/10.3.1/../../../../arm-none-eabi/lib/thumb/v7-m/nofp\libg.a(lib_a-fvwrite.o)
                0x0800b8d4                __sfvwrite_r
 .text._fwalk_reent
                0x0800bbc4       0x48 d:/enviro~1/gcc-ar~1/102021~1.10/bin/../lib/gcc/arm-none-eabi/10.3.1/../../../../arm-none-eabi/lib/thumb/v7-m/nofp\libg.a(lib_a-fwalk.o)
                0x0800bbc4                _fwalk_reent
 .text.__smakebuf_r
                0x0800bc0c       0xe0 d:/enviro~1/gcc-ar~1/102021~1.10/bin/../lib/gcc/arm-none-eabi/10.3.1/../../../../arm-none-eabi/lib/thumb/v7-m/nofp\libg.a(lib_a-makebuf.o)
                0x0800bc0c                __smakebuf_r
 .text.memmove  0x0800bcec       0xf8 d:/enviro~1/gcc-ar~1/102021~1.10/bin/../lib/gcc/arm-none-eabi/10.3.1/../../../../arm-none-eabi/lib/thumb/v7-m/nofp\libg.a(lib_a-memmove.o)
                0x0800bcec                memmove
 .text._realloc_r
                0x0800bde4      0x3dc d:/enviro~1/gcc-ar~1/102021~1.10/bin/../lib/gcc/arm-none-eabi/10.3.1/../../../../arm-none-eabi/lib/thumb/v7-m/nofp\libg.a(lib_a-reallocr.o)
                0x0800bde4                _realloc_r
 .text.raise    0x0800c1c0       0x5c d:/enviro~1/gcc-ar~1/102021~1.10/bin/../lib/gcc/arm-none-eabi/10.3.1/../../../../arm-none-eabi/lib/thumb/v7-m/nofp\libg.a(lib_a-signal.o)
                0x0800c1c0                raise
 .text._kill_r  0x0800c21c       0x28 d:/enviro~1/gcc-ar~1/102021~1.10/bin/../lib/gcc/arm-none-eabi/10.3.1/../../../../arm-none-eabi/lib/thumb/v7-m/nofp\libg.a(lib_a-signalr.o)
                0x0800c21c                _kill_r
 .text._getpid_r
                0x0800c244        0x4 d:/enviro~1/gcc-ar~1/102021~1.10/bin/../lib/gcc/arm-none-eabi/10.3.1/../../../../arm-none-eabi/lib/thumb/v7-m/nofp\libg.a(lib_a-signalr.o)
                0x0800c244                _getpid_r
 .text.__sread  0x0800c248       0x24 d:/enviro~1/gcc-ar~1/102021~1.10/bin/../lib/gcc/arm-none-eabi/10.3.1/../../../../arm-none-eabi/lib/thumb/v7-m/nofp\libg.a(lib_a-stdio.o)
                0x0800c248                __sread
 .text.__swrite
                0x0800c26c       0x40 d:/enviro~1/gcc-ar~1/102021~1.10/bin/../lib/gcc/arm-none-eabi/10.3.1/../../../../arm-none-eabi/lib/thumb/v7-m/nofp\libg.a(lib_a-stdio.o)
                0x0800c26c                __swrite
 .text.__sseek  0x0800c2ac       0x20 d:/enviro~1/gcc-ar~1/102021~1.10/bin/../lib/gcc/arm-none-eabi/10.3.1/../../../../arm-none-eabi/lib/thumb/v7-m/nofp\libg.a(lib_a-stdio.o)
                0x0800c2ac                __sseek
 .text.__sclose
                0x0800c2cc        0x8 d:/enviro~1/gcc-ar~1/102021~1.10/bin/../lib/gcc/arm-none-eabi/10.3.1/../../../../arm-none-eabi/lib/thumb/v7-m/nofp\libg.a(lib_a-stdio.o)
                0x0800c2cc                __sclose
 .text.__swbuf_r
                0x0800c2d4       0xb0 d:/enviro~1/gcc-ar~1/102021~1.10/bin/../lib/gcc/arm-none-eabi/10.3.1/../../../../arm-none-eabi/lib/thumb/v7-m/nofp\libg.a(lib_a-wbuf.o)
                0x0800c2d4                __swbuf_r
 .text._wcrtomb_r
                0x0800c384       0x3c d:/enviro~1/gcc-ar~1/102021~1.10/bin/../lib/gcc/arm-none-eabi/10.3.1/../../../../arm-none-eabi/lib/thumb/v7-m/nofp\libg.a(lib_a-wcrtomb.o)
                0x0800c384                _wcrtomb_r
 .text._write_r
                0x0800c3c0       0x2c d:/enviro~1/gcc-ar~1/102021~1.10/bin/../lib/gcc/arm-none-eabi/10.3.1/../../../../arm-none-eabi/lib/thumb/v7-m/nofp\libg.a(lib_a-writer.o)
                0x0800c3c0                _write_r
 .text._close_r
                0x0800c3ec       0x24 d:/enviro~1/gcc-ar~1/102021~1.10/bin/../lib/gcc/arm-none-eabi/10.3.1/../../../../arm-none-eabi/lib/thumb/v7-m/nofp\libg.a(lib_a-closer.o)
                0x0800c3ec                _close_r
 .text._fclose_r
                0x0800c410       0xcc d:/enviro~1/gcc-ar~1/102021~1.10/bin/../lib/gcc/arm-none-eabi/10.3.1/../../../../arm-none-eabi/lib/thumb/v7-m/nofp\libg.a(lib_a-fclose.o)
                0x0800c410                _fclose_r
 .text._fstat_r
                0x0800c4dc       0x28 d:/enviro~1/gcc-ar~1/102021~1.10/bin/../lib/gcc/arm-none-eabi/10.3.1/../../../../arm-none-eabi/lib/thumb/v7-m/nofp\libg.a(lib_a-fstatr.o)
                0x0800c4dc                _fstat_r
 .text._isatty_r
                0x0800c504       0x24 d:/enviro~1/gcc-ar~1/102021~1.10/bin/../lib/gcc/arm-none-eabi/10.3.1/../../../../arm-none-eabi/lib/thumb/v7-m/nofp\libg.a(lib_a-isattyr.o)
                0x0800c504                _isatty_r
 .text._lseek_r
                0x0800c528       0x2c d:/enviro~1/gcc-ar~1/102021~1.10/bin/../lib/gcc/arm-none-eabi/10.3.1/../../../../arm-none-eabi/lib/thumb/v7-m/nofp\libg.a(lib_a-lseekr.o)
                0x0800c528                _lseek_r
 .text._read_r  0x0800c554       0x2c d:/enviro~1/gcc-ar~1/102021~1.10/bin/../lib/gcc/arm-none-eabi/10.3.1/../../../../arm-none-eabi/lib/thumb/v7-m/nofp\libg.a(lib_a-readr.o)
                0x0800c554                _read_r
 *(.glue_7)
 .glue_7        0x0800c580        0x0 linker stubs
 *(.glue_7t)
 .glue_7t       0x0800c580        0x0 linker stubs
 *(.eh_frame)
 .eh_frame      0x0800c580        0x0 d:/enviro~1/gcc-ar~1/102021~1.10/bin/../lib/gcc/arm-none-eabi/10.3.1/thumb/v7-m/nofp/crtbegin.o
 *(.init)
 .init          0x0800c580        0x4 d:/enviro~1/gcc-ar~1/102021~1.10/bin/../lib/gcc/arm-none-eabi/10.3.1/thumb/v7-m/nofp/crti.o
                0x0800c580                _init
 .init          0x0800c584        0x8 d:/enviro~1/gcc-ar~1/102021~1.10/bin/../lib/gcc/arm-none-eabi/10.3.1/thumb/v7-m/nofp/crtn.o
 *(.fini)
 .fini          0x0800c58c        0x4 d:/enviro~1/gcc-ar~1/102021~1.10/bin/../lib/gcc/arm-none-eabi/10.3.1/thumb/v7-m/nofp/crti.o
                0x0800c58c                _fini
 .fini          0x0800c590        0x8 d:/enviro~1/gcc-ar~1/102021~1.10/bin/../lib/gcc/arm-none-eabi/10.3.1/thumb/v7-m/nofp/crtn.o
                0x0800c598                . = ALIGN (0x4)
                0x0800c598                _etext = .

.vfp11_veneer   0x0800c598        0x0
 .vfp11_veneer  0x0800c598        0x0 linker stubs

.v4_bx          0x0800c598        0x0
 .v4_bx         0x0800c598        0x0 linker stubs

.iplt           0x0800c598        0x0
 .iplt          0x0800c598        0x0 d:/enviro~1/gcc-ar~1/102021~1.10/bin/../lib/gcc/arm-none-eabi/10.3.1/thumb/v7-m/nofp/crtbegin.o

.rodata         0x0800c598      0x62c
                0x0800c598                . = ALIGN (0x4)
 *(.rodata)
 *(.rodata*)
 .rodata.HAL_TIM_PeriodElapsedCallback.str1.4
                0x0800c598        0xc CMakeFiles/EE_code.elf.dir/Core/BSP/encoder.c.obj
 .rodata.AHBPrescTable
                0x0800c5a4       0x10 CMakeFiles/EE_code.elf.dir/Core/Src/system_stm32f1xx.c.obj
                0x0800c5a4                AHBPrescTable
 .rodata.APBPrescTable
                0x0800c5b4        0x8 CMakeFiles/EE_code.elf.dir/Core/Src/system_stm32f1xx.c.obj
                0x0800c5b4                APBPrescTable
 .rodata.HAL_RCC_GetSysClockFreq.str1.4
                0x0800c5bc       0x11 CMakeFiles/EE_code.elf.dir/Drivers/STM32F1xx_HAL_Driver/Src/stm32f1xx_hal_rcc.c.obj
 *fill*         0x0800c5cd        0x3 
 .rodata._global_impure_ptr
                0x0800c5d0        0x4 d:/enviro~1/gcc-ar~1/102021~1.10/bin/../lib/gcc/arm-none-eabi/10.3.1/../../../../arm-none-eabi/lib/thumb/v7-m/nofp\libg.a(lib_a-impure.o)
                0x0800c5d0                _global_impure_ptr
 .rodata._strtod_l.str1.4
                0x0800c5d4        0xf d:/enviro~1/gcc-ar~1/102021~1.10/bin/../lib/gcc/arm-none-eabi/10.3.1/../../../../arm-none-eabi/lib/thumb/v7-m/nofp\libg.a(lib_a-strtod.o)
                                 0x11 (size before relaxing)
 *fill*         0x0800c5e3        0x1 
 .rodata.fpi.1  0x0800c5e4       0x14 d:/enviro~1/gcc-ar~1/102021~1.10/bin/../lib/gcc/arm-none-eabi/10.3.1/../../../../arm-none-eabi/lib/thumb/v7-m/nofp\libg.a(lib_a-strtod.o)
 .rodata.fpinan.0
                0x0800c5f8       0x14 d:/enviro~1/gcc-ar~1/102021~1.10/bin/../lib/gcc/arm-none-eabi/10.3.1/../../../../arm-none-eabi/lib/thumb/v7-m/nofp\libg.a(lib_a-strtod.o)
 *fill*         0x0800c60c        0x4 
 .rodata.tinytens
                0x0800c610       0x28 d:/enviro~1/gcc-ar~1/102021~1.10/bin/../lib/gcc/arm-none-eabi/10.3.1/../../../../arm-none-eabi/lib/thumb/v7-m/nofp\libg.a(lib_a-strtod.o)
 .rodata.__gethex.str1.4
                0x0800c638       0x9a d:/enviro~1/gcc-ar~1/102021~1.10/bin/../lib/gcc/arm-none-eabi/10.3.1/../../../../arm-none-eabi/lib/thumb/v7-m/nofp\libg.a(lib_a-gdtoa-gethex.o)
 *fill*         0x0800c6d2        0x2 
 .rodata.__hexdig
                0x0800c6d4      0x100 d:/enviro~1/gcc-ar~1/102021~1.10/bin/../lib/gcc/arm-none-eabi/10.3.1/../../../../arm-none-eabi/lib/thumb/v7-m/nofp\libg.a(lib_a-gdtoa-gethex.o)
                0x0800c6d4                __hexdig
 .rodata.str1.4
                0x0800c7d4        0x2 d:/enviro~1/gcc-ar~1/102021~1.10/bin/../lib/gcc/arm-none-eabi/10.3.1/../../../../arm-none-eabi/lib/thumb/v7-m/nofp\libg.a(lib_a-lnumeric.o)
                                  0x5 (size before relaxing)
 *fill*         0x0800c7d6        0x2 
 .rodata._C_numeric_locale
                0x0800c7d8        0xc d:/enviro~1/gcc-ar~1/102021~1.10/bin/../lib/gcc/arm-none-eabi/10.3.1/../../../../arm-none-eabi/lib/thumb/v7-m/nofp\libg.a(lib_a-lnumeric.o)
                0x0800c7d8                _C_numeric_locale
 .rodata._setlocale_r.str1.4
                0x0800c7e4        0xa d:/enviro~1/gcc-ar~1/102021~1.10/bin/../lib/gcc/arm-none-eabi/10.3.1/../../../../arm-none-eabi/lib/thumb/v7-m/nofp\libg.a(lib_a-locale.o)
                                  0xd (size before relaxing)
 .rodata.str1.4
                0x0800c7ee        0x2 d:/enviro~1/gcc-ar~1/102021~1.10/bin/../lib/gcc/arm-none-eabi/10.3.1/../../../../arm-none-eabi/lib/thumb/v7-m/nofp\libg.a(lib_a-locale.o)
 *fill*         0x0800c7ee        0x2 
 .rodata.__multadd.str1.4
                0x0800c7f0       0x7f d:/enviro~1/gcc-ar~1/102021~1.10/bin/../lib/gcc/arm-none-eabi/10.3.1/../../../../arm-none-eabi/lib/thumb/v7-m/nofp\libg.a(lib_a-mprec.o)
                                 0x93 (size before relaxing)
 *fill*         0x0800c86f        0x1 
 .rodata.__mprec_bigtens
                0x0800c870       0x28 d:/enviro~1/gcc-ar~1/102021~1.10/bin/../lib/gcc/arm-none-eabi/10.3.1/../../../../arm-none-eabi/lib/thumb/v7-m/nofp\libg.a(lib_a-mprec.o)
                0x0800c870                __mprec_bigtens
 .rodata.__mprec_tens
                0x0800c898       0xc8 d:/enviro~1/gcc-ar~1/102021~1.10/bin/../lib/gcc/arm-none-eabi/10.3.1/../../../../arm-none-eabi/lib/thumb/v7-m/nofp\libg.a(lib_a-mprec.o)
                0x0800c898                __mprec_tens
 .rodata.p05.0  0x0800c960        0xc d:/enviro~1/gcc-ar~1/102021~1.10/bin/../lib/gcc/arm-none-eabi/10.3.1/../../../../arm-none-eabi/lib/thumb/v7-m/nofp\libg.a(lib_a-mprec.o)
 .rodata._svfprintf_r.str1.4
                0x0800c96c       0x42 d:/enviro~1/gcc-ar~1/102021~1.10/bin/../lib/gcc/arm-none-eabi/10.3.1/../../../../arm-none-eabi/lib/thumb/v7-m/nofp\libg.a(lib_a-svfprintf.o)
 *fill*         0x0800c9ae        0x2 
 .rodata.blanks.1
                0x0800c9b0       0x10 d:/enviro~1/gcc-ar~1/102021~1.10/bin/../lib/gcc/arm-none-eabi/10.3.1/../../../../arm-none-eabi/lib/thumb/v7-m/nofp\libg.a(lib_a-svfprintf.o)
 .rodata.zeroes.0
                0x0800c9c0       0x10 d:/enviro~1/gcc-ar~1/102021~1.10/bin/../lib/gcc/arm-none-eabi/10.3.1/../../../../arm-none-eabi/lib/thumb/v7-m/nofp\libg.a(lib_a-svfprintf.o)
 .rodata.__assert_func.str1.4
                0x0800c9d0       0x3f d:/enviro~1/gcc-ar~1/102021~1.10/bin/../lib/gcc/arm-none-eabi/10.3.1/../../../../arm-none-eabi/lib/thumb/v7-m/nofp\libg.a(lib_a-assert.o)
                                 0x43 (size before relaxing)
 *fill*         0x0800ca0f        0x1 
 .rodata._ctype_
                0x0800ca10      0x101 d:/enviro~1/gcc-ar~1/102021~1.10/bin/../lib/gcc/arm-none-eabi/10.3.1/../../../../arm-none-eabi/lib/thumb/v7-m/nofp\libg.a(lib_a-ctype_.o)
                0x0800ca10                _ctype_
 *fill*         0x0800cb11        0x3 
 .rodata._dtoa_r.str1.4
                0x0800cb14       0x8e d:/enviro~1/gcc-ar~1/102021~1.10/bin/../lib/gcc/arm-none-eabi/10.3.1/../../../../arm-none-eabi/lib/thumb/v7-m/nofp\libg.a(lib_a-dtoa.o)
                                 0xa6 (size before relaxing)
 .rodata._vfiprintf_r.str1.4
                0x0800cba2       0x2f d:/enviro~1/gcc-ar~1/102021~1.10/bin/../lib/gcc/arm-none-eabi/10.3.1/../../../../arm-none-eabi/lib/thumb/v7-m/nofp\libg.a(lib_a-vfiprintf.o)
 *fill*         0x0800cba2        0x2 
 .rodata.blanks.1
                0x0800cba4       0x10 d:/enviro~1/gcc-ar~1/102021~1.10/bin/../lib/gcc/arm-none-eabi/10.3.1/../../../../arm-none-eabi/lib/thumb/v7-m/nofp\libg.a(lib_a-vfiprintf.o)
 .rodata.zeroes.0
                0x0800cbb4       0x10 d:/enviro~1/gcc-ar~1/102021~1.10/bin/../lib/gcc/arm-none-eabi/10.3.1/../../../../arm-none-eabi/lib/thumb/v7-m/nofp\libg.a(lib_a-vfiprintf.o)
                0x0800cbc4                . = ALIGN (0x4)

.ARM.extab      0x0800cbc4        0x0
                0x0800cbc4                . = ALIGN (0x4)
 *(.ARM.extab* .gnu.linkonce.armextab.*)
                0x0800cbc4                . = ALIGN (0x4)

.ARM            0x0800cbc4        0x8
                0x0800cbc4                . = ALIGN (0x4)
                0x0800cbc4                __exidx_start = .
 *(.ARM.exidx*)
 .ARM.exidx     0x0800cbc4        0x8 d:/enviro~1/gcc-ar~1/102021~1.10/bin/../lib/gcc/arm-none-eabi/10.3.1/thumb/v7-m/nofp\libgcc.a(_udivmoddi4.o)
                0x0800cbcc                __exidx_end = .
                0x0800cbcc                . = ALIGN (0x4)

.rel.dyn        0x0800cbcc        0x0
 .rel.iplt      0x0800cbcc        0x0 d:/enviro~1/gcc-ar~1/102021~1.10/bin/../lib/gcc/arm-none-eabi/10.3.1/thumb/v7-m/nofp/crtbegin.o

.preinit_array  0x0800cbcc        0x0
                0x0800cbcc                . = ALIGN (0x4)
                0x0800cbcc                PROVIDE (__preinit_array_start = .)
 *(.preinit_array*)
                0x0800cbcc                PROVIDE (__preinit_array_end = .)
                0x0800cbcc                . = ALIGN (0x4)

.init_array     0x0800cbcc        0x8
                0x0800cbcc                . = ALIGN (0x4)
                0x0800cbcc                PROVIDE (__init_array_start = .)
 *(SORT_BY_NAME(.init_array.*))
 .init_array.00000
                0x0800cbcc        0x4 d:/enviro~1/gcc-ar~1/102021~1.10/bin/../lib/gcc/arm-none-eabi/10.3.1/../../../../arm-none-eabi/lib/thumb/v7-m/nofp\libg.a(lib_a-__call_atexit.o)
 *(.init_array*)
 .init_array    0x0800cbd0        0x4 d:/enviro~1/gcc-ar~1/102021~1.10/bin/../lib/gcc/arm-none-eabi/10.3.1/thumb/v7-m/nofp/crtbegin.o
                0x0800cbd4                PROVIDE (__init_array_end = .)
                0x0800cbd4                . = ALIGN (0x4)

.fini_array     0x0800cbd4        0x4
                0x0800cbd4                . = ALIGN (0x4)
                0x0800cbd4                PROVIDE (__fini_array_start = .)
 *(SORT_BY_NAME(.fini_array.*))
 *(.fini_array*)
 .fini_array    0x0800cbd4        0x4 d:/enviro~1/gcc-ar~1/102021~1.10/bin/../lib/gcc/arm-none-eabi/10.3.1/thumb/v7-m/nofp/crtbegin.o
                0x0800cbd8                PROVIDE (__fini_array_end = .)
                0x0800cbd8                . = ALIGN (0x4)
                0x0800cbd8                _sidata = LOADADDR (.data)

.data           0x20000000      0x9bc load address 0x0800cbd8
                0x20000000                . = ALIGN (0x4)
                0x20000000                _sdata = .
 *(.data)
 *(.data*)
 .data.SystemCoreClock
                0x20000000        0x4 CMakeFiles/EE_code.elf.dir/Core/Src/system_stm32f1xx.c.obj
                0x20000000                SystemCoreClock
 .data.uwTickFreq
                0x20000004        0x1 CMakeFiles/EE_code.elf.dir/Drivers/STM32F1xx_HAL_Driver/Src/stm32f1xx_hal.c.obj
                0x20000004                uwTickFreq
 *fill*         0x20000005        0x3 
 .data.uwTickPrio
                0x20000008        0x4 CMakeFiles/EE_code.elf.dir/Drivers/STM32F1xx_HAL_Driver/Src/stm32f1xx_hal.c.obj
                0x20000008                uwTickPrio
 .data._impure_ptr
                0x2000000c        0x4 d:/enviro~1/gcc-ar~1/102021~1.10/bin/../lib/gcc/arm-none-eabi/10.3.1/../../../../arm-none-eabi/lib/thumb/v7-m/nofp\libg.a(lib_a-impure.o)
                0x2000000c                _impure_ptr
 .data.impure_data
                0x20000010      0x428 d:/enviro~1/gcc-ar~1/102021~1.10/bin/../lib/gcc/arm-none-eabi/10.3.1/../../../../arm-none-eabi/lib/thumb/v7-m/nofp\libg.a(lib_a-impure.o)
 .data.__atexit_recursive_mutex
                0x20000438        0x4 d:/enviro~1/gcc-ar~1/102021~1.10/bin/../lib/gcc/arm-none-eabi/10.3.1/../../../../arm-none-eabi/lib/thumb/v7-m/nofp\libg.a(lib_a-__call_atexit.o)
                0x20000438                __atexit_recursive_mutex
 .data.numempty
                0x2000043c        0x2 d:/enviro~1/gcc-ar~1/102021~1.10/bin/../lib/gcc/arm-none-eabi/10.3.1/../../../../arm-none-eabi/lib/thumb/v7-m/nofp\libg.a(lib_a-lnumeric.o)
 *fill*         0x2000043e        0x2 
 .data.__global_locale
                0x20000440      0x16c d:/enviro~1/gcc-ar~1/102021~1.10/bin/../lib/gcc/arm-none-eabi/10.3.1/../../../../arm-none-eabi/lib/thumb/v7-m/nofp\libg.a(lib_a-locale.o)
                0x20000440                __global_locale
 .data.__malloc_av_
                0x200005ac      0x408 d:/enviro~1/gcc-ar~1/102021~1.10/bin/../lib/gcc/arm-none-eabi/10.3.1/../../../../arm-none-eabi/lib/thumb/v7-m/nofp\libg.a(lib_a-mallocr.o)
                0x200005ac                __malloc_av_
 .data.__malloc_sbrk_base
                0x200009b4        0x4 d:/enviro~1/gcc-ar~1/102021~1.10/bin/../lib/gcc/arm-none-eabi/10.3.1/../../../../arm-none-eabi/lib/thumb/v7-m/nofp\libg.a(lib_a-mallocr.o)
                0x200009b4                __malloc_sbrk_base
 .data.__malloc_trim_threshold
                0x200009b8        0x4 d:/enviro~1/gcc-ar~1/102021~1.10/bin/../lib/gcc/arm-none-eabi/10.3.1/../../../../arm-none-eabi/lib/thumb/v7-m/nofp\libg.a(lib_a-mallocr.o)
                0x200009b8                __malloc_trim_threshold
 *(.RamFunc)
 *(.RamFunc*)
                0x200009bc                . = ALIGN (0x4)
                0x200009bc                _edata = .

.igot.plt       0x200009bc        0x0 load address 0x0800d594
 .igot.plt      0x200009bc        0x0 d:/enviro~1/gcc-ar~1/102021~1.10/bin/../lib/gcc/arm-none-eabi/10.3.1/thumb/v7-m/nofp/crtbegin.o
                0x200009bc                . = ALIGN (0x4)

.bss            0x200009bc      0xa2c load address 0x0800d594
                0x200009bc                _sbss = .
                0x200009bc                __bss_start__ = _sbss
 *(.bss)
 .bss           0x200009bc       0x1c d:/enviro~1/gcc-ar~1/102021~1.10/bin/../lib/gcc/arm-none-eabi/10.3.1/thumb/v7-m/nofp/crtbegin.o
 *(.bss*)
 .bss.debugBuff
                0x200009d8       0xff CMakeFiles/EE_code.elf.dir/Core/BSP/debugc.c.obj
                0x200009d8                debugBuff
 *fill*         0x20000ad7        0x1 
 .bss.debugParam
                0x20000ad8       0x3c CMakeFiles/EE_code.elf.dir/Core/BSP/debugc.c.obj
                0x20000ad8                debugParam
 .bss.debugRvBuff
                0x20000b14       0xff CMakeFiles/EE_code.elf.dir/Core/BSP/debugc.c.obj
                0x20000b14                debugRvBuff
 *fill*         0x20000c13        0x1 
 .bss.pEnd      0x20000c14        0x4 CMakeFiles/EE_code.elf.dir/Core/BSP/debugc.c.obj
                0x20000c14                pEnd
 .bss.send_buf  0x20000c18      0x200 CMakeFiles/EE_code.elf.dir/Core/BSP/debugc.c.obj
                0x20000c18                send_buf
 .bss.start_flag
                0x20000e18        0x2 CMakeFiles/EE_code.elf.dir/Core/BSP/debugc.c.obj
                0x20000e18                start_flag
 .bss.Diretion  0x20000e1a        0x2 CMakeFiles/EE_code.elf.dir/Core/BSP/encoder.c.obj
                0x20000e1a                Diretion
 .bss.MotorPosPID_BL
                0x20000e1c       0x54 CMakeFiles/EE_code.elf.dir/Core/BSP/encoder.c.obj
                0x20000e1c                MotorPosPID_BL
 .bss.MotorPosPID_BR
                0x20000e70       0x54 CMakeFiles/EE_code.elf.dir/Core/BSP/encoder.c.obj
                0x20000e70                MotorPosPID_BR
 .bss.MotorPosPID_F
                0x20000ec4       0x54 CMakeFiles/EE_code.elf.dir/Core/BSP/encoder.c.obj
                0x20000ec4                MotorPosPID_F
 .bss.MotorSpeedPID_BL
                0x20000f18       0x54 CMakeFiles/EE_code.elf.dir/Core/BSP/encoder.c.obj
                0x20000f18                MotorSpeedPID_BL
 .bss.MotorSpeedPID_BR
                0x20000f6c       0x54 CMakeFiles/EE_code.elf.dir/Core/BSP/encoder.c.obj
                0x20000f6c                MotorSpeedPID_BR
 .bss.MotorSpeedPID_F
                0x20000fc0       0x54 CMakeFiles/EE_code.elf.dir/Core/BSP/encoder.c.obj
                0x20000fc0                MotorSpeedPID_F
 .bss.Position_BL
                0x20001014        0x4 CMakeFiles/EE_code.elf.dir/Core/BSP/encoder.c.obj
                0x20001014                Position_BL
 .bss.Position_BR
                0x20001018        0x4 CMakeFiles/EE_code.elf.dir/Core/BSP/encoder.c.obj
                0x20001018                Position_BR
 .bss.Position_F
                0x2000101c        0x4 CMakeFiles/EE_code.elf.dir/Core/BSP/encoder.c.obj
                0x2000101c                Position_F
 .bss.SetPos_BL
                0x20001020        0x4 CMakeFiles/EE_code.elf.dir/Core/BSP/encoder.c.obj
                0x20001020                SetPos_BL
 .bss.SetPos_BR
                0x20001024        0x4 CMakeFiles/EE_code.elf.dir/Core/BSP/encoder.c.obj
                0x20001024                SetPos_BR
 .bss.SetPos_F  0x20001028        0x4 CMakeFiles/EE_code.elf.dir/Core/BSP/encoder.c.obj
                0x20001028                SetPos_F
 .bss.Speed     0x2000102c        0x4 CMakeFiles/EE_code.elf.dir/Core/BSP/encoder.c.obj
                0x2000102c                Speed
 .bss.Speed_BL  0x20001030        0x4 CMakeFiles/EE_code.elf.dir/Core/BSP/encoder.c.obj
                0x20001030                Speed_BL
 .bss.Speed_BR  0x20001034        0x4 CMakeFiles/EE_code.elf.dir/Core/BSP/encoder.c.obj
                0x20001034                Speed_BR
 .bss.Speed_F   0x20001038        0x4 CMakeFiles/EE_code.elf.dir/Core/BSP/encoder.c.obj
                0x20001038                Speed_F
 .bss.test_CNT_tim1
                0x2000103c        0x2 CMakeFiles/EE_code.elf.dir/Core/BSP/encoder.c.obj
                0x2000103c                test_CNT_tim1
 .bss.test_CNT_tim2
                0x2000103e        0x2 CMakeFiles/EE_code.elf.dir/Core/BSP/encoder.c.obj
                0x2000103e                test_CNT_tim2
 .bss.test_CNT_tim3
                0x20001040        0x2 CMakeFiles/EE_code.elf.dir/Core/BSP/encoder.c.obj
                0x20001040                test_CNT_tim3
 *fill*         0x20001042        0x2 
 .bss.RxBuffer1.0
                0x20001044        0xe CMakeFiles/EE_code.elf.dir/Core/BSP/tof.c.obj
 .bss.RxCounter1.1
                0x20001052        0x1 CMakeFiles/EE_code.elf.dir/Core/BSP/tof.c.obj
 .bss.RxState.2
                0x20001053        0x1 CMakeFiles/EE_code.elf.dir/Core/BSP/tof.c.obj
 .bss.tofRvBuff
                0x20001054       0x80 CMakeFiles/EE_code.elf.dir/Core/BSP/tof.c.obj
                0x20001054                tofRvBuff
 .bss.tof_Cw    0x200010d4        0x1 CMakeFiles/EE_code.elf.dir/Core/BSP/tof.c.obj
                0x200010d4                tof_Cw
 .bss.tof_Cx    0x200010d5        0x1 CMakeFiles/EE_code.elf.dir/Core/BSP/tof.c.obj
                0x200010d5                tof_Cx
 .bss.tof_Cy    0x200010d6        0x1 CMakeFiles/EE_code.elf.dir/Core/BSP/tof.c.obj
                0x200010d6                tof_Cy
 .bss.tof_Cz    0x200010d7        0x1 CMakeFiles/EE_code.elf.dir/Core/BSP/tof.c.obj
                0x200010d7                tof_Cz
 .bss.tof_data  0x200010d8        0x4 CMakeFiles/EE_code.elf.dir/Core/BSP/tof.c.obj
                0x200010d8                tof_data
 .bss.tof_rxbuff
                0x200010dc        0x1 CMakeFiles/EE_code.elf.dir/Core/BSP/tof.c.obj
                0x200010dc                tof_rxbuff
 *fill*         0x200010dd        0x3 
 .bss.__sbrk_heap_end
                0x200010e0        0x4 CMakeFiles/EE_code.elf.dir/Core/Src/sysmem.c.obj
 .bss.htim1     0x200010e4       0x48 CMakeFiles/EE_code.elf.dir/Core/Src/tim.c.obj
                0x200010e4                htim1
 .bss.htim2     0x2000112c       0x48 CMakeFiles/EE_code.elf.dir/Core/Src/tim.c.obj
                0x2000112c                htim2
 .bss.htim3     0x20001174       0x48 CMakeFiles/EE_code.elf.dir/Core/Src/tim.c.obj
                0x20001174                htim3
 .bss.htim4     0x200011bc       0x48 CMakeFiles/EE_code.elf.dir/Core/Src/tim.c.obj
                0x200011bc                htim4
 .bss.hdma_usart2_rx
                0x20001204       0x44 CMakeFiles/EE_code.elf.dir/Core/Src/usart.c.obj
                0x20001204                hdma_usart2_rx
 .bss.hdma_usart2_tx
                0x20001248       0x44 CMakeFiles/EE_code.elf.dir/Core/Src/usart.c.obj
                0x20001248                hdma_usart2_tx
 .bss.hdma_usart3_rx
                0x2000128c       0x44 CMakeFiles/EE_code.elf.dir/Core/Src/usart.c.obj
                0x2000128c                hdma_usart3_rx
 .bss.hdma_usart3_tx
                0x200012d0       0x44 CMakeFiles/EE_code.elf.dir/Core/Src/usart.c.obj
                0x200012d0                hdma_usart3_tx
 .bss.huart2    0x20001314       0x44 CMakeFiles/EE_code.elf.dir/Core/Src/usart.c.obj
                0x20001314                huart2
 .bss.huart3    0x20001358       0x44 CMakeFiles/EE_code.elf.dir/Core/Src/usart.c.obj
                0x20001358                huart3
 .bss.uwTick    0x2000139c        0x4 CMakeFiles/EE_code.elf.dir/Drivers/STM32F1xx_HAL_Driver/Src/stm32f1xx_hal.c.obj
                0x2000139c                uwTick
 .bss.__lock___atexit_recursive_mutex
                0x200013a0        0x1 d:/enviro~1/gcc-ar~1/102021~1.10/bin/../lib/gcc/arm-none-eabi/10.3.1/../../../../arm-none-eabi/lib/thumb/v7-m/nofp\libg.a(lib_a-lock.o)
                0x200013a0                __lock___atexit_recursive_mutex
 *fill*         0x200013a1        0x3 
 .bss.__lock___malloc_recursive_mutex
                0x200013a4        0x1 d:/enviro~1/gcc-ar~1/102021~1.10/bin/../lib/gcc/arm-none-eabi/10.3.1/../../../../arm-none-eabi/lib/thumb/v7-m/nofp\libg.a(lib_a-lock.o)
                0x200013a4                __lock___malloc_recursive_mutex
 *fill*         0x200013a5        0x3 
 .bss.__lock___sfp_recursive_mutex
                0x200013a8        0x1 d:/enviro~1/gcc-ar~1/102021~1.10/bin/../lib/gcc/arm-none-eabi/10.3.1/../../../../arm-none-eabi/lib/thumb/v7-m/nofp\libg.a(lib_a-lock.o)
                0x200013a8                __lock___sfp_recursive_mutex
 *fill*         0x200013a9        0x3 
 .bss.__lock___sinit_recursive_mutex
                0x200013ac        0x1 d:/enviro~1/gcc-ar~1/102021~1.10/bin/../lib/gcc/arm-none-eabi/10.3.1/../../../../arm-none-eabi/lib/thumb/v7-m/nofp\libg.a(lib_a-lock.o)
                0x200013ac                __lock___sinit_recursive_mutex
 *fill*         0x200013ad        0x3 
 .bss.__malloc_current_mallinfo
                0x200013b0       0x28 d:/enviro~1/gcc-ar~1/102021~1.10/bin/../lib/gcc/arm-none-eabi/10.3.1/../../../../arm-none-eabi/lib/thumb/v7-m/nofp\libg.a(lib_a-mallocr.o)
                0x200013b0                __malloc_current_mallinfo
 .bss.__malloc_max_sbrked_mem
                0x200013d8        0x4 d:/enviro~1/gcc-ar~1/102021~1.10/bin/../lib/gcc/arm-none-eabi/10.3.1/../../../../arm-none-eabi/lib/thumb/v7-m/nofp\libg.a(lib_a-mallocr.o)
                0x200013d8                __malloc_max_sbrked_mem
 .bss.__malloc_max_total_mem
                0x200013dc        0x4 d:/enviro~1/gcc-ar~1/102021~1.10/bin/../lib/gcc/arm-none-eabi/10.3.1/../../../../arm-none-eabi/lib/thumb/v7-m/nofp\libg.a(lib_a-mallocr.o)
                0x200013dc                __malloc_max_total_mem
 .bss.__malloc_top_pad
                0x200013e0        0x4 d:/enviro~1/gcc-ar~1/102021~1.10/bin/../lib/gcc/arm-none-eabi/10.3.1/../../../../arm-none-eabi/lib/thumb/v7-m/nofp\libg.a(lib_a-mallocr.o)
                0x200013e0                __malloc_top_pad
 .bss.errno     0x200013e4        0x4 d:/enviro~1/gcc-ar~1/102021~1.10/bin/../lib/gcc/arm-none-eabi/10.3.1/../../../../arm-none-eabi/lib/thumb/v7-m/nofp\libg.a(lib_a-reent.o)
                0x200013e4                errno
 *(COMMON)
                0x200013e8                . = ALIGN (0x4)
                0x200013e8                _ebss = .
                0x200013e8                __bss_end__ = _ebss

._user_heap_stack
                0x200013e8      0x600 load address 0x0800d594
                0x200013e8                . = ALIGN (0x8)
                [!provide]                PROVIDE (end = .)
                0x200013e8                PROVIDE (_end = .)
                0x200015e8                . = (. + _Min_Heap_Size)
 *fill*         0x200013e8      0x200 
                0x200019e8                . = (. + _Min_Stack_Size)
 *fill*         0x200015e8      0x400 
                0x200019e8                . = ALIGN (0x8)

/DISCARD/
 libc.a(*)
 libm.a(*)
 libgcc.a(*)

.ARM.attributes
                0x00000000       0x29
 *(.ARM.attributes)
 .ARM.attributes
                0x00000000       0x1d d:/enviro~1/gcc-ar~1/102021~1.10/bin/../lib/gcc/arm-none-eabi/10.3.1/thumb/v7-m/nofp/crti.o
 .ARM.attributes
                0x0000001d       0x2d d:/enviro~1/gcc-ar~1/102021~1.10/bin/../lib/gcc/arm-none-eabi/10.3.1/thumb/v7-m/nofp/crtbegin.o
 .ARM.attributes
                0x0000004a       0x2d CMakeFiles/EE_code.elf.dir/Core/BSP/debugc.c.obj
 .ARM.attributes
                0x00000077       0x2d CMakeFiles/EE_code.elf.dir/Core/BSP/encoder.c.obj
 .ARM.attributes
                0x000000a4       0x2d CMakeFiles/EE_code.elf.dir/Core/BSP/motor.c.obj
 .ARM.attributes
                0x000000d1       0x2d CMakeFiles/EE_code.elf.dir/Core/BSP/pid.c.obj
 .ARM.attributes
                0x000000fe       0x2d CMakeFiles/EE_code.elf.dir/Core/BSP/tof.c.obj
 .ARM.attributes
                0x0000012b       0x2d CMakeFiles/EE_code.elf.dir/Core/Src/dma.c.obj
 .ARM.attributes
                0x00000158       0x2d CMakeFiles/EE_code.elf.dir/Core/Src/gpio.c.obj
 .ARM.attributes
                0x00000185       0x2d CMakeFiles/EE_code.elf.dir/Core/Src/main.c.obj
 .ARM.attributes
                0x000001b2       0x2d CMakeFiles/EE_code.elf.dir/Core/Src/stm32f1xx_hal_msp.c.obj
 .ARM.attributes
                0x000001df       0x2d CMakeFiles/EE_code.elf.dir/Core/Src/stm32f1xx_it.c.obj
 .ARM.attributes
                0x0000020c       0x2d CMakeFiles/EE_code.elf.dir/Core/Src/syscalls.c.obj
 .ARM.attributes
                0x00000239       0x2d CMakeFiles/EE_code.elf.dir/Core/Src/sysmem.c.obj
 .ARM.attributes
                0x00000266       0x2d CMakeFiles/EE_code.elf.dir/Core/Src/system_stm32f1xx.c.obj
 .ARM.attributes
                0x00000293       0x2d CMakeFiles/EE_code.elf.dir/Core/Src/tim.c.obj
 .ARM.attributes
                0x000002c0       0x2d CMakeFiles/EE_code.elf.dir/Core/Src/usart.c.obj
 .ARM.attributes
                0x000002ed       0x21 CMakeFiles/EE_code.elf.dir/Core/Startup/startup_stm32f103c8tx.s.obj
 .ARM.attributes
                0x0000030e       0x2d CMakeFiles/EE_code.elf.dir/Drivers/STM32F1xx_HAL_Driver/Src/stm32f1xx_hal.c.obj
 .ARM.attributes
                0x0000033b       0x2d CMakeFiles/EE_code.elf.dir/Drivers/STM32F1xx_HAL_Driver/Src/stm32f1xx_hal_cortex.c.obj
 .ARM.attributes
                0x00000368       0x2d CMakeFiles/EE_code.elf.dir/Drivers/STM32F1xx_HAL_Driver/Src/stm32f1xx_hal_dma.c.obj
 .ARM.attributes
                0x00000395       0x2d CMakeFiles/EE_code.elf.dir/Drivers/STM32F1xx_HAL_Driver/Src/stm32f1xx_hal_gpio.c.obj
 .ARM.attributes
                0x000003c2       0x2d CMakeFiles/EE_code.elf.dir/Drivers/STM32F1xx_HAL_Driver/Src/stm32f1xx_hal_rcc.c.obj
 .ARM.attributes
                0x000003ef       0x2d CMakeFiles/EE_code.elf.dir/Drivers/STM32F1xx_HAL_Driver/Src/stm32f1xx_hal_tim.c.obj
 .ARM.attributes
                0x0000041c       0x2d CMakeFiles/EE_code.elf.dir/Drivers/STM32F1xx_HAL_Driver/Src/stm32f1xx_hal_tim_ex.c.obj
 .ARM.attributes
                0x00000449       0x2d CMakeFiles/EE_code.elf.dir/Drivers/STM32F1xx_HAL_Driver/Src/stm32f1xx_hal_uart.c.obj
 .ARM.attributes
                0x00000476       0x1d d:/enviro~1/gcc-ar~1/102021~1.10/bin/../lib/gcc/arm-none-eabi/10.3.1/thumb/v7-m/nofp\libgcc.a(_arm_addsubdf3.o)
 .ARM.attributes
                0x00000493       0x1d d:/enviro~1/gcc-ar~1/102021~1.10/bin/../lib/gcc/arm-none-eabi/10.3.1/thumb/v7-m/nofp\libgcc.a(_arm_muldivdf3.o)
 .ARM.attributes
                0x000004b0       0x1d d:/enviro~1/gcc-ar~1/102021~1.10/bin/../lib/gcc/arm-none-eabi/10.3.1/thumb/v7-m/nofp\libgcc.a(_arm_truncdfsf2.o)
 .ARM.attributes
                0x000004cd       0x1d d:/enviro~1/gcc-ar~1/102021~1.10/bin/../lib/gcc/arm-none-eabi/10.3.1/thumb/v7-m/nofp\libgcc.a(_arm_addsubsf3.o)
 .ARM.attributes
                0x000004ea       0x1d d:/enviro~1/gcc-ar~1/102021~1.10/bin/../lib/gcc/arm-none-eabi/10.3.1/thumb/v7-m/nofp\libgcc.a(_arm_muldivsf3.o)
 .ARM.attributes
                0x00000507       0x1d d:/enviro~1/gcc-ar~1/102021~1.10/bin/../lib/gcc/arm-none-eabi/10.3.1/thumb/v7-m/nofp\libgcc.a(_arm_cmpsf2.o)
 .ARM.attributes
                0x00000524       0x1d d:/enviro~1/gcc-ar~1/102021~1.10/bin/../lib/gcc/arm-none-eabi/10.3.1/thumb/v7-m/nofp\libgcc.a(_arm_fixsfsi.o)
 .ARM.attributes
                0x00000541       0x1d d:/enviro~1/gcc-ar~1/102021~1.10/bin/../lib/gcc/arm-none-eabi/10.3.1/thumb/v7-m/nofp\libgcc.a(_arm_fixunssfsi.o)
 .ARM.attributes
                0x0000055e       0x2d d:/enviro~1/gcc-ar~1/102021~1.10/bin/../lib/gcc/arm-none-eabi/10.3.1/../../../../arm-none-eabi/lib/thumb/v7-m/nofp\libg.a(lib_a-errno.o)
 .ARM.attributes
                0x0000058b       0x2d d:/enviro~1/gcc-ar~1/102021~1.10/bin/../lib/gcc/arm-none-eabi/10.3.1/../../../../arm-none-eabi/lib/thumb/v7-m/nofp\libg.a(lib_a-impure.o)
 .ARM.attributes
                0x000005b8       0x2d d:/enviro~1/gcc-ar~1/102021~1.10/bin/../lib/gcc/arm-none-eabi/10.3.1/../../../../arm-none-eabi/lib/thumb/v7-m/nofp\libg.a(lib_a-init.o)
 .ARM.attributes
                0x000005e5       0x2d d:/enviro~1/gcc-ar~1/102021~1.10/bin/../lib/gcc/arm-none-eabi/10.3.1/../../../../arm-none-eabi/lib/thumb/v7-m/nofp\libg.a(lib_a-memset.o)
 .ARM.attributes
                0x00000612       0x2d d:/enviro~1/gcc-ar~1/102021~1.10/bin/../lib/gcc/arm-none-eabi/10.3.1/../../../../arm-none-eabi/lib/thumb/v7-m/nofp\libg.a(lib_a-strtod.o)
 .ARM.attributes
                0x0000063f       0x2d d:/enviro~1/gcc-ar~1/102021~1.10/bin/../lib/gcc/arm-none-eabi/10.3.1/../../../../arm-none-eabi/lib/thumb/v7-m/nofp\libg.a(lib_a-vsnprintf.o)
 .ARM.attributes
                0x0000066c       0x2d d:/enviro~1/gcc-ar~1/102021~1.10/bin/../lib/gcc/arm-none-eabi/10.3.1/../../../../arm-none-eabi/lib/thumb/v7-m/nofp\libg.a(lib_a-__call_atexit.o)
 .ARM.attributes
                0x00000699       0x2d d:/enviro~1/gcc-ar~1/102021~1.10/bin/../lib/gcc/arm-none-eabi/10.3.1/../../../../arm-none-eabi/lib/thumb/v7-m/nofp\libg.a(lib_a-atexit.o)
 .ARM.attributes
                0x000006c6       0x2d d:/enviro~1/gcc-ar~1/102021~1.10/bin/../lib/gcc/arm-none-eabi/10.3.1/../../../../arm-none-eabi/lib/thumb/v7-m/nofp\libg.a(lib_a-fini.o)
 .ARM.attributes
                0x000006f3       0x2d d:/enviro~1/gcc-ar~1/102021~1.10/bin/../lib/gcc/arm-none-eabi/10.3.1/../../../../arm-none-eabi/lib/thumb/v7-m/nofp\libg.a(lib_a-gdtoa-gethex.o)
 .ARM.attributes
                0x00000720       0x2d d:/enviro~1/gcc-ar~1/102021~1.10/bin/../lib/gcc/arm-none-eabi/10.3.1/../../../../arm-none-eabi/lib/thumb/v7-m/nofp\libg.a(lib_a-gdtoa-hexnan.o)
 .ARM.attributes
                0x0000074d       0x2d d:/enviro~1/gcc-ar~1/102021~1.10/bin/../lib/gcc/arm-none-eabi/10.3.1/../../../../arm-none-eabi/lib/thumb/v7-m/nofp\libg.a(lib_a-lnumeric.o)
 .ARM.attributes
                0x0000077a       0x2d d:/enviro~1/gcc-ar~1/102021~1.10/bin/../lib/gcc/arm-none-eabi/10.3.1/../../../../arm-none-eabi/lib/thumb/v7-m/nofp\libg.a(lib_a-locale.o)
 .ARM.attributes
                0x000007a7       0x2d d:/enviro~1/gcc-ar~1/102021~1.10/bin/../lib/gcc/arm-none-eabi/10.3.1/../../../../arm-none-eabi/lib/thumb/v7-m/nofp\libg.a(lib_a-lock.o)
 .ARM.attributes
                0x000007d4       0x2d d:/enviro~1/gcc-ar~1/102021~1.10/bin/../lib/gcc/arm-none-eabi/10.3.1/../../../../arm-none-eabi/lib/thumb/v7-m/nofp\libg.a(lib_a-mbtowc_r.o)
 .ARM.attributes